stdClass Object
(
    [data] => Array
        (
            [action] => attack_player
            [_fuser] => 1
            [game_id] => 261
            [attacker] => 519
            [defender] => 520
            [src_ext_id] => CT4303
            [attacker_land_ext_id] => CT4303
            [defender_land_ext_id] => CT4203
        )

    [post_data] => Array
        (
            [action] => attack_player
            [_fuser] => 1
            [game_id] => 261
            [attacker] => 519
            [defender] => 520
            [src_ext_id] => CT4303
            [attacker_land_ext_id] => CT4303
            [defender_land_ext_id] => CT4203
        )

    [error] => 
    [errorno] => 0
    [response] => HTTP/1.1 100 Continue

HTTP/1.1 200 OK
Server: nginx/1.10.3
Date: Thu, 10 Dec 2020 13:32:04 GMT
Content-Type: application/json
Transfer-Encoding: chunked
Connection: keep-alive
X-Robots-Tag: noindex
X-Content-Type-Options: nosniff
Expires: Wed, 11 Jan 1984 05:00:00 GMT
Cache-Control: no-cache, must-revalidate, max-age=0
X-Frame-Options: SAMEORIGIN
Referrer-Policy: strict-origin-when-cross-origin

{
    "status": "KO",
    "errors": [],
    "messages": [
        "Bob Boyd has a defensive strength of 6,302",
        "admin has a attack strength of 1,900",
        "Bob Boyd is victorious.",
        "admin has lost the battle and Lewis Latimer is mourned!"
    ],
    "battle_report": {
        "success": false,
        "winner": "520",
        "loser": "519",
        "lost_card": "IN4302",
        "final_calculated_attack": 1900,
        "final_calculated_defense": 6302
    },
    "new_board": {
        "status": "OK",
        "players": [
            {
                "name": "admin",
                "morale": 800,
                "hand": [],
                "current_move": "0",
                "max_moves": "3",
                "attacks": "3",
                "max_attacks": "3",
                "age": "0",
                "can_attack": "1",
                "can_be_attacked": "1",
                "land_pile": [],
                "draw_pile": [],
                "discard_pile": [],
                "user_id": "1",
                "id": "519",
                "playmat": [
                    [
                        0,
                        0,
                        0,
                        0,
                        0,
                        0,
                        0,
                        0
                    ],
                    [
                        0,
                        0,
                        0,
                        0,
                        0,
                        0,
                        0,
                        0
                    ],
                    [
                        0,
                        0,
                        0,
                        0,
                        0,
                        0,
                        0,
                        0
                    ],
                    [
                        0,
                        0,
                        0,
                        "AC4302",
                        0,
                        0,
                        0,
                        0
                    ],
                    [
                        0,
                        0,
                        0,
                        "MU4301",
                        0,
                        "LE4301",
                        0,
                        0
                    ],
                    [
                        0,
                        0,
                        0,
                        "AR4303",
                        0,
                        "CO4301",
                        "DO4301",
                        0
                    ],
                    [
                        0,
                        0,
                        0,
                        "EX4303",
                        "AR4302",
                        "CT4303",
                        "TE4301",
                        0
                    ],
                    [
                        0,
                        0,
                        0,
                        "CT4303",
                        "CT4301",
                        "CT4302",
                        0,
                        0
                    ]
                ],
                "abilitymat": [
                    [
                        0,
                        0,
                        0,
                        0,
                        0,
                        0,
                        0,
                        0
                    ],
                    [
                        0,
                        0,
                        0,
                        0,
                        0,
                        0,
                        0,
                        0
                    ],
                    [
                        0,
                        0,
                        0,
                        0,
                        0,
                        0,
                        0,
                        0
                    ],
                    [
                        0,
                        0,
                        0,
                        0,
                        0,
                        0,
                        0,
                        0
                    ],
                    [
                        0,
                        0,
                        0,
                        [
                            {
                                "id": "193",
                                "charges": "-1"
                            }
                        ],
                        0,
                        [
                            {
                                "id": "196",
                                "charges": "-1"
                            }
                        ],
                        0,
                        0
                    ],
                    [
                        0,
                        0,
                        0,
                        [
                            {
                                "id": "204",
                                "charges": "1"
                            }
                        ],
                        0,
                        [
                            {
                                "id": "207",
                                "charges": "2"
                            }
                        ],
                        [
                            {
                                "id": "208",
                                "charges": "-1"
                            },
                            {
                                "id": "209",
                                "charges": "-1"
                            }
                        ],
                        0
                    ],
                    [
                        0,
                        0,
                        0,
                        [
                            {
                                "id": "197",
                                "charges": "-1"
                            },
                            {
                                "id": "198",
                                "charges": "-1"
                            }
                        ],
                        0,
                        0,
                        [
                            {
                                "id": "211",
                                "charges": "-1"
                            }
                        ],
                        0
                    ],
                    [
                        0,
                        0,
                        0,
                        0,
                        0,
                        0,
                        0,
                        0
                    ]
                ],
                "damagemat": [
                    [
                        0,
                        0,
                        0,
                        0,
                        0,
                        0,
                        0,
                        0
                    ],
                    [
                        0,
                        0,
                        0,
                        0,
                        0,
                        0,
                        0,
                        0
                    ],
                    [
                        0,
                        0,
                        0,
                        0,
                        0,
                        0,
                        0,
                        0
                    ],
                    [
                        0,
                        0,
                        0,
                        0,
                        0,
                        0,
                        0,
                        0
                    ],
                    [
                        0,
                        0,
                        0,
                        0,
                        0,
                        0,
                        0,
                        0
                    ],
                    [
                        0,
                        0,
                        0,
                        0,
                        0,
                        0,
                        0,
                        0
                    ],
                    [
                        0,
                        0,
                        0,
                        0,
                        0,
                        [
                            [
                                "morale",
                                -100
                            ]
                        ],
                        0,
                        0
                    ],
                    [
                        0,
                        0,
                        0,
                        0,
                        0,
                        0,
                        0,
                        0
                    ]
                ],
                "land_count": 3
            },
            {
                "name": "Bob Boyd",
                "morale": 1500,
                "hand": [],
                "current_move": "0",
                "max_moves": "3",
                "attacks": "3",
                "max_attacks": "3",
                "age": "0",
                "can_attack": "1",
                "can_be_attacked": "1",
                "land_pile": [],
                "draw_pile": [],
                "discard_pile": [],
                "user_id": "2",
                "id": "520",
                "playmat": [
                    [
                        0,
                        0,
                        0,
                        0,
                        0,
                        0,
                        0,
                        0
                    ],
                    [
                        0,
                        0,
                        0,
                        0,
                        0,
                        0,
                        0,
                        0
                    ],
                    [
                        0,
                        0,
                        0,
                        0,
                        0,
                        0,
                        0,
                        0
                    ],
                    [
                        0,
                        0,
                        "AR4204",
                        0,
                        0,
                        0,
                        0,
                        0
                    ],
                    [
                        0,
                        0,
                        "MU2001",
                        "AR4304",
                        "LE4201",
                        "SP3004",
                        0,
                        0
                    ],
                    [
                        0,
                        0,
                        "IN4202",
                        "CO4202",
                        "AR4201",
                        "LE4203",
                        "EV4202",
                        0
                    ],
                    [
                        0,
                        0,
                        "EX4202",
                        "C04201",
                        "EX4205",
                        "CT4303",
                        "KN4201",
                        0
                    ],
                    [
                        0,
                        0,
                        0,
                        "CT4203",
                        "CT4204",
                        "CT4206",
                        0,
                        0
                    ]
                ],
                "abilitymat": [
                    [
                        0,
                        0,
                        0,
                        0,
                        0,
                        0,
                        0,
                        0
                    ],
                    [
                        0,
                        0,
                        0,
                        0,
                        0,
                        0,
                        0,
                        0
                    ],
                    [
                        0,
                        0,
                        0,
                        0,
                        0,
                        0,
                        0,
                        0
                    ],
                    [
                        0,
                        0,
                        [
                            {
                                "id": "126",
                                "charges": "-1"
                            },
                            {
                                "id": "127",
                                "charges": "-1"
                            }
                        ],
                        0,
                        0,
                        0,
                        0,
                        0
                    ],
                    [
                        0,
                        0,
                        [
                            {
                                "id": "137",
                                "charges": "-1"
                            }
                        ],
                        [
                            {
                                "id": "205",
                                "charges": "-1"
                            }
                        ],
                        [
                            {
                                "id": "158",
                                "charges": "-1"
                            },
                            {
                                "id": "159",
                                "charges": "-1"
                            }
                        ],
                        0,
                        0,
                        0
                    ],
                    [
                        0,
                        0,
                        [
                            {
                                "id": "160",
                                "charges": "-1"
                            }
                        ],
                        0,
                        [
                            {
                                "id": "124",
                                "charges": "-1"
                            }
                        ],
                        [
                            {
                                "id": "136",
                                "charges": "-1"
                            }
                        ],
                        [
                            {
                                "id": "133",
                                "charges": "-1"
                            },
                            {
                                "id": "134",
                                "charges": "-1"
                            }
                        ],
                        0
                    ],
                    [
                        0,
                        0,
                        [
                            {
                                "id": "162",
                                "charges": "-1"
                            }
                        ],
                        [
                            {
                                "id": "154",
                                "charges": "1"
                            }
                        ],
                        [
                            {
                                "id": "156",
                                "charges": "-1"
                            },
                            {
                                "id": "157",
                                "charges": "-1"
                            }
                        ],
                        0,
                        [
                            {
                                "id": "153",
                                "charges": "-1"
                            }
                        ],
                        0
                    ],
                    [
                        0,
                        0,
                        0,
                        0,
                        [
                            {
                                "id": "165",
                                "charges": "-1"
                            },
                            {
                                "id": "166",
                                "charges": "0"
                            }
                        ],
                        [
                            {
                                "id": "163",
                                "charges": "-1"
                            },
                            {
                                "id": "164",
                                "charges": "-1"
                            }
                        ],
                        0,
                        0
                    ]
                ],
                "damagemat": [
                    [
                        0,
                        0,
                        0,
                        0,
                        0,
                        0,
                        0,
                        0
                    ],
                    [
                        0,
                        0,
                        0,
                        0,
                        0,
                        0,
                        0,
                        0
                    ],
                    [
                        0,
                        0,
                        0,
                        0,
                        0,
                        0,
                        0,
                        0
                    ],
                    [
                        0,
                        0,
                        0,
                        0,
                        0,
                        0,
                        0,
                        0
                    ],
                    [
                        0,
                        0,
                        0,
                        0,
                        0,
                        0,
                        0,
                        0
                    ],
                    [
                        0,
                        0,
                        0,
                        0,
                        0,
                        0,
                        0,
                        0
                    ],
                    [
                        0,
                        0,
                        0,
                        0,
                        0,
                        0,
                        0,
                        0
                    ],
                    [
                        0,
                        0,
                        0,
                        0,
                        0,
                        0,
                        0,
                        0
                    ]
                ],
                "land_count": 3
            }
        ],
        "errors": [],
        "round": "1",
        "current_player_id": "519"
    },
    "logs": [
        "player_ids=519,520",
        "sql=SELECT * FROM `hc_players` WHERE game_id = 261 AND id IN (519,520);",
        "discardpile for 1 was was null, initializing",
        "discardpile for 2 was was null, initializing",
        "HistoricalConquest\\get_attack_cards_involved src_id = CT4303",
        "HistoricalConquest\\get_row_col_for, mat=[[0,0,0,0,0,0,0,0],[0,0,0,0,0,0,0,0],[0,0,0,0,0,0,0,0],[0,0,0,\"AC4302\",0,\"IN4302\",0,0],[0,0,0,\"MU4301\",0,\"LE4301\",0,0],[0,0,0,\"AR4303\",0,\"CO4301\",\"DO4301\",0],[0,0,0,\"EX4303\",\"AR4302\",\"CT4303\",\"TE4301\",0],[0,0,0,\"CT4303\",\"CT4301\",\"CT4302\",0,0]]",
        "HistoricalConquest\\get_row_col_for id=CT4303, 0",
        "HistoricalConquest\\get_row_col_for id=CT4303, 0",
        "HistoricalConquest\\get_row_col_for id=CT4303, 0",
        "HistoricalConquest\\get_row_col_for id=CT4303, 0",
        "HistoricalConquest\\get_row_col_for id=CT4303, 0",
        "HistoricalConquest\\get_row_col_for id=CT4303, 0",
        "HistoricalConquest\\get_row_col_for id=CT4303, 0",
        "HistoricalConquest\\get_row_col_for id=CT4303, 0",
        "HistoricalConquest\\get_row_col_for id=CT4303, 0",
        "HistoricalConquest\\get_row_col_for id=CT4303, 0",
        "HistoricalConquest\\get_row_col_for id=CT4303, 0",
        "HistoricalConquest\\get_row_col_for id=CT4303, 0",
        "HistoricalConquest\\get_row_col_for id=CT4303, 0",
        "HistoricalConquest\\get_row_col_for id=CT4303, 0",
        "HistoricalConquest\\get_row_col_for id=CT4303, 0",
        "HistoricalConquest\\get_row_col_for id=CT4303, 0",
        "HistoricalConquest\\get_row_col_for id=CT4303, 0",
        "HistoricalConquest\\get_row_col_for id=CT4303, 0",
        "HistoricalConquest\\get_row_col_for id=CT4303, 0",
        "HistoricalConquest\\get_row_col_for id=CT4303, 0",
        "HistoricalConquest\\get_row_col_for id=CT4303, 0",
        "HistoricalConquest\\get_row_col_for id=CT4303, 0",
        "HistoricalConquest\\get_row_col_for id=CT4303, 0",
        "HistoricalConquest\\get_row_col_for id=CT4303, 0",
        "HistoricalConquest\\get_row_col_for id=CT4303, 0",
        "HistoricalConquest\\get_row_col_for id=CT4303, 0",
        "HistoricalConquest\\get_row_col_for id=CT4303, 0",
        "HistoricalConquest\\get_row_col_for id=CT4303, AC4302",
        "HistoricalConquest\\get_row_col_for id=CT4303, 0",
        "HistoricalConquest\\get_row_col_for id=CT4303, IN4302",
        "HistoricalConquest\\get_row_col_for id=CT4303, 0",
        "HistoricalConquest\\get_row_col_for id=CT4303, 0",
        "HistoricalConquest\\get_row_col_for id=CT4303, 0",
        "HistoricalConquest\\get_row_col_for id=CT4303, 0",
        "HistoricalConquest\\get_row_col_for id=CT4303, 0",
        "HistoricalConquest\\get_row_col_for id=CT4303, MU4301",
        "HistoricalConquest\\get_row_col_for id=CT4303, 0",
        "HistoricalConquest\\get_row_col_for id=CT4303, LE4301",
        "HistoricalConquest\\get_row_col_for id=CT4303, 0",
        "HistoricalConquest\\get_row_col_for id=CT4303, 0",
        "HistoricalConquest\\get_row_col_for id=CT4303, 0",
        "HistoricalConquest\\get_row_col_for id=CT4303, 0",
        "HistoricalConquest\\get_row_col_for id=CT4303, 0",
        "HistoricalConquest\\get_row_col_for id=CT4303, AR4303",
        "HistoricalConquest\\get_row_col_for id=CT4303, 0",
        "HistoricalConquest\\get_row_col_for id=CT4303, CO4301",
        "HistoricalConquest\\get_row_col_for id=CT4303, DO4301",
        "HistoricalConquest\\get_row_col_for id=CT4303, 0",
        "HistoricalConquest\\get_row_col_for id=CT4303, 0",
        "HistoricalConquest\\get_row_col_for id=CT4303, 0",
        "HistoricalConquest\\get_row_col_for id=CT4303, 0",
        "HistoricalConquest\\get_row_col_for id=CT4303, EX4303",
        "HistoricalConquest\\get_row_col_for id=CT4303, AR4302",
        "HistoricalConquest\\get_row_col_for id=CT4303, CT4303",
        "Returning {\"row\":6,\"col\":5}",
        "HistoricalConquest\\get_attack_cards_involved, {\"row\":6,\"col\":5}",
        "HistoricalConquest\\attack_player There are 7 card involved in the attack",
        "HistoricalConquest\\attack_playercards_involved=IN4302,LE4301,CO4301,DO4301,CT4303,TE4301,CT4302",
        "HistoricalConquest\\attack_playerdefs=",
        "HistoricalConquest\\get_row_col_for, mat=[[0,0,0,0,0,0,0,0],[0,0,0,0,0,0,0,0],[0,0,0,0,0,0,0,0],[0,0,0,\"AC4302\",0,\"IN4302\",0,0],[0,0,0,\"MU4301\",0,\"LE4301\",0,0],[0,0,0,\"AR4303\",0,\"CO4301\",\"DO4301\",0],[0,0,0,\"EX4303\",\"AR4302\",\"CT4303\",\"TE4301\",0],[0,0,0,\"CT4303\",\"CT4301\",\"CT4302\",0,0]]",
        "HistoricalConquest\\get_row_col_for id=CT4303, 0",
        "HistoricalConquest\\get_row_col_for id=CT4303, 0",
        "HistoricalConquest\\get_row_col_for id=CT4303, 0",
        "HistoricalConquest\\get_row_col_for id=CT4303, 0",
        "HistoricalConquest\\get_row_col_for id=CT4303, 0",
        "HistoricalConquest\\get_row_col_for id=CT4303, 0",
        "HistoricalConquest\\get_row_col_for id=CT4303, 0",
        "HistoricalConquest\\get_row_col_for id=CT4303, 0",
        "HistoricalConquest\\get_row_col_for id=CT4303, 0",
        "HistoricalConquest\\get_row_col_for id=CT4303, 0",
        "HistoricalConquest\\get_row_col_for id=CT4303, 0",
        "HistoricalConquest\\get_row_col_for id=CT4303, 0",
        "HistoricalConquest\\get_row_col_for id=CT4303, 0",
        "HistoricalConquest\\get_row_col_for id=CT4303, 0",
        "HistoricalConquest\\get_row_col_for id=CT4303, 0",
        "HistoricalConquest\\get_row_col_for id=CT4303, 0",
        "HistoricalConquest\\get_row_col_for id=CT4303, 0",
        "HistoricalConquest\\get_row_col_for id=CT4303, 0",
        "HistoricalConquest\\get_row_col_for id=CT4303, 0",
        "HistoricalConquest\\get_row_col_for id=CT4303, 0",
        "HistoricalConquest\\get_row_col_for id=CT4303, 0",
        "HistoricalConquest\\get_row_col_for id=CT4303, 0",
        "HistoricalConquest\\get_row_col_for id=CT4303, 0",
        "HistoricalConquest\\get_row_col_for id=CT4303, 0",
        "HistoricalConquest\\get_row_col_for id=CT4303, 0",
        "HistoricalConquest\\get_row_col_for id=CT4303, 0",
        "HistoricalConquest\\get_row_col_for id=CT4303, 0",
        "HistoricalConquest\\get_row_col_for id=CT4303, AC4302",
        "HistoricalConquest\\get_row_col_for id=CT4303, 0",
        "HistoricalConquest\\get_row_col_for id=CT4303, IN4302",
        "HistoricalConquest\\get_row_col_for id=CT4303, 0",
        "HistoricalConquest\\get_row_col_for id=CT4303, 0",
        "HistoricalConquest\\get_row_col_for id=CT4303, 0",
        "HistoricalConquest\\get_row_col_for id=CT4303, 0",
        "HistoricalConquest\\get_row_col_for id=CT4303, 0",
        "HistoricalConquest\\get_row_col_for id=CT4303, MU4301",
        "HistoricalConquest\\get_row_col_for id=CT4303, 0",
        "HistoricalConquest\\get_row_col_for id=CT4303, LE4301",
        "HistoricalConquest\\get_row_col_for id=CT4303, 0",
        "HistoricalConquest\\get_row_col_for id=CT4303, 0",
        "HistoricalConquest\\get_row_col_for id=CT4303, 0",
        "HistoricalConquest\\get_row_col_for id=CT4303, 0",
        "HistoricalConquest\\get_row_col_for id=CT4303, 0",
        "HistoricalConquest\\get_row_col_for id=CT4303, AR4303",
        "HistoricalConquest\\get_row_col_for id=CT4303, 0",
        "HistoricalConquest\\get_row_col_for id=CT4303, CO4301",
        "HistoricalConquest\\get_row_col_for id=CT4303, DO4301",
        "HistoricalConquest\\get_row_col_for id=CT4303, 0",
        "HistoricalConquest\\get_row_col_for id=CT4303, 0",
        "HistoricalConquest\\get_row_col_for id=CT4303, 0",
        "HistoricalConquest\\get_row_col_for id=CT4303, 0",
        "HistoricalConquest\\get_row_col_for id=CT4303, EX4303",
        "HistoricalConquest\\get_row_col_for id=CT4303, AR4302",
        "HistoricalConquest\\get_row_col_for id=CT4303, CT4303",
        "Returning {\"row\":6,\"col\":5}",
        "HistoricalConquest\\mat_item_to_ability: SELECT * FROM `hc_card_abilities` WHERE id = 193",
        "HistoricalConquest\\mat_item_to_ability: stdClass Object\n(\n    [id] => 193\n    [card_id] => 144\n    [created_at] => 2020-08-09 03:11:30\n    [updated_at] => \n    [apply_to_type] => 49\n    [apply_to_scope] => 44\n    [usage_type] => 0\n    [ability_type] => 0\n    [affects_attribute] => morale\n    [affect_amount] => 200\n    [apply_to_ext_ids] => \n    [apply_to_card_types] => \n    [ext_ids_present_in_colum] => \n    [custom_function] => \n    [named_function] => \n    [charges] => -1\n    [description] => Increase morale by 200.\n)\n",
        "HistoricalConquest\\mat_item_to_ability: SELECT * FROM `hc_card_abilities` WHERE id = 196",
        "HistoricalConquest\\mat_item_to_ability: stdClass Object\n(\n    [id] => 196\n    [card_id] => 139\n    [created_at] => 2020-08-09 03:15:15\n    [updated_at] => \n    [apply_to_type] => 49\n    [apply_to_scope] => 44\n    [usage_type] => 0\n    [ability_type] => 0\n    [affects_attribute] => morale\n    [affect_amount] => 300\n    [apply_to_ext_ids] => \n    [apply_to_card_types] => \n    [ext_ids_present_in_colum] => \n    [custom_function] => \n    [named_function] => \n    [charges] => -1\n    [description] => Increase morale by 300.\n)\n",
        "HistoricalConquest\\mat_item_to_ability: SELECT * FROM `hc_card_abilities` WHERE id = 204",
        "HistoricalConquest\\mat_item_to_ability: stdClass Object\n(\n    [id] => 204\n    [card_id] => 107\n    [created_at] => 2020-08-10 01:59:22\n    [updated_at] => \n    [apply_to_type] => 49\n    [apply_to_scope] => 47\n    [usage_type] => 0\n    [ability_type] => 0\n    [affects_attribute] => strength\n    [affect_amount] => 500\n    [apply_to_ext_ids] => \n    [apply_to_card_types] => \n    [ext_ids_present_in_colum] => \n    [custom_function] => \n    [named_function] => \n    [charges] => 1\n    [description] => Increase strength by 300 on the first attack.\n)\n",
        "HistoricalConquest\\mat_item_to_ability: SELECT * FROM `hc_card_abilities` WHERE id = 207",
        "HistoricalConquest\\mat_item_to_ability: stdClass Object\n(\n    [id] => 207\n    [card_id] => 115\n    [created_at] => 2020-08-10 02:02:59\n    [updated_at] => \n    [apply_to_type] => 49\n    [apply_to_scope] => 44\n    [usage_type] => 0\n    [ability_type] => 0\n    [affects_attribute] => strength\n    [affect_amount] => 500\n    [apply_to_ext_ids] => \n    [apply_to_card_types] => \n    [ext_ids_present_in_colum] => \n    [custom_function] => \n    [named_function] => \n    [charges] => 2\n    [description] => Strength increases by 500 for 2 turns.\n)\n",
        "HistoricalConquest\\mat_item_to_ability: SELECT * FROM `hc_card_abilities` WHERE id = 208",
        "HistoricalConquest\\mat_item_to_ability: stdClass Object\n(\n    [id] => 208\n    [card_id] => 124\n    [created_at] => 2020-08-10 02:05:18\n    [updated_at] => \n    [apply_to_type] => 49\n    [apply_to_scope] => 44\n    [usage_type] => 0\n    [ability_type] => 0\n    [affects_attribute] => morale\n    [affect_amount] => 200\n    [apply_to_ext_ids] => \n    [apply_to_card_types] => \n    [ext_ids_present_in_colum] => \n    [custom_function] => \n    [named_function] => \n    [charges] => -1\n    [description] => Increase morale by 200.\n)\n",
        "HistoricalConquest\\mat_item_to_ability: SELECT * FROM `hc_card_abilities` WHERE id = 209",
        "HistoricalConquest\\mat_item_to_ability: stdClass Object\n(\n    [id] => 209\n    [card_id] => 124\n    [created_at] => 2020-08-10 02:05:18\n    [updated_at] => \n    [apply_to_type] => 49\n    [apply_to_scope] => 44\n    [usage_type] => 0\n    [ability_type] => 0\n    [affects_attribute] => defense\n    [affect_amount] => 300\n    [apply_to_ext_ids] => \n    [apply_to_card_types] => \n    [ext_ids_present_in_colum] => \n    [custom_function] => \n    [named_function] => \n    [charges] => -1\n    [description] => Increase defense by 300.\n)\n",
        "HistoricalConquest\\mat_item_to_ability: SELECT * FROM `hc_card_abilities` WHERE id = 197",
        "HistoricalConquest\\mat_item_to_ability: stdClass Object\n(\n    [id] => 197\n    [card_id] => 133\n    [created_at] => 2020-08-09 03:17:18\n    [updated_at] => \n    [apply_to_type] => 52\n    [apply_to_scope] => 44\n    [usage_type] => 0\n    [ability_type] => 0\n    [affects_attribute] => morale\n    [affect_amount] => 100\n    [apply_to_ext_ids] => \n    [apply_to_card_types] => *NORTH_AMERICA\n    [ext_ids_present_in_colum] => \n    [custom_function] => \n    [named_function] => \n    [charges] => -1\n    [description] => Increase morale by 100 if in North America.\n)\n",
        "HistoricalConquest\\mat_item_to_ability: SELECT * FROM `hc_card_abilities` WHERE id = 198",
        "HistoricalConquest\\mat_item_to_ability: stdClass Object\n(\n    [id] => 198\n    [card_id] => 133\n    [created_at] => 2020-08-09 03:17:18\n    [updated_at] => \n    [apply_to_type] => 52\n    [apply_to_scope] => 44\n    [usage_type] => 0\n    [ability_type] => 0\n    [affects_attribute] => morale\n    [affect_amount] => 200\n    [apply_to_ext_ids] => \n    [apply_to_card_types] => *ASIA\n    [ext_ids_present_in_colum] => \n    [custom_function] => \n    [named_function] => \n    [charges] => -1\n    [description] => Increase morale by 200 if in Asia.\n)\n",
        "HistoricalConquest\\mat_item_to_ability: SELECT * FROM `hc_card_abilities` WHERE id = 211",
        "HistoricalConquest\\mat_item_to_ability: stdClass Object\n(\n    [id] => 211\n    [card_id] => 151\n    [created_at] => 2020-08-10 02:06:45\n    [updated_at] => \n    [apply_to_type] => 49\n    [apply_to_scope] => 44\n    [usage_type] => 0\n    [ability_type] => 0\n    [affects_attribute] => defense\n    [affect_amount] => 200\n    [apply_to_ext_ids] => \n    [apply_to_card_types] => \n    [ext_ids_present_in_colum] => \n    [custom_function] => \n    [named_function] => \n    [charges] => -1\n    [description] => Increase strength by 200.\n)\n",
        "HistoricalConquest\\attack_player Final Calculated attack: 1900",
        "HistoricalConquest\\get_attack_cards_involved src_id = CT4203",
        "HistoricalConquest\\get_row_col_for, mat=[[0,0,0,0,0,0,0,0],[0,0,0,0,0,0,0,0],[0,0,0,0,0,0,0,0],[0,0,\"AR4204\",0,0,0,0,0],[0,0,\"MU2001\",\"AR4304\",\"LE4201\",\"SP3004\",0,0],[0,0,\"IN4202\",\"CO4202\",\"AR4201\",\"LE4203\",\"EV4202\",0],[0,0,\"EX4202\",\"C04201\",\"EX4205\",\"CT4303\",\"KN4201\",0],[0,0,0,\"CT4203\",\"CT4204\",\"CT4206\",0,0]]",
        "HistoricalConquest\\get_row_col_for id=CT4203, 0",
        "HistoricalConquest\\get_row_col_for id=CT4203, 0",
        "HistoricalConquest\\get_row_col_for id=CT4203, 0",
        "HistoricalConquest\\get_row_col_for id=CT4203, 0",
        "HistoricalConquest\\get_row_col_for id=CT4203, 0",
        "HistoricalConquest\\get_row_col_for id=CT4203, 0",
        "HistoricalConquest\\get_row_col_for id=CT4203, 0",
        "HistoricalConquest\\get_row_col_for id=CT4203, 0",
        "HistoricalConquest\\get_row_col_for id=CT4203, 0",
        "HistoricalConquest\\get_row_col_for id=CT4203, 0",
        "HistoricalConquest\\get_row_col_for id=CT4203, 0",
        "HistoricalConquest\\get_row_col_for id=CT4203, 0",
        "HistoricalConquest\\get_row_col_for id=CT4203, 0",
        "HistoricalConquest\\get_row_col_for id=CT4203, 0",
        "HistoricalConquest\\get_row_col_for id=CT4203, 0",
        "HistoricalConquest\\get_row_col_for id=CT4203, 0",
        "HistoricalConquest\\get_row_col_for id=CT4203, 0",
        "HistoricalConquest\\get_row_col_for id=CT4203, 0",
        "HistoricalConquest\\get_row_col_for id=CT4203, 0",
        "HistoricalConquest\\get_row_col_for id=CT4203, 0",
        "HistoricalConquest\\get_row_col_for id=CT4203, 0",
        "HistoricalConquest\\get_row_col_for id=CT4203, 0",
        "HistoricalConquest\\get_row_col_for id=CT4203, 0",
        "HistoricalConquest\\get_row_col_for id=CT4203, 0",
        "HistoricalConquest\\get_row_col_for id=CT4203, 0",
        "HistoricalConquest\\get_row_col_for id=CT4203, 0",
        "HistoricalConquest\\get_row_col_for id=CT4203, AR4204",
        "HistoricalConquest\\get_row_col_for id=CT4203, 0",
        "HistoricalConquest\\get_row_col_for id=CT4203, 0",
        "HistoricalConquest\\get_row_col_for id=CT4203, 0",
        "HistoricalConquest\\get_row_col_for id=CT4203, 0",
        "HistoricalConquest\\get_row_col_for id=CT4203, 0",
        "HistoricalConquest\\get_row_col_for id=CT4203, 0",
        "HistoricalConquest\\get_row_col_for id=CT4203, 0",
        "HistoricalConquest\\get_row_col_for id=CT4203, MU2001",
        "HistoricalConquest\\get_row_col_for id=CT4203, AR4304",
        "HistoricalConquest\\get_row_col_for id=CT4203, LE4201",
        "HistoricalConquest\\get_row_col_for id=CT4203, SP3004",
        "HistoricalConquest\\get_row_col_for id=CT4203, 0",
        "HistoricalConquest\\get_row_col_for id=CT4203, 0",
        "HistoricalConquest\\get_row_col_for id=CT4203, 0",
        "HistoricalConquest\\get_row_col_for id=CT4203, 0",
        "HistoricalConquest\\get_row_col_for id=CT4203, IN4202",
        "HistoricalConquest\\get_row_col_for id=CT4203, CO4202",
        "HistoricalConquest\\get_row_col_for id=CT4203, AR4201",
        "HistoricalConquest\\get_row_col_for id=CT4203, LE4203",
        "HistoricalConquest\\get_row_col_for id=CT4203, EV4202",
        "HistoricalConquest\\get_row_col_for id=CT4203, 0",
        "HistoricalConquest\\get_row_col_for id=CT4203, 0",
        "HistoricalConquest\\get_row_col_for id=CT4203, 0",
        "HistoricalConquest\\get_row_col_for id=CT4203, EX4202",
        "HistoricalConquest\\get_row_col_for id=CT4203, C04201",
        "HistoricalConquest\\get_row_col_for id=CT4203, EX4205",
        "HistoricalConquest\\get_row_col_for id=CT4203, CT4303",
        "HistoricalConquest\\get_row_col_for id=CT4203, KN4201",
        "HistoricalConquest\\get_row_col_for id=CT4203, 0",
        "HistoricalConquest\\get_row_col_for id=CT4203, 0",
        "HistoricalConquest\\get_row_col_for id=CT4203, 0",
        "HistoricalConquest\\get_row_col_for id=CT4203, 0",
        "HistoricalConquest\\get_row_col_for id=CT4203, CT4203",
        "Returning {\"row\":7,\"col\":3}",
        "HistoricalConquest\\get_attack_cards_involved, {\"row\":7,\"col\":3}",
        "HistoricalConquest\\attack_player There are 6 cards involved in the defense",
        "HistoricalConquest\\get_row_col_for, mat=[[0,0,0,0,0,0,0,0],[0,0,0,0,0,0,0,0],[0,0,0,0,0,0,0,0],[0,0,\"AR4204\",0,0,0,0,0],[0,0,\"MU2001\",\"AR4304\",\"LE4201\",\"SP3004\",0,0],[0,0,\"IN4202\",\"CO4202\",\"AR4201\",\"LE4203\",\"EV4202\",0],[0,0,\"EX4202\",\"C04201\",\"EX4205\",\"CT4303\",\"KN4201\",0],[0,0,0,\"CT4203\",\"CT4204\",\"CT4206\",0,0]]",
        "HistoricalConquest\\get_row_col_for id=CT4203, 0",
        "HistoricalConquest\\get_row_col_for id=CT4203, 0",
        "HistoricalConquest\\get_row_col_for id=CT4203, 0",
        "HistoricalConquest\\get_row_col_for id=CT4203, 0",
        "HistoricalConquest\\get_row_col_for id=CT4203, 0",
        "HistoricalConquest\\get_row_col_for id=CT4203, 0",
        "HistoricalConquest\\get_row_col_for id=CT4203, 0",
        "HistoricalConquest\\get_row_col_for id=CT4203, 0",
        "HistoricalConquest\\get_row_col_for id=CT4203, 0",
        "HistoricalConquest\\get_row_col_for id=CT4203, 0",
        "HistoricalConquest\\get_row_col_for id=CT4203, 0",
        "HistoricalConquest\\get_row_col_for id=CT4203, 0",
        "HistoricalConquest\\get_row_col_for id=CT4203, 0",
        "HistoricalConquest\\get_row_col_for id=CT4203, 0",
        "HistoricalConquest\\get_row_col_for id=CT4203, 0",
        "HistoricalConquest\\get_row_col_for id=CT4203, 0",
        "HistoricalConquest\\get_row_col_for id=CT4203, 0",
        "HistoricalConquest\\get_row_col_for id=CT4203, 0",
        "HistoricalConquest\\get_row_col_for id=CT4203, 0",
        "HistoricalConquest\\get_row_col_for id=CT4203, 0",
        "HistoricalConquest\\get_row_col_for id=CT4203, 0",
        "HistoricalConquest\\get_row_col_for id=CT4203, 0",
        "HistoricalConquest\\get_row_col_for id=CT4203, 0",
        "HistoricalConquest\\get_row_col_for id=CT4203, 0",
        "HistoricalConquest\\get_row_col_for id=CT4203, 0",
        "HistoricalConquest\\get_row_col_for id=CT4203, 0",
        "HistoricalConquest\\get_row_col_for id=CT4203, AR4204",
        "HistoricalConquest\\get_row_col_for id=CT4203, 0",
        "HistoricalConquest\\get_row_col_for id=CT4203, 0",
        "HistoricalConquest\\get_row_col_for id=CT4203, 0",
        "HistoricalConquest\\get_row_col_for id=CT4203, 0",
        "HistoricalConquest\\get_row_col_for id=CT4203, 0",
        "HistoricalConquest\\get_row_col_for id=CT4203, 0",
        "HistoricalConquest\\get_row_col_for id=CT4203, 0",
        "HistoricalConquest\\get_row_col_for id=CT4203, MU2001",
        "HistoricalConquest\\get_row_col_for id=CT4203, AR4304",
        "HistoricalConquest\\get_row_col_for id=CT4203, LE4201",
        "HistoricalConquest\\get_row_col_for id=CT4203, SP3004",
        "HistoricalConquest\\get_row_col_for id=CT4203, 0",
        "HistoricalConquest\\get_row_col_for id=CT4203, 0",
        "HistoricalConquest\\get_row_col_for id=CT4203, 0",
        "HistoricalConquest\\get_row_col_for id=CT4203, 0",
        "HistoricalConquest\\get_row_col_for id=CT4203, IN4202",
        "HistoricalConquest\\get_row_col_for id=CT4203, CO4202",
        "HistoricalConquest\\get_row_col_for id=CT4203, AR4201",
        "HistoricalConquest\\get_row_col_for id=CT4203, LE4203",
        "HistoricalConquest\\get_row_col_for id=CT4203, EV4202",
        "HistoricalConquest\\get_row_col_for id=CT4203, 0",
        "HistoricalConquest\\get_row_col_for id=CT4203, 0",
        "HistoricalConquest\\get_row_col_for id=CT4203, 0",
        "HistoricalConquest\\get_row_col_for id=CT4203, EX4202",
        "HistoricalConquest\\get_row_col_for id=CT4203, C04201",
        "HistoricalConquest\\get_row_col_for id=CT4203, EX4205",
        "HistoricalConquest\\get_row_col_for id=CT4203, CT4303",
        "HistoricalConquest\\get_row_col_for id=CT4203, KN4201",
        "HistoricalConquest\\get_row_col_for id=CT4203, 0",
        "HistoricalConquest\\get_row_col_for id=CT4203, 0",
        "HistoricalConquest\\get_row_col_for id=CT4203, 0",
        "HistoricalConquest\\get_row_col_for id=CT4203, 0",
        "HistoricalConquest\\get_row_col_for id=CT4203, CT4203",
        "Returning {\"row\":7,\"col\":3}",
        "HistoricalConquest\\mat_item_to_ability: SELECT * FROM `hc_card_abilities` WHERE id = 126",
        "HistoricalConquest\\mat_item_to_ability: stdClass Object\n(\n    [id] => 126\n    [card_id] => 57\n    [created_at] => 2020-08-06 02:36:26\n    [updated_at] => \n    [apply_to_type] => 52\n    [apply_to_scope] => 44\n    [usage_type] => 0\n    [ability_type] => 0\n    [affects_attribute] => defense\n    [affect_amount] => 1000\n    [apply_to_ext_ids] => \n    [apply_to_card_types] => *HISPANIC & *LEADER\n    [ext_ids_present_in_colum] => \n    [custom_function] => \n    [named_function] => \n    [charges] => -1\n    [description] => If the Spanish Armada  is defending an Hispanic Leader, increase defense by 1,000.\n)\n",
        "HistoricalConquest\\mat_item_to_ability: SELECT * FROM `hc_card_abilities` WHERE id = 127",
        "HistoricalConquest\\mat_item_to_ability: stdClass Object\n(\n    [id] => 127\n    [card_id] => 57\n    [created_at] => 2020-08-06 02:36:26\n    [updated_at] => \n    [apply_to_type] => 52\n    [apply_to_scope] => 44\n    [usage_type] => 0\n    [ability_type] => 0\n    [affects_attribute] => defense\n    [affect_amount] => -500\n    [apply_to_ext_ids] => \n    [apply_to_card_types] => *HISPANIC & *LEADER\n    [ext_ids_present_in_colum] => \n    [custom_function] => \n    [named_function] => \n    [charges] => -1\n    [description] => If the Spanish Armada  is defending an Hispanic Leader, decrease attack by 500.\n)\n",
        "HistoricalConquest\\mat_item_to_ability: SELECT * FROM `hc_card_abilities` WHERE id = 137",
        "HistoricalConquest\\mat_item_to_ability: stdClass Object\n(\n    [id] => 137\n    [card_id] => 93\n    [created_at] => 2020-08-06 02:49:18\n    [updated_at] => \n    [apply_to_type] => 49\n    [apply_to_scope] => 44\n    [usage_type] => 0\n    [ability_type] => 0\n    [affects_attribute] => morale\n    [affect_amount] => 300\n    [apply_to_ext_ids] => \n    [apply_to_card_types] => \n    [ext_ids_present_in_colum] => \n    [custom_function] => \n    [named_function] => \n    [charges] => -1\n    [description] => Increase morale by 300.\n)\n",
        "HistoricalConquest\\mat_item_to_ability: SELECT * FROM `hc_card_abilities` WHERE id = 205",
        "HistoricalConquest\\mat_item_to_ability: stdClass Object\n(\n    [id] => 205\n    [card_id] => 108\n    [created_at] => 2020-08-10 02:00:26\n    [updated_at] => \n    [apply_to_type] => 52\n    [apply_to_scope] => 44\n    [usage_type] => 0\n    [ability_type] => 0\n    [affects_attribute] => strength\n    [affect_amount] => 500\n    [apply_to_ext_ids] => \n    [apply_to_card_types] => *ASIA\n    [ext_ids_present_in_colum] => \n    [custom_function] => \n    [named_function] => \n    [charges] => -1\n    [description] => Increase strength by 500 when in an Asian land.\n)\n",
        "HistoricalConquest\\mat_item_to_ability: SELECT * FROM `hc_card_abilities` WHERE id = 158",
        "HistoricalConquest\\mat_item_to_ability: stdClass Object\n(\n    [id] => 158\n    [card_id] => 88\n    [created_at] => 2020-08-06 18:44:22\n    [updated_at] => \n    [apply_to_type] => 49\n    [apply_to_scope] => 44\n    [usage_type] => 0\n    [ability_type] => 0\n    [affects_attribute] => morale\n    [affect_amount] => 100\n    [apply_to_ext_ids] => \n    [apply_to_card_types] => \n    [ext_ids_present_in_colum] => \n    [custom_function] => \n    [named_function] => \n    [charges] => -1\n    [description] => Increase morale by 100.\n)\n",
        "HistoricalConquest\\mat_item_to_ability: SELECT * FROM `hc_card_abilities` WHERE id = 159",
        "HistoricalConquest\\mat_item_to_ability: stdClass Object\n(\n    [id] => 159\n    [card_id] => 88\n    [created_at] => 2020-08-06 18:44:22\n    [updated_at] => \n    [apply_to_type] => 55\n    [apply_to_scope] => 44\n    [usage_type] => 0\n    [ability_type] => 0\n    [affects_attribute] => strength\n    [affect_amount] => 2\n    [apply_to_ext_ids] => \n    [apply_to_card_types] => *FEMALE & *LEADER\n    [ext_ids_present_in_colum] => \n    [custom_function] => \n    [named_function] => multiply_card_abilities\n    [charges] => -1\n    [description] => Double the strength of all female leaders in your civilization.\n)\n",
        "HistoricalConquest\\mat_item_to_ability: SELECT * FROM `hc_card_abilities` WHERE id = 160",
        "HistoricalConquest\\mat_item_to_ability: stdClass Object\n(\n    [id] => 160\n    [card_id] => 86\n    [created_at] => 2020-08-06 18:44:50\n    [updated_at] => \n    [apply_to_type] => 49\n    [apply_to_scope] => 44\n    [usage_type] => 0\n    [ability_type] => 0\n    [affects_attribute] => morale\n    [affect_amount] => 300\n    [apply_to_ext_ids] => \n    [apply_to_card_types] => \n    [ext_ids_present_in_colum] => \n    [custom_function] => \n    [named_function] => \n    [charges] => -1\n    [description] => Increase morale by 300 points.\n)\n",
        "HistoricalConquest\\mat_item_to_ability: SELECT * FROM `hc_card_abilities` WHERE id = 124",
        "HistoricalConquest\\mat_item_to_ability: stdClass Object\n(\n    [id] => 124\n    [card_id] => 54\n    [created_at] => 2020-08-06 02:32:17\n    [updated_at] => \n    [apply_to_type] => 52\n    [apply_to_scope] => 44\n    [usage_type] => 0\n    [ability_type] => 0\n    [affects_attribute] => strength\n    [affect_amount] => 1000\n    [apply_to_ext_ids] => \n    [apply_to_card_types] => *AFRICA\n    [ext_ids_present_in_colum] => \n    [custom_function] => \n    [named_function] => \n    [charges] => -1\n    [description] => Increase strength by 1,000 if in Africa.\n)\n",
        "HistoricalConquest\\mat_item_to_ability: SELECT * FROM `hc_card_abilities` WHERE id = 136",
        "HistoricalConquest\\mat_item_to_ability: stdClass Object\n(\n    [id] => 136\n    [card_id] => 90\n    [created_at] => 2020-08-06 02:48:55\n    [updated_at] => \n    [apply_to_type] => 52\n    [apply_to_scope] => 44\n    [usage_type] => 0\n    [ability_type] => 0\n    [affects_attribute] => strength\n    [affect_amount] => 500\n    [apply_to_ext_ids] => \n    [apply_to_card_types] => *CONQUEROR\n    [ext_ids_present_in_colum] => \n    [custom_function] => \n    [named_function] => \n    [charges] => -1\n    [description] => Increase strength by 500 in a land with a conqueror.\n)\n",
        "HistoricalConquest\\mat_item_to_ability: SELECT * FROM `hc_card_abilities` WHERE id = 133",
        "HistoricalConquest\\mat_item_to_ability: stdClass Object\n(\n    [id] => 133\n    [card_id] => 77\n    [created_at] => 2020-08-06 02:44:33\n    [updated_at] => \n    [apply_to_type] => 52\n    [apply_to_scope] => 45\n    [usage_type] => 64\n    [ability_type] => 66\n    [affects_attribute] => attack\n    [affect_amount] => 1600\n    [apply_to_ext_ids] => \n    [apply_to_card_types] => *SPIRITUAL_LEADER\n    [ext_ids_present_in_colum] => \n    [custom_function] => \n    [named_function] => \n    [charges] => -1\n    [description] => Increase attack by 1,600 for any spiritual leader.\n)\n",
        "HistoricalConquest\\mat_item_to_ability: SELECT * FROM `hc_card_abilities` WHERE id = 134",
        "HistoricalConquest\\mat_item_to_ability: stdClass Object\n(\n    [id] => 134\n    [card_id] => 77\n    [created_at] => 2020-08-06 02:44:33\n    [updated_at] => \n    [apply_to_type] => 52\n    [apply_to_scope] => 45\n    [usage_type] => 64\n    [ability_type] => 66\n    [affects_attribute] => defense\n    [affect_amount] => 1600\n    [apply_to_ext_ids] => \n    [apply_to_card_types] => *SPIRITUAL_LEADER\n    [ext_ids_present_in_colum] => \n    [custom_function] => \n    [named_function] => \n    [charges] => -1\n    [description] => Increase attack by 1,600 for any spiritual leader.\n)\n",
        "HistoricalConquest\\mat_item_to_ability: SELECT * FROM `hc_card_abilities` WHERE id = 162",
        "HistoricalConquest\\mat_item_to_ability: stdClass Object\n(\n    [id] => 162\n    [card_id] => 81\n    [created_at] => 2020-08-06 18:48:10\n    [updated_at] => \n    [apply_to_type] => 49\n    [apply_to_scope] => 45\n    [usage_type] => 98\n    [ability_type] => 65\n    [affects_attribute] => morale\n    [affect_amount] => 300\n    [apply_to_ext_ids] => \n    [apply_to_card_types] => \n    [ext_ids_present_in_colum] => \n    [custom_function] => \n    [named_function] => \n    [charges] => -1\n    [description] => Increase morale by 300. If you\\'re about to lose a land, move any one character to another land.\n)\n",
        "HistoricalConquest\\mat_item_to_ability: SELECT * FROM `hc_card_abilities` WHERE id = 154",
        "HistoricalConquest\\mat_item_to_ability: stdClass Object\n(\n    [id] => 154\n    [card_id] => 64\n    [created_at] => 2020-08-06 18:40:10\n    [updated_at] => \n    [apply_to_type] => 54\n    [apply_to_scope] => 47\n    [usage_type] => 0\n    [ability_type] => 0\n    [affects_attribute] => strength\n    [affect_amount] => 2\n    [apply_to_ext_ids] => \n    [apply_to_card_types] => \n    [ext_ids_present_in_colum] => \n    [custom_function] => \n    [named_function] => \n    [charges] => 1\n    [description] => Double lands combined strength.\n)\n",
        "HistoricalConquest\\mat_item_to_ability: SELECT * FROM `hc_card_abilities` WHERE id = 156",
        "HistoricalConquest\\mat_item_to_ability: stdClass Object\n(\n    [id] => 156\n    [card_id] => 84\n    [created_at] => 2020-08-06 18:43:03\n    [updated_at] => \n    [apply_to_type] => 49\n    [apply_to_scope] => 44\n    [usage_type] => 0\n    [ability_type] => 0\n    [affects_attribute] => morale\n    [affect_amount] => 200\n    [apply_to_ext_ids] => \n    [apply_to_card_types] => *AFRICA\n    [ext_ids_present_in_colum] => \n    [custom_function] => \n    [named_function] => \n    [charges] => -1\n    [description] => Increase morale by 200 points if in Africa.\n)\n",
        "HistoricalConquest\\mat_item_to_ability: SELECT * FROM `hc_card_abilities` WHERE id = 157",
        "HistoricalConquest\\mat_item_to_ability: stdClass Object\n(\n    [id] => 157\n    [card_id] => 84\n    [created_at] => 2020-08-06 18:43:03\n    [updated_at] => \n    [apply_to_type] => 52\n    [apply_to_scope] => 44\n    [usage_type] => 0\n    [ability_type] => 0\n    [affects_attribute] => strength\n    [affect_amount] => 200\n    [apply_to_ext_ids] => \n    [apply_to_card_types] => *AFRICA\n    [ext_ids_present_in_colum] => \n    [custom_function] => \n    [named_function] => \n    [charges] => -1\n    [description] => Increase strength by 200 points if in Africa.\n)\n",
        "HistoricalConquest\\mat_item_to_ability: SELECT * FROM `hc_card_abilities` WHERE id = 153",
        "HistoricalConquest\\mat_item_to_ability: stdClass Object\n(\n    [id] => 153\n    [card_id] => 87\n    [created_at] => 2020-08-06 18:38:53\n    [updated_at] => \n    [apply_to_type] => 49\n    [apply_to_scope] => 44\n    [usage_type] => 0\n    [ability_type] => 0\n    [affects_attribute] => morale\n    [affect_amount] => 300\n    [apply_to_ext_ids] => \n    [apply_to_card_types] => \n    [ext_ids_present_in_colum] => \n    [custom_function] => \n    [named_function] => \n    [charges] => -1\n    [description] => Increase morale by 300.\n)\n",
        "HistoricalConquest\\mat_item_to_ability: SELECT * FROM `hc_card_abilities` WHERE id = 165",
        "HistoricalConquest\\mat_item_to_ability: stdClass Object\n(\n    [id] => 165\n    [card_id] => 70\n    [created_at] => 2020-08-06 18:52:46\n    [updated_at] => \n    [apply_to_type] => 52\n    [apply_to_scope] => 44\n    [usage_type] => 0\n    [ability_type] => 0\n    [affects_attribute] => strength\n    [affect_amount] => 500\n    [apply_to_ext_ids] => \n    [apply_to_card_types] => *SPIRITUAL_LEADER & *MUSLIM\n    [ext_ids_present_in_colum] => \n    [custom_function] => \n    [named_function] => \n    [charges] => -1\n    [description] => Increase strength by 500 if Islamic Spiritual Leader present.\n)\n",
        "HistoricalConquest\\mat_item_to_ability: SELECT * FROM `hc_card_abilities` WHERE id = 166",
        "HistoricalConquest\\mat_item_to_ability: stdClass Object\n(\n    [id] => 166\n    [card_id] => 70\n    [created_at] => 2020-08-06 18:52:46\n    [updated_at] => \n    [apply_to_type] => 52\n    [apply_to_scope] => 44\n    [usage_type] => 0\n    [ability_type] => 0\n    [affects_attribute] => morale\n    [affect_amount] => 500\n    [apply_to_ext_ids] => \n    [apply_to_card_types] => *SPIRITUAL_LEADER & *MUSLIM\n    [ext_ids_present_in_colum] => \n    [custom_function] => \n    [named_function] => \n    [charges] => 0\n    [description] => Increase morale by 500 if Islamic Spiritual Leader present.\n)\n",
        "HistoricalConquest\\mat_item_to_ability: SELECT * FROM `hc_card_abilities` WHERE id = 163",
        "HistoricalConquest\\mat_item_to_ability: stdClass Object\n(\n    [id] => 163\n    [card_id] => 72\n    [created_at] => 2020-08-06 18:50:31\n    [updated_at] => \n    [apply_to_type] => 52\n    [apply_to_scope] => 44\n    [usage_type] => 0\n    [ability_type] => 0\n    [affects_attribute] => morale\n    [affect_amount] => 300\n    [apply_to_ext_ids] => EX4403\n    [apply_to_card_types] => \n    [ext_ids_present_in_colum] => \n    [custom_function] => \n    [named_function] => \n    [charges] => -1\n    [description] => Increase morale by 300.\n)\n",
        "HistoricalConquest\\mat_item_to_ability: SELECT * FROM `hc_card_abilities` WHERE id = 164",
        "HistoricalConquest\\mat_item_to_ability: stdClass Object\n(\n    [id] => 164\n    [card_id] => 72\n    [created_at] => 2020-08-06 18:50:31\n    [updated_at] => \n    [apply_to_type] => 52\n    [apply_to_scope] => 44\n    [usage_type] => 0\n    [ability_type] => 0\n    [affects_attribute] => strength\n    [affect_amount] => 500\n    [apply_to_ext_ids] => EX4403\n    [apply_to_card_types] => \n    [ext_ids_present_in_colum] => \n    [custom_function] => \n    [named_function] => \n    [charges] => -1\n    [description] => Increase strength by 500.\n)\n",
        "HistoricalConquest\\attack_player Final Calculated defense: 6302",
        "HistoricalConquest\\attack_player defender=520 is the winner",
        "HistoricalConquest\\get_row_col_for, mat=[[0,0,0,0,0,0,0,0],[0,0,0,0,0,0,0,0],[0,0,0,0,0,0,0,0],[0,0,0,\"AC4302\",0,\"IN4302\",0,0],[0,0,0,\"MU4301\",0,\"LE4301\",0,0],[0,0,0,\"AR4303\",0,\"CO4301\",\"DO4301\",0],[0,0,0,\"EX4303\",\"AR4302\",\"CT4303\",\"TE4301\",0],[0,0,0,\"CT4303\",\"CT4301\",\"CT4302\",0,0]]",
        "HistoricalConquest\\get_row_col_for id=CT4303, 0",
        "HistoricalConquest\\get_row_col_for id=CT4303, 0",
        "HistoricalConquest\\get_row_col_for id=CT4303, 0",
        "HistoricalConquest\\get_row_col_for id=CT4303, 0",
        "HistoricalConquest\\get_row_col_for id=CT4303, 0",
        "HistoricalConquest\\get_row_col_for id=CT4303, 0",
        "HistoricalConquest\\get_row_col_for id=CT4303, 0",
        "HistoricalConquest\\get_row_col_for id=CT4303, 0",
        "HistoricalConquest\\get_row_col_for id=CT4303, 0",
        "HistoricalConquest\\get_row_col_for id=CT4303, 0",
        "HistoricalConquest\\get_row_col_for id=CT4303, 0",
        "HistoricalConquest\\get_row_col_for id=CT4303, 0",
        "HistoricalConquest\\get_row_col_for id=CT4303, 0",
        "HistoricalConquest\\get_row_col_for id=CT4303, 0",
        "HistoricalConquest\\get_row_col_for id=CT4303, 0",
        "HistoricalConquest\\get_row_col_for id=CT4303, 0",
        "HistoricalConquest\\get_row_col_for id=CT4303, 0",
        "HistoricalConquest\\get_row_col_for id=CT4303, 0",
        "HistoricalConquest\\get_row_col_for id=CT4303, 0",
        "HistoricalConquest\\get_row_col_for id=CT4303, 0",
        "HistoricalConquest\\get_row_col_for id=CT4303, 0",
        "HistoricalConquest\\get_row_col_for id=CT4303, 0",
        "HistoricalConquest\\get_row_col_for id=CT4303, 0",
        "HistoricalConquest\\get_row_col_for id=CT4303, 0",
        "HistoricalConquest\\get_row_col_for id=CT4303, 0",
        "HistoricalConquest\\get_row_col_for id=CT4303, 0",
        "HistoricalConquest\\get_row_col_for id=CT4303, 0",
        "HistoricalConquest\\get_row_col_for id=CT4303, AC4302",
        "HistoricalConquest\\get_row_col_for id=CT4303, 0",
        "HistoricalConquest\\get_row_col_for id=CT4303, IN4302",
        "HistoricalConquest\\get_row_col_for id=CT4303, 0",
        "HistoricalConquest\\get_row_col_for id=CT4303, 0",
        "HistoricalConquest\\get_row_col_for id=CT4303, 0",
        "HistoricalConquest\\get_row_col_for id=CT4303, 0",
        "HistoricalConquest\\get_row_col_for id=CT4303, 0",
        "HistoricalConquest\\get_row_col_for id=CT4303, MU4301",
        "HistoricalConquest\\get_row_col_for id=CT4303, 0",
        "HistoricalConquest\\get_row_col_for id=CT4303, LE4301",
        "HistoricalConquest\\get_row_col_for id=CT4303, 0",
        "HistoricalConquest\\get_row_col_for id=CT4303, 0",
        "HistoricalConquest\\get_row_col_for id=CT4303, 0",
        "HistoricalConquest\\get_row_col_for id=CT4303, 0",
        "HistoricalConquest\\get_row_col_for id=CT4303, 0",
        "HistoricalConquest\\get_row_col_for id=CT4303, AR4303",
        "HistoricalConquest\\get_row_col_for id=CT4303, 0",
        "HistoricalConquest\\get_row_col_for id=CT4303, CO4301",
        "HistoricalConquest\\get_row_col_for id=CT4303, DO4301",
        "HistoricalConquest\\get_row_col_for id=CT4303, 0",
        "HistoricalConquest\\get_row_col_for id=CT4303, 0",
        "HistoricalConquest\\get_row_col_for id=CT4303, 0",
        "HistoricalConquest\\get_row_col_for id=CT4303, 0",
        "HistoricalConquest\\get_row_col_for id=CT4303, EX4303",
        "HistoricalConquest\\get_row_col_for id=CT4303, AR4302",
        "HistoricalConquest\\get_row_col_for id=CT4303, CT4303",
        "Returning {\"row\":6,\"col\":5}",
        "HistoricalConquest\\attack_player loser_defs=IN4302=0,LE4301=400,CO4301=1000,DO4301=0,CT4303=0,TE4301=0,CT4302=0",
        "HistoricalConquest\\attack_player discardables=IN4302=0,LE4301=400,CO4301=1000",
        "HistoricalConquest\\attack_player to_discard=IN4302",
        "discardpile for 2 was was null, initializing",
        "HistoricalConquest\\get_player_morale Calculating morale for 519",
        "HistoricalConquest\\get_player_morale dams=0",
        "HistoricalConquest\\get_player_morale dams=0",
        "HistoricalConquest\\get_player_morale dams=0",
        "HistoricalConquest\\get_player_morale dams=0",
        "HistoricalConquest\\get_player_morale dams=0",
        "HistoricalConquest\\get_player_morale dams=0",
        "HistoricalConquest\\get_player_morale dams=0",
        "HistoricalConquest\\get_player_morale dams=0",
        "HistoricalConquest\\get_player_morale dams=0",
        "HistoricalConquest\\get_player_morale dams=0",
        "HistoricalConquest\\get_player_morale dams=0",
        "HistoricalConquest\\get_player_morale dams=0",
        "HistoricalConquest\\get_player_morale dams=0",
        "HistoricalConquest\\get_player_morale dams=0",
        "HistoricalConquest\\get_player_morale dams=0",
        "HistoricalConquest\\get_player_morale dams=0",
        "HistoricalConquest\\get_player_morale dams=0",
        "HistoricalConquest\\get_player_morale dams=0",
        "HistoricalConquest\\get_player_morale dams=0",
        "HistoricalConquest\\get_player_morale dams=0",
        "HistoricalConquest\\get_player_morale dams=0",
        "HistoricalConquest\\get_player_morale dams=0",
        "HistoricalConquest\\get_player_morale dams=0",
        "HistoricalConquest\\get_player_morale dams=0",
        "HistoricalConquest\\get_player_morale dams=0",
        "HistoricalConquest\\get_player_morale dams=0",
        "HistoricalConquest\\get_player_morale dams=0",
        "HistoricalConquest\\get_player_morale dams=0",
        "HistoricalConquest\\get_player_morale dams=0",
        "HistoricalConquest\\get_player_morale dams=0",
        "HistoricalConquest\\get_player_morale dams=0",
        "HistoricalConquest\\get_player_morale dams=0",
        "HistoricalConquest\\get_player_morale dams=0",
        "HistoricalConquest\\get_player_morale dams=0",
        "HistoricalConquest\\get_player_morale dams=0",
        "HistoricalConquest\\get_player_morale dams=0",
        "HistoricalConquest\\get_player_morale Abilities present at 4,3 for 519",
        "HistoricalConquest\\mat_item_to_ability: SELECT * FROM `hc_card_abilities` WHERE id = 193",
        "HistoricalConquest\\mat_item_to_ability: stdClass Object\n(\n    [id] => 193\n    [card_id] => 144\n    [created_at] => 2020-08-09 03:11:30\n    [updated_at] => \n    [apply_to_type] => 49\n    [apply_to_scope] => 44\n    [usage_type] => 0\n    [ability_type] => 0\n    [affects_attribute] => morale\n    [affect_amount] => 200\n    [apply_to_ext_ids] => \n    [apply_to_card_types] => \n    [ext_ids_present_in_colum] => \n    [custom_function] => \n    [named_function] => \n    [charges] => -1\n    [description] => Increase morale by 200.\n)\n",
        "HistoricalConquest\\get_player_morale 193 has apply_to_type of APPLY_PLAYER",
        "HistoricalConquest\\get_player_morale Adding 200 morale from ability 193",
        "HistoricalConquest\\get_player_morale dams=0",
        "HistoricalConquest\\get_player_morale dams=0",
        "HistoricalConquest\\get_player_morale Abilities present at 4,5 for 519",
        "HistoricalConquest\\mat_item_to_ability: SELECT * FROM `hc_card_abilities` WHERE id = 196",
        "HistoricalConquest\\mat_item_to_ability: stdClass Object\n(\n    [id] => 196\n    [card_id] => 139\n    [created_at] => 2020-08-09 03:15:15\n    [updated_at] => \n    [apply_to_type] => 49\n    [apply_to_scope] => 44\n    [usage_type] => 0\n    [ability_type] => 0\n    [affects_attribute] => morale\n    [affect_amount] => 300\n    [apply_to_ext_ids] => \n    [apply_to_card_types] => \n    [ext_ids_present_in_colum] => \n    [custom_function] => \n    [named_function] => \n    [charges] => -1\n    [description] => Increase morale by 300.\n)\n",
        "HistoricalConquest\\get_player_morale 196 has apply_to_type of APPLY_PLAYER",
        "HistoricalConquest\\get_player_morale Adding 300 morale from ability 196",
        "HistoricalConquest\\get_player_morale dams=0",
        "HistoricalConquest\\get_player_morale dams=0",
        "HistoricalConquest\\get_player_morale dams=0",
        "HistoricalConquest\\get_player_morale dams=0",
        "HistoricalConquest\\get_player_morale dams=0",
        "HistoricalConquest\\get_player_morale dams=0",
        "HistoricalConquest\\get_player_morale Abilities present at 5,3 for 519",
        "HistoricalConquest\\mat_item_to_ability: SELECT * FROM `hc_card_abilities` WHERE id = 204",
        "HistoricalConquest\\mat_item_to_ability: stdClass Object\n(\n    [id] => 204\n    [card_id] => 107\n    [created_at] => 2020-08-10 01:59:22\n    [updated_at] => \n    [apply_to_type] => 49\n    [apply_to_scope] => 47\n    [usage_type] => 0\n    [ability_type] => 0\n    [affects_attribute] => strength\n    [affect_amount] => 500\n    [apply_to_ext_ids] => \n    [apply_to_card_types] => \n    [ext_ids_present_in_colum] => \n    [custom_function] => \n    [named_function] => \n    [charges] => 1\n    [description] => Increase strength by 300 on the first attack.\n)\n",
        "HistoricalConquest\\get_player_morale 204 does not apply to morale but to strength",
        "HistoricalConquest\\get_player_morale dams=0",
        "HistoricalConquest\\get_player_morale dams=0",
        "HistoricalConquest\\get_player_morale Abilities present at 5,5 for 519",
        "HistoricalConquest\\mat_item_to_ability: SELECT * FROM `hc_card_abilities` WHERE id = 207",
        "HistoricalConquest\\mat_item_to_ability: stdClass Object\n(\n    [id] => 207\n    [card_id] => 115\n    [created_at] => 2020-08-10 02:02:59\n    [updated_at] => \n    [apply_to_type] => 49\n    [apply_to_scope] => 44\n    [usage_type] => 0\n    [ability_type] => 0\n    [affects_attribute] => strength\n    [affect_amount] => 500\n    [apply_to_ext_ids] => \n    [apply_to_card_types] => \n    [ext_ids_present_in_colum] => \n    [custom_function] => \n    [named_function] => \n    [charges] => 2\n    [description] => Strength increases by 500 for 2 turns.\n)\n",
        "HistoricalConquest\\get_player_morale 207 does not apply to morale but to strength",
        "HistoricalConquest\\get_player_morale dams=0",
        "HistoricalConquest\\get_player_morale Abilities present at 5,6 for 519",
        "HistoricalConquest\\mat_item_to_ability: SELECT * FROM `hc_card_abilities` WHERE id = 208",
        "HistoricalConquest\\mat_item_to_ability: stdClass Object\n(\n    [id] => 208\n    [card_id] => 124\n    [created_at] => 2020-08-10 02:05:18\n    [updated_at] => \n    [apply_to_type] => 49\n    [apply_to_scope] => 44\n    [usage_type] => 0\n    [ability_type] => 0\n    [affects_attribute] => morale\n    [affect_amount] => 200\n    [apply_to_ext_ids] => \n    [apply_to_card_types] => \n    [ext_ids_present_in_colum] => \n    [custom_function] => \n    [named_function] => \n    [charges] => -1\n    [description] => Increase morale by 200.\n)\n",
        "HistoricalConquest\\get_player_morale 208 has apply_to_type of APPLY_PLAYER",
        "HistoricalConquest\\get_player_morale Adding 200 morale from ability 208",
        "HistoricalConquest\\mat_item_to_ability: SELECT * FROM `hc_card_abilities` WHERE id = 209",
        "HistoricalConquest\\mat_item_to_ability: stdClass Object\n(\n    [id] => 209\n    [card_id] => 124\n    [created_at] => 2020-08-10 02:05:18\n    [updated_at] => \n    [apply_to_type] => 49\n    [apply_to_scope] => 44\n    [usage_type] => 0\n    [ability_type] => 0\n    [affects_attribute] => defense\n    [affect_amount] => 300\n    [apply_to_ext_ids] => \n    [apply_to_card_types] => \n    [ext_ids_present_in_colum] => \n    [custom_function] => \n    [named_function] => \n    [charges] => -1\n    [description] => Increase defense by 300.\n)\n",
        "HistoricalConquest\\get_player_morale 209 does not apply to morale but to defense",
        "HistoricalConquest\\get_player_morale dams=0",
        "HistoricalConquest\\get_player_morale dams=0",
        "HistoricalConquest\\get_player_morale dams=0",
        "HistoricalConquest\\get_player_morale dams=0",
        "HistoricalConquest\\get_player_morale dams=0",
        "HistoricalConquest\\get_player_morale Abilities present at 6,3 for 519",
        "HistoricalConquest\\mat_item_to_ability: SELECT * FROM `hc_card_abilities` WHERE id = 197",
        "HistoricalConquest\\mat_item_to_ability: stdClass Object\n(\n    [id] => 197\n    [card_id] => 133\n    [created_at] => 2020-08-09 03:17:18\n    [updated_at] => \n    [apply_to_type] => 52\n    [apply_to_scope] => 44\n    [usage_type] => 0\n    [ability_type] => 0\n    [affects_attribute] => morale\n    [affect_amount] => 100\n    [apply_to_ext_ids] => \n    [apply_to_card_types] => *NORTH_AMERICA\n    [ext_ids_present_in_colum] => \n    [custom_function] => \n    [named_function] => \n    [charges] => -1\n    [description] => Increase morale by 100 if in North America.\n)\n",
        "HistoricalConquest\\get_player_morale 197 has apply_to_type of APPLY_CARD_IN_SAME_COLUMN",
        "HistoricalConquest\\can_apply_card_in_same_column p=519 a=197 c=104 CARD_CHARACTER_ACTIVIST,CARD_LAND,CARD_LAND,CARD_LAND,CARD_LAND,FEMALE 197 does not apply to [[\"*NORTH_AMERICA\"]]",
        "HistoricalConquest\\can_apply_card_in_same_column p=519 a=197 c=144 CARD_CHARACTER_MUSICIAN,CARD_LAND,RELIGION_CATHOLIC,ETH_WHITE,CARD_LAND,MALE 197 does not apply to [[\"*NORTH_AMERICA\"]]",
        "HistoricalConquest\\can_apply_card_in_same_column p=519 a=197 c=107 CARD_ARMY,CARD_LAND,CARD_LAND,ETH_BLACK,CARD_LAND,MALE 197 does not apply to [[\"*NORTH_AMERICA\"]]",
        "HistoricalConquest\\can_apply_card_in_same_column p=519 a=197 c=133 CARD_CHARACTER_EXPLORER_SEA,CARD_LAND,RELIGION_CATHOLIC,ETH_WHITE,CARD_LAND,MALE 197 does not apply to [[\"*NORTH_AMERICA\"]]",
        "HistoricalConquest\\can_apply_card_in_same_column p=519 a=197 c=120 CARD_LAND,CARD_LAND,CARD_LAND,CARD_LAND,CONTINENT_ASIA,MALE 197 does not apply to [[\"*NORTH_AMERICA\"]]",
        "HistoricalConquest\\mat_item_to_ability: SELECT * FROM `hc_card_abilities` WHERE id = 198",
        "HistoricalConquest\\mat_item_to_ability: stdClass Object\n(\n    [id] => 198\n    [card_id] => 133\n    [created_at] => 2020-08-09 03:17:18\n    [updated_at] => \n    [apply_to_type] => 52\n    [apply_to_scope] => 44\n    [usage_type] => 0\n    [ability_type] => 0\n    [affects_attribute] => morale\n    [affect_amount] => 200\n    [apply_to_ext_ids] => \n    [apply_to_card_types] => *ASIA\n    [ext_ids_present_in_colum] => \n    [custom_function] => \n    [named_function] => \n    [charges] => -1\n    [description] => Increase morale by 200 if in Asia.\n)\n",
        "HistoricalConquest\\get_player_morale 198 has apply_to_type of APPLY_CARD_IN_SAME_COLUMN",
        "HistoricalConquest\\can_apply_card_in_same_column p=519 a=198 c=104 CARD_CHARACTER_ACTIVIST,CARD_LAND,CARD_LAND,CARD_LAND,CARD_LAND,FEMALE 198 does not apply to [[\"*ASIA\"]]",
        "HistoricalConquest\\can_apply_card_in_same_column p=519 a=198 c=144 CARD_CHARACTER_MUSICIAN,CARD_LAND,RELIGION_CATHOLIC,ETH_WHITE,CARD_LAND,MALE 198 does not apply to [[\"*ASIA\"]]",
        "HistoricalConquest\\can_apply_card_in_same_column p=519 a=198 c=107 CARD_ARMY,CARD_LAND,CARD_LAND,ETH_BLACK,CARD_LAND,MALE 198 does not apply to [[\"*ASIA\"]]",
        "HistoricalConquest\\can_apply_card_in_same_column p=519 a=198 c=133 CARD_CHARACTER_EXPLORER_SEA,CARD_LAND,RELIGION_CATHOLIC,ETH_WHITE,CARD_LAND,MALE 198 does not apply to [[\"*ASIA\"]]",
        "HistoricalConquest\\can_apply_card_in_same_columnp=519 a=198 applies",
        "HistoricalConquest\\get_player_morale Adding 200 morale from ability 198",
        "HistoricalConquest\\get_player_morale dams=0",
        "HistoricalConquest\\get_player_morale dams=Array (     [0] => Array         (             [0] => morale             [1] => -100         )  ) ",
        "HistoricalConquest\\get_player_morale Damage to morale -100",
        "HistoricalConquest\\get_player_morale dams=0",
        "HistoricalConquest\\get_player_morale Abilities present at 6,6 for 519",
        "HistoricalConquest\\mat_item_to_ability: SELECT * FROM `hc_card_abilities` WHERE id = 211",
        "HistoricalConquest\\mat_item_to_ability: stdClass Object\n(\n    [id] => 211\n    [card_id] => 151\n    [created_at] => 2020-08-10 02:06:45\n    [updated_at] => \n    [apply_to_type] => 49\n    [apply_to_scope] => 44\n    [usage_type] => 0\n    [ability_type] => 0\n    [affects_attribute] => defense\n    [affect_amount] => 200\n    [apply_to_ext_ids] => \n    [apply_to_card_types] => \n    [ext_ids_present_in_colum] => \n    [custom_function] => \n    [named_function] => \n    [charges] => -1\n    [description] => Increase strength by 200.\n)\n",
        "HistoricalConquest\\get_player_morale 211 does not apply to morale but to defense",
        "HistoricalConquest\\get_player_morale dams=0",
        "HistoricalConquest\\get_player_morale dams=0",
        "HistoricalConquest\\get_player_morale dams=0",
        "HistoricalConquest\\get_player_morale dams=0",
        "HistoricalConquest\\get_player_morale dams=0",
        "HistoricalConquest\\get_player_morale dams=0",
        "HistoricalConquest\\get_player_morale dams=0",
        "HistoricalConquest\\get_player_morale dams=0",
        "HistoricalConquest\\get_player_morale dams=0",
        "HistoricalConquest\\get_player_morale Calculating morale for 520",
        "HistoricalConquest\\get_player_morale dams=0",
        "HistoricalConquest\\get_player_morale dams=0",
        "HistoricalConquest\\get_player_morale dams=0",
        "HistoricalConquest\\get_player_morale dams=0",
        "HistoricalConquest\\get_player_morale dams=0",
        "HistoricalConquest\\get_player_morale dams=0",
        "HistoricalConquest\\get_player_morale dams=0",
        "HistoricalConquest\\get_player_morale dams=0",
        "HistoricalConquest\\get_player_morale dams=0",
        "HistoricalConquest\\get_player_morale dams=0",
        "HistoricalConquest\\get_player_morale dams=0",
        "HistoricalConquest\\get_player_morale dams=0",
        "HistoricalConquest\\get_player_morale dams=0",
        "HistoricalConquest\\get_player_morale dams=0",
        "HistoricalConquest\\get_player_morale dams=0",
        "HistoricalConquest\\get_player_morale dams=0",
        "HistoricalConquest\\get_player_morale dams=0",
        "HistoricalConquest\\get_player_morale dams=0",
        "HistoricalConquest\\get_player_morale dams=0",
        "HistoricalConquest\\get_player_morale dams=0",
        "HistoricalConquest\\get_player_morale dams=0",
        "HistoricalConquest\\get_player_morale dams=0",
        "HistoricalConquest\\get_player_morale dams=0",
        "HistoricalConquest\\get_player_morale dams=0",
        "HistoricalConquest\\get_player_morale dams=0",
        "HistoricalConquest\\get_player_morale dams=0",
        "HistoricalConquest\\get_player_morale dams=0",
        "HistoricalConquest\\get_player_morale Abilities present at 3,2 for 520",
        "HistoricalConquest\\mat_item_to_ability: SELECT * FROM `hc_card_abilities` WHERE id = 126",
        "HistoricalConquest\\mat_item_to_ability: stdClass Object\n(\n    [id] => 126\n    [card_id] => 57\n    [created_at] => 2020-08-06 02:36:26\n    [updated_at] => \n    [apply_to_type] => 52\n    [apply_to_scope] => 44\n    [usage_type] => 0\n    [ability_type] => 0\n    [affects_attribute] => defense\n    [affect_amount] => 1000\n    [apply_to_ext_ids] => \n    [apply_to_card_types] => *HISPANIC & *LEADER\n    [ext_ids_present_in_colum] => \n    [custom_function] => \n    [named_function] => \n    [charges] => -1\n    [description] => If the Spanish Armada  is defending an Hispanic Leader, increase defense by 1,000.\n)\n",
        "HistoricalConquest\\get_player_morale 126 does not apply to morale but to defense",
        "HistoricalConquest\\mat_item_to_ability: SELECT * FROM `hc_card_abilities` WHERE id = 127",
        "HistoricalConquest\\mat_item_to_ability: stdClass Object\n(\n    [id] => 127\n    [card_id] => 57\n    [created_at] => 2020-08-06 02:36:26\n    [updated_at] => \n    [apply_to_type] => 52\n    [apply_to_scope] => 44\n    [usage_type] => 0\n    [ability_type] => 0\n    [affects_attribute] => defense\n    [affect_amount] => -500\n    [apply_to_ext_ids] => \n    [apply_to_card_types] => *HISPANIC & *LEADER\n    [ext_ids_present_in_colum] => \n    [custom_function] => \n    [named_function] => \n    [charges] => -1\n    [description] => If the Spanish Armada  is defending an Hispanic Leader, decrease attack by 500.\n)\n",
        "HistoricalConquest\\get_player_morale 127 does not apply to morale but to defense",
        "HistoricalConquest\\get_player_morale dams=0",
        "HistoricalConquest\\get_player_morale dams=0",
        "HistoricalConquest\\get_player_morale dams=0",
        "HistoricalConquest\\get_player_morale dams=0",
        "HistoricalConquest\\get_player_morale dams=0",
        "HistoricalConquest\\get_player_morale dams=0",
        "HistoricalConquest\\get_player_morale dams=0",
        "HistoricalConquest\\get_player_morale dams=0",
        "HistoricalConquest\\get_player_morale Abilities present at 4,2 for 520",
        "HistoricalConquest\\mat_item_to_ability: SELECT * FROM `hc_card_abilities` WHERE id = 137",
        "HistoricalConquest\\mat_item_to_ability: stdClass Object\n(\n    [id] => 137\n    [card_id] => 93\n    [created_at] => 2020-08-06 02:49:18\n    [updated_at] => \n    [apply_to_type] => 49\n    [apply_to_scope] => 44\n    [usage_type] => 0\n    [ability_type] => 0\n    [affects_attribute] => morale\n    [affect_amount] => 300\n    [apply_to_ext_ids] => \n    [apply_to_card_types] => \n    [ext_ids_present_in_colum] => \n    [custom_function] => \n    [named_function] => \n    [charges] => -1\n    [description] => Increase morale by 300.\n)\n",
        "HistoricalConquest\\get_player_morale 137 has apply_to_type of APPLY_PLAYER",
        "HistoricalConquest\\get_player_morale Adding 300 morale from ability 137",
        "HistoricalConquest\\get_player_morale dams=0",
        "HistoricalConquest\\get_player_morale Abilities present at 4,3 for 520",
        "HistoricalConquest\\mat_item_to_ability: SELECT * FROM `hc_card_abilities` WHERE id = 205",
        "HistoricalConquest\\mat_item_to_ability: stdClass Object\n(\n    [id] => 205\n    [card_id] => 108\n    [created_at] => 2020-08-10 02:00:26\n    [updated_at] => \n    [apply_to_type] => 52\n    [apply_to_scope] => 44\n    [usage_type] => 0\n    [ability_type] => 0\n    [affects_attribute] => strength\n    [affect_amount] => 500\n    [apply_to_ext_ids] => \n    [apply_to_card_types] => *ASIA\n    [ext_ids_present_in_colum] => \n    [custom_function] => \n    [named_function] => \n    [charges] => -1\n    [description] => Increase strength by 500 when in an Asian land.\n)\n",
        "HistoricalConquest\\get_player_morale 205 does not apply to morale but to strength",
        "HistoricalConquest\\get_player_morale dams=0",
        "HistoricalConquest\\get_player_morale Abilities present at 4,4 for 520",
        "HistoricalConquest\\mat_item_to_ability: SELECT * FROM `hc_card_abilities` WHERE id = 158",
        "HistoricalConquest\\mat_item_to_ability: stdClass Object\n(\n    [id] => 158\n    [card_id] => 88\n    [created_at] => 2020-08-06 18:44:22\n    [updated_at] => \n    [apply_to_type] => 49\n    [apply_to_scope] => 44\n    [usage_type] => 0\n    [ability_type] => 0\n    [affects_attribute] => morale\n    [affect_amount] => 100\n    [apply_to_ext_ids] => \n    [apply_to_card_types] => \n    [ext_ids_present_in_colum] => \n    [custom_function] => \n    [named_function] => \n    [charges] => -1\n    [description] => Increase morale by 100.\n)\n",
        "HistoricalConquest\\get_player_morale 158 has apply_to_type of APPLY_PLAYER",
        "HistoricalConquest\\get_player_morale Adding 100 morale from ability 158",
        "HistoricalConquest\\mat_item_to_ability: SELECT * FROM `hc_card_abilities` WHERE id = 159",
        "HistoricalConquest\\mat_item_to_ability: stdClass Object\n(\n    [id] => 159\n    [card_id] => 88\n    [created_at] => 2020-08-06 18:44:22\n    [updated_at] => \n    [apply_to_type] => 55\n    [apply_to_scope] => 44\n    [usage_type] => 0\n    [ability_type] => 0\n    [affects_attribute] => strength\n    [affect_amount] => 2\n    [apply_to_ext_ids] => \n    [apply_to_card_types] => *FEMALE & *LEADER\n    [ext_ids_present_in_colum] => \n    [custom_function] => \n    [named_function] => multiply_card_abilities\n    [charges] => -1\n    [description] => Double the strength of all female leaders in your civilization.\n)\n",
        "HistoricalConquest\\get_player_morale 159 does not apply to morale but to strength",
        "HistoricalConquest\\get_player_morale dams=0",
        "HistoricalConquest\\get_player_morale dams=0",
        "HistoricalConquest\\get_player_morale dams=0",
        "HistoricalConquest\\get_player_morale dams=0",
        "HistoricalConquest\\get_player_morale dams=0",
        "HistoricalConquest\\get_player_morale dams=0",
        "HistoricalConquest\\get_player_morale Abilities present at 5,2 for 520",
        "HistoricalConquest\\mat_item_to_ability: SELECT * FROM `hc_card_abilities` WHERE id = 160",
        "HistoricalConquest\\mat_item_to_ability: stdClass Object\n(\n    [id] => 160\n    [card_id] => 86\n    [created_at] => 2020-08-06 18:44:50\n    [updated_at] => \n    [apply_to_type] => 49\n    [apply_to_scope] => 44\n    [usage_type] => 0\n    [ability_type] => 0\n    [affects_attribute] => morale\n    [affect_amount] => 300\n    [apply_to_ext_ids] => \n    [apply_to_card_types] => \n    [ext_ids_present_in_colum] => \n    [custom_function] => \n    [named_function] => \n    [charges] => -1\n    [description] => Increase morale by 300 points.\n)\n",
        "HistoricalConquest\\get_player_morale 160 has apply_to_type of APPLY_PLAYER",
        "HistoricalConquest\\get_player_morale Adding 300 morale from ability 160",
        "HistoricalConquest\\get_player_morale dams=0",
        "HistoricalConquest\\get_player_morale dams=0",
        "HistoricalConquest\\get_player_morale Abilities present at 5,4 for 520",
        "HistoricalConquest\\mat_item_to_ability: SELECT * FROM `hc_card_abilities` WHERE id = 124",
        "HistoricalConquest\\mat_item_to_ability: stdClass Object\n(\n    [id] => 124\n    [card_id] => 54\n    [created_at] => 2020-08-06 02:32:17\n    [updated_at] => \n    [apply_to_type] => 52\n    [apply_to_scope] => 44\n    [usage_type] => 0\n    [ability_type] => 0\n    [affects_attribute] => strength\n    [affect_amount] => 1000\n    [apply_to_ext_ids] => \n    [apply_to_card_types] => *AFRICA\n    [ext_ids_present_in_colum] => \n    [custom_function] => \n    [named_function] => \n    [charges] => -1\n    [description] => Increase strength by 1,000 if in Africa.\n)\n",
        "HistoricalConquest\\get_player_morale 124 does not apply to morale but to strength",
        "HistoricalConquest\\get_player_morale dams=0",
        "HistoricalConquest\\get_player_morale Abilities present at 5,5 for 520",
        "HistoricalConquest\\mat_item_to_ability: SELECT * FROM `hc_card_abilities` WHERE id = 136",
        "HistoricalConquest\\mat_item_to_ability: stdClass Object\n(\n    [id] => 136\n    [card_id] => 90\n    [created_at] => 2020-08-06 02:48:55\n    [updated_at] => \n    [apply_to_type] => 52\n    [apply_to_scope] => 44\n    [usage_type] => 0\n    [ability_type] => 0\n    [affects_attribute] => strength\n    [affect_amount] => 500\n    [apply_to_ext_ids] => \n    [apply_to_card_types] => *CONQUEROR\n    [ext_ids_present_in_colum] => \n    [custom_function] => \n    [named_function] => \n    [charges] => -1\n    [description] => Increase strength by 500 in a land with a conqueror.\n)\n",
        "HistoricalConquest\\get_player_morale 136 does not apply to morale but to strength",
        "HistoricalConquest\\get_player_morale dams=0",
        "HistoricalConquest\\get_player_morale Abilities present at 5,6 for 520",
        "HistoricalConquest\\mat_item_to_ability: SELECT * FROM `hc_card_abilities` WHERE id = 133",
        "HistoricalConquest\\mat_item_to_ability: stdClass Object\n(\n    [id] => 133\n    [card_id] => 77\n    [created_at] => 2020-08-06 02:44:33\n    [updated_at] => \n    [apply_to_type] => 52\n    [apply_to_scope] => 45\n    [usage_type] => 64\n    [ability_type] => 66\n    [affects_attribute] => attack\n    [affect_amount] => 1600\n    [apply_to_ext_ids] => \n    [apply_to_card_types] => *SPIRITUAL_LEADER\n    [ext_ids_present_in_colum] => \n    [custom_function] => \n    [named_function] => \n    [charges] => -1\n    [description] => Increase attack by 1,600 for any spiritual leader.\n)\n",
        "HistoricalConquest\\get_player_morale 133 does not apply to morale but to attack",
        "HistoricalConquest\\mat_item_to_ability: SELECT * FROM `hc_card_abilities` WHERE id = 134",
        "HistoricalConquest\\mat_item_to_ability: stdClass Object\n(\n    [id] => 134\n    [card_id] => 77\n    [created_at] => 2020-08-06 02:44:33\n    [updated_at] => \n    [apply_to_type] => 52\n    [apply_to_scope] => 45\n    [usage_type] => 64\n    [ability_type] => 66\n    [affects_attribute] => defense\n    [affect_amount] => 1600\n    [apply_to_ext_ids] => \n    [apply_to_card_types] => *SPIRITUAL_LEADER\n    [ext_ids_present_in_colum] => \n    [custom_function] => \n    [named_function] => \n    [charges] => -1\n    [description] => Increase attack by 1,600 for any spiritual leader.\n)\n",
        "HistoricalConquest\\get_player_morale 134 does not apply to morale but to defense",
        "HistoricalConquest\\get_player_morale dams=0",
        "HistoricalConquest\\get_player_morale dams=0",
        "HistoricalConquest\\get_player_morale dams=0",
        "HistoricalConquest\\get_player_morale dams=0",
        "HistoricalConquest\\get_player_morale Abilities present at 6,2 for 520",
        "HistoricalConquest\\mat_item_to_ability: SELECT * FROM `hc_card_abilities` WHERE id = 162",
        "HistoricalConquest\\mat_item_to_ability: stdClass Object\n(\n    [id] => 162\n    [card_id] => 81\n    [created_at] => 2020-08-06 18:48:10\n    [updated_at] => \n    [apply_to_type] => 49\n    [apply_to_scope] => 45\n    [usage_type] => 98\n    [ability_type] => 65\n    [affects_attribute] => morale\n    [affect_amount] => 300\n    [apply_to_ext_ids] => \n    [apply_to_card_types] => \n    [ext_ids_present_in_colum] => \n    [custom_function] => \n    [named_function] => \n    [charges] => -1\n    [description] => Increase morale by 300. If you\\'re about to lose a land, move any one character to another land.\n)\n",
        "HistoricalConquest\\get_player_morale 162 has apply_to_type of APPLY_PLAYER",
        "HistoricalConquest\\get_player_morale Adding 300 morale from ability 162",
        "HistoricalConquest\\get_player_morale dams=0",
        "HistoricalConquest\\get_player_morale Abilities present at 6,3 for 520",
        "HistoricalConquest\\mat_item_to_ability: SELECT * FROM `hc_card_abilities` WHERE id = 154",
        "HistoricalConquest\\mat_item_to_ability: stdClass Object\n(\n    [id] => 154\n    [card_id] => 64\n    [created_at] => 2020-08-06 18:40:10\n    [updated_at] => \n    [apply_to_type] => 54\n    [apply_to_scope] => 47\n    [usage_type] => 0\n    [ability_type] => 0\n    [affects_attribute] => strength\n    [affect_amount] => 2\n    [apply_to_ext_ids] => \n    [apply_to_card_types] => \n    [ext_ids_present_in_colum] => \n    [custom_function] => \n    [named_function] => \n    [charges] => 1\n    [description] => Double lands combined strength.\n)\n",
        "HistoricalConquest\\get_player_morale 154 does not apply to morale but to strength",
        "HistoricalConquest\\get_player_morale dams=0",
        "HistoricalConquest\\get_player_morale Abilities present at 6,4 for 520",
        "HistoricalConquest\\mat_item_to_ability: SELECT * FROM `hc_card_abilities` WHERE id = 156",
        "HistoricalConquest\\mat_item_to_ability: stdClass Object\n(\n    [id] => 156\n    [card_id] => 84\n    [created_at] => 2020-08-06 18:43:03\n    [updated_at] => \n    [apply_to_type] => 49\n    [apply_to_scope] => 44\n    [usage_type] => 0\n    [ability_type] => 0\n    [affects_attribute] => morale\n    [affect_amount] => 200\n    [apply_to_ext_ids] => \n    [apply_to_card_types] => *AFRICA\n    [ext_ids_present_in_colum] => \n    [custom_function] => \n    [named_function] => \n    [charges] => -1\n    [description] => Increase morale by 200 points if in Africa.\n)\n",
        "HistoricalConquest\\get_player_morale 156 has apply_to_type of APPLY_PLAYER",
        "HistoricalConquest\\get_player_morale Adding 200 morale from ability 156",
        "HistoricalConquest\\mat_item_to_ability: SELECT * FROM `hc_card_abilities` WHERE id = 157",
        "HistoricalConquest\\mat_item_to_ability: stdClass Object\n(\n    [id] => 157\n    [card_id] => 84\n    [created_at] => 2020-08-06 18:43:03\n    [updated_at] => \n    [apply_to_type] => 52\n    [apply_to_scope] => 44\n    [usage_type] => 0\n    [ability_type] => 0\n    [affects_attribute] => strength\n    [affect_amount] => 200\n    [apply_to_ext_ids] => \n    [apply_to_card_types] => *AFRICA\n    [ext_ids_present_in_colum] => \n    [custom_function] => \n    [named_function] => \n    [charges] => -1\n    [description] => Increase strength by 200 points if in Africa.\n)\n",
        "HistoricalConquest\\get_player_morale 157 does not apply to morale but to strength",
        "HistoricalConquest\\get_player_morale dams=0",
        "HistoricalConquest\\get_player_morale dams=0",
        "HistoricalConquest\\get_player_morale Abilities present at 6,6 for 520",
        "HistoricalConquest\\mat_item_to_ability: SELECT * FROM `hc_card_abilities` WHERE id = 153",
        "HistoricalConquest\\mat_item_to_ability: stdClass Object\n(\n    [id] => 153\n    [card_id] => 87\n    [created_at] => 2020-08-06 18:38:53\n    [updated_at] => \n    [apply_to_type] => 49\n    [apply_to_scope] => 44\n    [usage_type] => 0\n    [ability_type] => 0\n    [affects_attribute] => morale\n    [affect_amount] => 300\n    [apply_to_ext_ids] => \n    [apply_to_card_types] => \n    [ext_ids_present_in_colum] => \n    [custom_function] => \n    [named_function] => \n    [charges] => -1\n    [description] => Increase morale by 300.\n)\n",
        "HistoricalConquest\\get_player_morale 153 has apply_to_type of APPLY_PLAYER",
        "HistoricalConquest\\get_player_morale Adding 300 morale from ability 153",
        "HistoricalConquest\\get_player_morale dams=0",
        "HistoricalConquest\\get_player_morale dams=0",
        "HistoricalConquest\\get_player_morale dams=0",
        "HistoricalConquest\\get_player_morale dams=0",
        "HistoricalConquest\\get_player_morale dams=0",
        "HistoricalConquest\\get_player_morale dams=0",
        "HistoricalConquest\\get_player_morale Abilities present at 7,4 for 520",
        "HistoricalConquest\\mat_item_to_ability: SELECT * FROM `hc_card_abilities` WHERE id = 165",
        "HistoricalConquest\\mat_item_to_ability: stdClass Object\n(\n    [id] => 165\n    [card_id] => 70\n    [created_at] => 2020-08-06 18:52:46\n    [updated_at] => \n    [apply_to_type] => 52\n    [apply_to_scope] => 44\n    [usage_type] => 0\n    [ability_type] => 0\n    [affects_attribute] => strength\n    [affect_amount] => 500\n    [apply_to_ext_ids] => \n    [apply_to_card_types] => *SPIRITUAL_LEADER & *MUSLIM\n    [ext_ids_present_in_colum] => \n    [custom_function] => \n    [named_function] => \n    [charges] => -1\n    [description] => Increase strength by 500 if Islamic Spiritual Leader present.\n)\n",
        "HistoricalConquest\\get_player_morale 165 does not apply to morale but to strength",
        "HistoricalConquest\\mat_item_to_ability: SELECT * FROM `hc_card_abilities` WHERE id = 166",
        "HistoricalConquest\\mat_item_to_ability: stdClass Object\n(\n    [id] => 166\n    [card_id] => 70\n    [created_at] => 2020-08-06 18:52:46\n    [updated_at] => \n    [apply_to_type] => 52\n    [apply_to_scope] => 44\n    [usage_type] => 0\n    [ability_type] => 0\n    [affects_attribute] => morale\n    [affect_amount] => 500\n    [apply_to_ext_ids] => \n    [apply_to_card_types] => *SPIRITUAL_LEADER & *MUSLIM\n    [ext_ids_present_in_colum] => \n    [custom_function] => \n    [named_function] => \n    [charges] => 0\n    [description] => Increase morale by 500 if Islamic Spiritual Leader present.\n)\n",
        "HistoricalConquest\\get_player_morale 166 has apply_to_type of APPLY_CARD_IN_SAME_COLUMN",
        "HistoricalConquest\\can_apply_card_in_same_column p=520 a=166 c=88 CARD_CHARACTER_LEADER,CARD_LAND,CARD_LAND,CARD_LAND,CARD_LAND,MALE 166 does not apply to [[\"*SPIRITUAL_LEADER \",\" *MUSLIM\"]]",
        "HistoricalConquest\\can_apply_card_in_same_column p=520 a=166 c=54 CARD_ARMY,CARD_LAND,CARD_LAND,CARD_LAND,CARD_LAND,MALE 166 does not apply to [[\"*SPIRITUAL_LEADER \",\" *MUSLIM\"]]",
        "HistoricalConquest\\can_apply_card_in_same_column p=520 a=166 c=84 CARD_CHARACTER_EXPLORER_LAND,CARD_LAND,CARD_LAND,CARD_LAND,CARD_LAND,MALE 166 does not apply to [[\"*SPIRITUAL_LEADER \",\" *MUSLIM\"]]",
        "HistoricalConquest\\can_apply_card_in_same_column p=520 a=166 c=70 CARD_LAND,CARD_LAND,RELIGION_MUSLIM,CARD_LAND,CONTINENT_AFRICA,MALE 166 does not apply to [[\"*SPIRITUAL_LEADER \",\" *MUSLIM\"]]",
        "HistoricalConquest\\get_player_morale dams=0",
        "HistoricalConquest\\get_player_morale Abilities present at 7,5 for 520",
        "HistoricalConquest\\mat_item_to_ability: SELECT * FROM `hc_card_abilities` WHERE id = 163",
        "HistoricalConquest\\mat_item_to_ability: stdClass Object\n(\n    [id] => 163\n    [card_id] => 72\n    [created_at] => 2020-08-06 18:50:31\n    [updated_at] => \n    [apply_to_type] => 52\n    [apply_to_scope] => 44\n    [usage_type] => 0\n    [ability_type] => 0\n    [affects_attribute] => morale\n    [affect_amount] => 300\n    [apply_to_ext_ids] => EX4403\n    [apply_to_card_types] => \n    [ext_ids_present_in_colum] => \n    [custom_function] => \n    [named_function] => \n    [charges] => -1\n    [description] => Increase morale by 300.\n)\n",
        "HistoricalConquest\\get_player_morale 163 has apply_to_type of APPLY_CARD_IN_SAME_COLUMN",
        "HistoricalConquest\\mat_item_to_ability: SELECT * FROM `hc_card_abilities` WHERE id = 164",
        "HistoricalConquest\\mat_item_to_ability: stdClass Object\n(\n    [id] => 164\n    [card_id] => 72\n    [created_at] => 2020-08-06 18:50:31\n    [updated_at] => \n    [apply_to_type] => 52\n    [apply_to_scope] => 44\n    [usage_type] => 0\n    [ability_type] => 0\n    [affects_attribute] => strength\n    [affect_amount] => 500\n    [apply_to_ext_ids] => EX4403\n    [apply_to_card_types] => \n    [ext_ids_present_in_colum] => \n    [custom_function] => \n    [named_function] => \n    [charges] => -1\n    [description] => Increase strength by 500.\n)\n",
        "HistoricalConquest\\get_player_morale 164 does not apply to morale but to strength",
        "HistoricalConquest\\get_player_morale dams=0",
        "HistoricalConquest\\get_player_morale dams=0"
    ]
}
    [head] => HTTP/1.1 100 Continue

HTTP/1.1 200 OK
Server: nginx/1.10.3
Date: Thu, 10 Dec 2020 13:32:04 GMT
Content-Type: application/json
Transfer-Encoding: chunked
Connection: keep-alive
X-Robots-Tag: noindex
X-Content-Type-Options: nosniff
Expires: Wed, 11 Jan 1984 05:00:00 GMT
Cache-Control: no-cache, must-revalidate, max-age=0
X-Frame-Options: SAMEORIGIN
Referrer-Policy: strict-origin-when-cross-origin


    [body] => Array
        (
            [status] => KO
            [errors] => Array
                (
                )

            [messages] => Array
                (
                    [0] => Bob Boyd has a defensive strength of 6,302
                    [1] => admin has a attack strength of 1,900
                    [2] => Bob Boyd is victorious.
                    [3] => admin has lost the battle and Lewis Latimer is mourned!
                )

            [battle_report] => Array
                (
                    [success] => 
                    [winner] => 520
                    [loser] => 519
                    [lost_card] => IN4302
                    [final_calculated_attack] => 1900
                    [final_calculated_defense] => 6302
                )

            [new_board] => Array
                (
                    [status] => OK
                    [players] => Array
                        (
                            [0] => Array
                                (
                                    [name] => admin
                                    [morale] => 800
                                    [hand] => Array
                                        (
                                        )

                                    [current_move] => 0
                                    [max_moves] => 3
                                    [attacks] => 3
                                    [max_attacks] => 3
                                    [age] => 0
                                    [can_attack] => 1
                                    [can_be_attacked] => 1
                                    [land_pile] => Array
                                        (
                                        )

                                    [draw_pile] => Array
                                        (
                                        )

                                    [discard_pile] => Array
                                        (
                                        )

                                    [user_id] => 1
                                    [id] => 519
                                    [playmat] => Array
                                        (
                                            [0] => Array
                                                (
                                                    [0] => 0
                                                    [1] => 0
                                                    [2] => 0
                                                    [3] => 0
                                                    [4] => 0
                                                    [5] => 0
                                                    [6] => 0
                                                    [7] => 0
                                                )

                                            [1] => Array
                                                (
                                                    [0] => 0
                                                    [1] => 0
                                                    [2] => 0
                                                    [3] => 0
                                                    [4] => 0
                                                    [5] => 0
                                                    [6] => 0
                                                    [7] => 0
                                                )

                                            [2] => Array
                                                (
                                                    [0] => 0
                                                    [1] => 0
                                                    [2] => 0
                                                    [3] => 0
                                                    [4] => 0
                                                    [5] => 0
                                                    [6] => 0
                                                    [7] => 0
                                                )

                                            [3] => Array
                                                (
                                                    [0] => 0
                                                    [1] => 0
                                                    [2] => 0
                                                    [3] => AC4302
                                                    [4] => 0
                                                    [5] => 0
                                                    [6] => 0
                                                    [7] => 0
                                                )

                                            [4] => Array
                                                (
                                                    [0] => 0
                                                    [1] => 0
                                                    [2] => 0
                                                    [3] => MU4301
                                                    [4] => 0
                                                    [5] => LE4301
                                                    [6] => 0
                                                    [7] => 0
                                                )

                                            [5] => Array
                                                (
                                                    [0] => 0
                                                    [1] => 0
                                                    [2] => 0
                                                    [3] => AR4303
                                                    [4] => 0
                                                    [5] => CO4301
                                                    [6] => DO4301
                                                    [7] => 0
                                                )

                                            [6] => Array
                                                (
                                                    [0] => 0
                                                    [1] => 0
                                                    [2] => 0
                                                    [3] => EX4303
                                                    [4] => AR4302
                                                    [5] => CT4303
                                                    [6] => TE4301
                                                    [7] => 0
                                                )

                                            [7] => Array
                                                (
                                                    [0] => 0
                                                    [1] => 0
                                                    [2] => 0
                                                    [3] => CT4303
                                                    [4] => CT4301
                                                    [5] => CT4302
                                                    [6] => 0
                                                    [7] => 0
                                                )

                                        )

                                    [abilitymat] => Array
                                        (
                                            [0] => Array
                                                (
                                                    [0] => 0
                                                    [1] => 0
                                                    [2] => 0
                                                    [3] => 0
                                                    [4] => 0
                                                    [5] => 0
                                                    [6] => 0
                                                    [7] => 0
                                                )

                                            [1] => Array
                                                (
                                                    [0] => 0
                                                    [1] => 0
                                                    [2] => 0
                                                    [3] => 0
                                                    [4] => 0
                                                    [5] => 0
                                                    [6] => 0
                                                    [7] => 0
                                                )

                                            [2] => Array
                                                (
                                                    [0] => 0
                                                    [1] => 0
                                                    [2] => 0
                                                    [3] => 0
                                                    [4] => 0
                                                    [5] => 0
                                                    [6] => 0
                                                    [7] => 0
                                                )

                                            [3] => Array
                                                (
                                                    [0] => 0
                                                    [1] => 0
                                                    [2] => 0
                                                    [3] => 0
                                                    [4] => 0
                                                    [5] => 0
                                                    [6] => 0
                                                    [7] => 0
                                                )

                                            [4] => Array
                                                (
                                                    [0] => 0
                                                    [1] => 0
                                                    [2] => 0
                                                    [3] => Array
                                                        (
                                                            [0] => Array
                                                                (
                                                                    [id] => 193
                                                                    [charges] => -1
                                                                )

                                                        )

                                                    [4] => 0
                                                    [5] => Array
                                                        (
                                                            [0] => Array
                                                                (
                                                                    [id] => 196
                                                                    [charges] => -1
                                                                )

                                                        )

                                                    [6] => 0
                                                    [7] => 0
                                                )

                                            [5] => Array
                                                (
                                                    [0] => 0
                                                    [1] => 0
                                                    [2] => 0
                                                    [3] => Array
                                                        (
                                                            [0] => Array
                                                                (
                                                                    [id] => 204
                                                                    [charges] => 1
                                                                )

                                                        )

                                                    [4] => 0
                                                    [5] => Array
                                                        (
                                                            [0] => Array
                                                                (
                                                                    [id] => 207
                                                                    [charges] => 2
                                                                )

                                                        )

                                                    [6] => Array
                                                        (
                                                            [0] => Array
                                                                (
                                                                    [id] => 208
                                                                    [charges] => -1
                                                                )

                                                            [1] => Array
                                                                (
                                                                    [id] => 209
                                                                    [charges] => -1
                                                                )

                                                        )

                                                    [7] => 0
                                                )

                                            [6] => Array
                                                (
                                                    [0] => 0
                                                    [1] => 0
                                                    [2] => 0
                                                    [3] => Array
                                                        (
                                                            [0] => Array
                                                                (
                                                                    [id] => 197
                                                                    [charges] => -1
                                                                )

                                                            [1] => Array
                                                                (
                                                                    [id] => 198
                                                                    [charges] => -1
                                                                )

                                                        )

                                                    [4] => 0
                                                    [5] => 0
                                                    [6] => Array
                                                        (
                                                            [0] => Array
                                                                (
                                                                    [id] => 211
                                                                    [charges] => -1
                                                                )

                                                        )

                                                    [7] => 0
                                                )

                                            [7] => Array
                                                (
                                                    [0] => 0
                                                    [1] => 0
                                                    [2] => 0
                                                    [3] => 0
                                                    [4] => 0
                                                    [5] => 0
                                                    [6] => 0
                                                    [7] => 0
                                                )

                                        )

                                    [damagemat] => Array
                                        (
                                            [0] => Array
                                                (
                                                    [0] => 0
                                                    [1] => 0
                                                    [2] => 0
                                                    [3] => 0
                                                    [4] => 0
                                                    [5] => 0
                                                    [6] => 0
                                                    [7] => 0
                                                )

                                            [1] => Array
                                                (
                                                    [0] => 0
                                                    [1] => 0
                                                    [2] => 0
                                                    [3] => 0
                                                    [4] => 0
                                                    [5] => 0
                                                    [6] => 0
                                                    [7] => 0
                                                )

                                            [2] => Array
                                                (
                                                    [0] => 0
                                                    [1] => 0
                                                    [2] => 0
                                                    [3] => 0
                                                    [4] => 0
                                                    [5] => 0
                                                    [6] => 0
                                                    [7] => 0
                                                )

                                            [3] => Array
                                                (
                                                    [0] => 0
                                                    [1] => 0
                                                    [2] => 0
                                                    [3] => 0
                                                    [4] => 0
                                                    [5] => 0
                                                    [6] => 0
                                                    [7] => 0
                                                )

                                            [4] => Array
                                                (
                                                    [0] => 0
                                                    [1] => 0
                                                    [2] => 0
                                                    [3] => 0
                                                    [4] => 0
                                                    [5] => 0
                                                    [6] => 0
                                                    [7] => 0
                                                )

                                            [5] => Array
                                                (
                                                    [0] => 0
                                                    [1] => 0
                                                    [2] => 0
                                                    [3] => 0
                                                    [4] => 0
                                                    [5] => 0
                                                    [6] => 0
                                                    [7] => 0
                                                )

                                            [6] => Array
                                                (
                                                    [0] => 0
                                                    [1] => 0
                                                    [2] => 0
                                                    [3] => 0
                                                    [4] => 0
                                                    [5] => Array
                                                        (
                                                            [0] => Array
                                                                (
                                                                    [0] => morale
                                                                    [1] => -100
                                                                )

                                                        )

                                                    [6] => 0
                                                    [7] => 0
                                                )

                                            [7] => Array
                                                (
                                                    [0] => 0
                                                    [1] => 0
                                                    [2] => 0
                                                    [3] => 0
                                                    [4] => 0
                                                    [5] => 0
                                                    [6] => 0
                                                    [7] => 0
                                                )

                                        )

                                    [land_count] => 3
                                )

                            [1] => Array
                                (
                                    [name] => Bob Boyd
                                    [morale] => 1500
                                    [hand] => Array
                                        (
                                        )

                                    [current_move] => 0
                                    [max_moves] => 3
                                    [attacks] => 3
                                    [max_attacks] => 3
                                    [age] => 0
                                    [can_attack] => 1
                                    [can_be_attacked] => 1
                                    [land_pile] => Array
                                        (
                                        )

                                    [draw_pile] => Array
                                        (
                                        )

                                    [discard_pile] => Array
                                        (
                                        )

                                    [user_id] => 2
                                    [id] => 520
                                    [playmat] => Array
                                        (
                                            [0] => Array
                                                (
                                                    [0] => 0
                                                    [1] => 0
                                                    [2] => 0
                                                    [3] => 0
                                                    [4] => 0
                                                    [5] => 0
                                                    [6] => 0
                                                    [7] => 0
                                                )

                                            [1] => Array
                                                (
                                                    [0] => 0
                                                    [1] => 0
                                                    [2] => 0
                                                    [3] => 0
                                                    [4] => 0
                                                    [5] => 0
                                                    [6] => 0
                                                    [7] => 0
                                                )

                                            [2] => Array
                                                (
                                                    [0] => 0
                                                    [1] => 0
                                                    [2] => 0
                                                    [3] => 0
                                                    [4] => 0
                                                    [5] => 0
                                                    [6] => 0
                                                    [7] => 0
                                                )

                                            [3] => Array
                                                (
                                                    [0] => 0
                                                    [1] => 0
                                                    [2] => AR4204
                                                    [3] => 0
                                                    [4] => 0
                                                    [5] => 0
                                                    [6] => 0
                                                    [7] => 0
                                                )

                                            [4] => Array
                                                (
                                                    [0] => 0
                                                    [1] => 0
                                                    [2] => MU2001
                                                    [3] => AR4304
                                                    [4] => LE4201
                                                    [5] => SP3004
                                                    [6] => 0
                                                    [7] => 0
                                                )

                                            [5] => Array
                                                (
                                                    [0] => 0
                                                    [1] => 0
                                                    [2] => IN4202
                                                    [3] => CO4202
                                                    [4] => AR4201
                                                    [5] => LE4203
                                                    [6] => EV4202
                                                    [7] => 0
                                                )

                                            [6] => Array
                                                (
                                                    [0] => 0
                                                    [1] => 0
                                                    [2] => EX4202
                                                    [3] => C04201
                                                    [4] => EX4205
                                                    [5] => CT4303
                                                    [6] => KN4201
                                                    [7] => 0
                                                )

                                            [7] => Array
                                                (
                                                    [0] => 0
                                                    [1] => 0
                                                    [2] => 0
                                                    [3] => CT4203
                                                    [4] => CT4204
                                                    [5] => CT4206
                                                    [6] => 0
                                                    [7] => 0
                                                )

                                        )

                                    [abilitymat] => Array
                                        (
                                            [0] => Array
                                                (
                                                    [0] => 0
                                                    [1] => 0
                                                    [2] => 0
                                                    [3] => 0
                                                    [4] => 0
                                                    [5] => 0
                                                    [6] => 0
                                                    [7] => 0
                                                )

                                            [1] => Array
                                                (
                                                    [0] => 0
                                                    [1] => 0
                                                    [2] => 0
                                                    [3] => 0
                                                    [4] => 0
                                                    [5] => 0
                                                    [6] => 0
                                                    [7] => 0
                                                )

                                            [2] => Array
                                                (
                                                    [0] => 0
                                                    [1] => 0
                                                    [2] => 0
                                                    [3] => 0
                                                    [4] => 0
                                                    [5] => 0
                                                    [6] => 0
                                                    [7] => 0
                                                )

                                            [3] => Array
                                                (
                                                    [0] => 0
                                                    [1] => 0
                                                    [2] => Array
                                                        (
                                                            [0] => Array
                                                                (
                                                                    [id] => 126
                                                                    [charges] => -1
                                                                )

                                                            [1] => Array
                                                                (
                                                                    [id] => 127
                                                                    [charges] => -1
                                                                )

                                                        )

                                                    [3] => 0
                                                    [4] => 0
                                                    [5] => 0
                                                    [6] => 0
                                                    [7] => 0
                                                )

                                            [4] => Array
                                                (
                                                    [0] => 0
                                                    [1] => 0
                                                    [2] => Array
                                                        (
                                                            [0] => Array
                                                                (
                                                                    [id] => 137
                                                                    [charges] => -1
                                                                )

                                                        )

                                                    [3] => Array
                                                        (
                                                            [0] => Array
                                                                (
                                                                    [id] => 205
                                                                    [charges] => -1
                                                                )

                                                        )

                                                    [4] => Array
                                                        (
                                                            [0] => Array
                                                                (
                                                                    [id] => 158
                                                                    [charges] => -1
                                                                )

                                                            [1] => Array
                                                                (
                                                                    [id] => 159
                                                                    [charges] => -1
                                                                )

                                                        )

                                                    [5] => 0
                                                    [6] => 0
                                                    [7] => 0
                                                )

                                            [5] => Array
                                                (
                                                    [0] => 0
                                                    [1] => 0
                                                    [2] => Array
                                                        (
                                                            [0] => Array
                                                                (
                                                                    [id] => 160
                                                                    [charges] => -1
                                                                )

                                                        )

                                                    [3] => 0
                                                    [4] => Array
                                                        (
                                                            [0] => Array
                                                                (
                                                                    [id] => 124
                                                                    [charges] => -1
                                                                )

                                                        )

                                                    [5] => Array
                                                        (
                                                            [0] => Array
                                                                (
                                                                    [id] => 136
                                                                    [charges] => -1
                                                                )

                                                        )

                                                    [6] => Array
                                                        (
                                                            [0] => Array
                                                                (
                                                                    [id] => 133
                                                                    [charges] => -1
                                                                )

                                                            [1] => Array
                                                                (
                                                                    [id] => 134
                                                                    [charges] => -1
                                                                )

                                                        )

                                                    [7] => 0
                                                )

                                            [6] => Array
                                                (
                                                    [0] => 0
                                                    [1] => 0
                                                    [2] => Array
                                                        (
                                                            [0] => Array
                                                                (
                                                                    [id] => 162
                                                                    [charges] => -1
                                                                )

                                                        )

                                                    [3] => Array
                                                        (
                                                            [0] => Array
                                                                (
                                                                    [id] => 154
                                                                    [charges] => 1
                                                                )

                                                        )

                                                    [4] => Array
                                                        (
                                                            [0] => Array
                                                                (
                                                                    [id] => 156
                                                                    [charges] => -1
                                                                )

                                                            [1] => Array
                                                                (
                                                                    [id] => 157
                                                                    [charges] => -1
                                                                )

                                                        )

                                                    [5] => 0
                                                    [6] => Array
                                                        (
                                                            [0] => Array
                                                                (
                                                                    [id] => 153
                                                                    [charges] => -1
                                                                )

                                                        )

                                                    [7] => 0
                                                )

                                            [7] => Array
                                                (
                                                    [0] => 0
                                                    [1] => 0
                                                    [2] => 0
                                                    [3] => 0
                                                    [4] => Array
                                                        (
                                                            [0] => Array
                                                                (
                                                                    [id] => 165
                                                                    [charges] => -1
                                                                )

                                                            [1] => Array
                                                                (
                                                                    [id] => 166
                                                                    [charges] => 0
                                                                )

                                                        )

                                                    [5] => Array
                                                        (
                                                            [0] => Array
                                                                (
                                                                    [id] => 163
                                                                    [charges] => -1
                                                                )

                                                            [1] => Array
                                                                (
                                                                    [id] => 164
                                                                    [charges] => -1
                                                                )

                                                        )

                                                    [6] => 0
                                                    [7] => 0
                                                )

                                        )

                                    [damagemat] => Array
                                        (
                                            [0] => Array
                                                (
                                                    [0] => 0
                                                    [1] => 0
                                                    [2] => 0
                                                    [3] => 0
                                                    [4] => 0
                                                    [5] => 0
                                                    [6] => 0
                                                    [7] => 0
                                                )

                                            [1] => Array
                                                (
                                                    [0] => 0
                                                    [1] => 0
                                                    [2] => 0
                                                    [3] => 0
                                                    [4] => 0
                                                    [5] => 0
                                                    [6] => 0
                                                    [7] => 0
                                                )

                                            [2] => Array
                                                (
                                                    [0] => 0
                                                    [1] => 0
                                                    [2] => 0
                                                    [3] => 0
                                                    [4] => 0
                                                    [5] => 0
                                                    [6] => 0
                                                    [7] => 0
                                                )

                                            [3] => Array
                                                (
                                                    [0] => 0
                                                    [1] => 0
                                                    [2] => 0
                                                    [3] => 0
                                                    [4] => 0
                                                    [5] => 0
                                                    [6] => 0
                                                    [7] => 0
                                                )

                                            [4] => Array
                                                (
                                                    [0] => 0
                                                    [1] => 0
                                                    [2] => 0
                                                    [3] => 0
                                                    [4] => 0
                                                    [5] => 0
                                                    [6] => 0
                                                    [7] => 0
                                                )

                                            [5] => Array
                                                (
                                                    [0] => 0
                                                    [1] => 0
                                                    [2] => 0
                                                    [3] => 0
                                                    [4] => 0
                                                    [5] => 0
                                                    [6] => 0
                                                    [7] => 0
                                                )

                                            [6] => Array
                                                (
                                                    [0] => 0
                                                    [1] => 0
                                                    [2] => 0
                                                    [3] => 0
                                                    [4] => 0
                                                    [5] => 0
                                                    [6] => 0
                                                    [7] => 0
                                                )

                                            [7] => Array
                                                (
                                                    [0] => 0
                                                    [1] => 0
                                                    [2] => 0
                                                    [3] => 0
                                                    [4] => 0
                                                    [5] => 0
                                                    [6] => 0
                                                    [7] => 0
                                                )

                                        )

                                    [land_count] => 3
                                )

                        )

                    [errors] => Array
                        (
                        )

                    [round] => 1
                    [current_player_id] => 519
                )

            [logs] => Array
                (
                    [0] => player_ids=519,520
                    [1] => sql=SELECT * FROM `hc_players` WHERE game_id = 261 AND id IN (519,520);
                    [2] => discardpile for 1 was was null, initializing
                    [3] => discardpile for 2 was was null, initializing
                    [4] => HistoricalConquest\get_attack_cards_involved src_id = CT4303
                    [5] => HistoricalConquest\get_row_col_for, mat=[[0,0,0,0,0,0,0,0],[0,0,0,0,0,0,0,0],[0,0,0,0,0,0,0,0],[0,0,0,"AC4302",0,"IN4302",0,0],[0,0,0,"MU4301",0,"LE4301",0,0],[0,0,0,"AR4303",0,"CO4301","DO4301",0],[0,0,0,"EX4303","AR4302","CT4303","TE4301",0],[0,0,0,"CT4303","CT4301","CT4302",0,0]]
                    [6] => HistoricalConquest\get_row_col_for id=CT4303, 0
                    [7] => HistoricalConquest\get_row_col_for id=CT4303, 0
                    [8] => HistoricalConquest\get_row_col_for id=CT4303, 0
                    [9] => HistoricalConquest\get_row_col_for id=CT4303, 0
                    [10] => HistoricalConquest\get_row_col_for id=CT4303, 0
                    [11] => HistoricalConquest\get_row_col_for id=CT4303, 0
                    [12] => HistoricalConquest\get_row_col_for id=CT4303, 0
                    [13] => HistoricalConquest\get_row_col_for id=CT4303, 0
                    [14] => HistoricalConquest\get_row_col_for id=CT4303, 0
                    [15] => HistoricalConquest\get_row_col_for id=CT4303, 0
                    [16] => HistoricalConquest\get_row_col_for id=CT4303, 0
                    [17] => HistoricalConquest\get_row_col_for id=CT4303, 0
                    [18] => HistoricalConquest\get_row_col_for id=CT4303, 0
                    [19] => HistoricalConquest\get_row_col_for id=CT4303, 0
                    [20] => HistoricalConquest\get_row_col_for id=CT4303, 0
                    [21] => HistoricalConquest\get_row_col_for id=CT4303, 0
                    [22] => HistoricalConquest\get_row_col_for id=CT4303, 0
                    [23] => HistoricalConquest\get_row_col_for id=CT4303, 0
                    [24] => HistoricalConquest\get_row_col_for id=CT4303, 0
                    [25] => HistoricalConquest\get_row_col_for id=CT4303, 0
                    [26] => HistoricalConquest\get_row_col_for id=CT4303, 0
                    [27] => HistoricalConquest\get_row_col_for id=CT4303, 0
                    [28] => HistoricalConquest\get_row_col_for id=CT4303, 0
                    [29] => HistoricalConquest\get_row_col_for id=CT4303, 0
                    [30] => HistoricalConquest\get_row_col_for id=CT4303, 0
                    [31] => HistoricalConquest\get_row_col_for id=CT4303, 0
                    [32] => HistoricalConquest\get_row_col_for id=CT4303, 0
                    [33] => HistoricalConquest\get_row_col_for id=CT4303, AC4302
                    [34] => HistoricalConquest\get_row_col_for id=CT4303, 0
                    [35] => HistoricalConquest\get_row_col_for id=CT4303, IN4302
                    [36] => HistoricalConquest\get_row_col_for id=CT4303, 0
                    [37] => HistoricalConquest\get_row_col_for id=CT4303, 0
                    [38] => HistoricalConquest\get_row_col_for id=CT4303, 0
                    [39] => HistoricalConquest\get_row_col_for id=CT4303, 0
                    [40] => HistoricalConquest\get_row_col_for id=CT4303, 0
                    [41] => HistoricalConquest\get_row_col_for id=CT4303, MU4301
                    [42] => HistoricalConquest\get_row_col_for id=CT4303, 0
                    [43] => HistoricalConquest\get_row_col_for id=CT4303, LE4301
                    [44] => HistoricalConquest\get_row_col_for id=CT4303, 0
                    [45] => HistoricalConquest\get_row_col_for id=CT4303, 0
                    [46] => HistoricalConquest\get_row_col_for id=CT4303, 0
                    [47] => HistoricalConquest\get_row_col_for id=CT4303, 0
                    [48] => HistoricalConquest\get_row_col_for id=CT4303, 0
                    [49] => HistoricalConquest\get_row_col_for id=CT4303, AR4303
                    [50] => HistoricalConquest\get_row_col_for id=CT4303, 0
                    [51] => HistoricalConquest\get_row_col_for id=CT4303, CO4301
                    [52] => HistoricalConquest\get_row_col_for id=CT4303, DO4301
                    [53] => HistoricalConquest\get_row_col_for id=CT4303, 0
                    [54] => HistoricalConquest\get_row_col_for id=CT4303, 0
                    [55] => HistoricalConquest\get_row_col_for id=CT4303, 0
                    [56] => HistoricalConquest\get_row_col_for id=CT4303, 0
                    [57] => HistoricalConquest\get_row_col_for id=CT4303, EX4303
                    [58] => HistoricalConquest\get_row_col_for id=CT4303, AR4302
                    [59] => HistoricalConquest\get_row_col_for id=CT4303, CT4303
                    [60] => Returning {"row":6,"col":5}
                    [61] => HistoricalConquest\get_attack_cards_involved, {"row":6,"col":5}
                    [62] => HistoricalConquest\attack_player There are 7 card involved in the attack
                    [63] => HistoricalConquest\attack_playercards_involved=IN4302,LE4301,CO4301,DO4301,CT4303,TE4301,CT4302
                    [64] => HistoricalConquest\attack_playerdefs=
                    [65] => HistoricalConquest\get_row_col_for, mat=[[0,0,0,0,0,0,0,0],[0,0,0,0,0,0,0,0],[0,0,0,0,0,0,0,0],[0,0,0,"AC4302",0,"IN4302",0,0],[0,0,0,"MU4301",0,"LE4301",0,0],[0,0,0,"AR4303",0,"CO4301","DO4301",0],[0,0,0,"EX4303","AR4302","CT4303","TE4301",0],[0,0,0,"CT4303","CT4301","CT4302",0,0]]
                    [66] => HistoricalConquest\get_row_col_for id=CT4303, 0
                    [67] => HistoricalConquest\get_row_col_for id=CT4303, 0
                    [68] => HistoricalConquest\get_row_col_for id=CT4303, 0
                    [69] => HistoricalConquest\get_row_col_for id=CT4303, 0
                    [70] => HistoricalConquest\get_row_col_for id=CT4303, 0
                    [71] => HistoricalConquest\get_row_col_for id=CT4303, 0
                    [72] => HistoricalConquest\get_row_col_for id=CT4303, 0
                    [73] => HistoricalConquest\get_row_col_for id=CT4303, 0
                    [74] => HistoricalConquest\get_row_col_for id=CT4303, 0
                    [75] => HistoricalConquest\get_row_col_for id=CT4303, 0
                    [76] => HistoricalConquest\get_row_col_for id=CT4303, 0
                    [77] => HistoricalConquest\get_row_col_for id=CT4303, 0
                    [78] => HistoricalConquest\get_row_col_for id=CT4303, 0
                    [79] => HistoricalConquest\get_row_col_for id=CT4303, 0
                    [80] => HistoricalConquest\get_row_col_for id=CT4303, 0
                    [81] => HistoricalConquest\get_row_col_for id=CT4303, 0
                    [82] => HistoricalConquest\get_row_col_for id=CT4303, 0
                    [83] => HistoricalConquest\get_row_col_for id=CT4303, 0
                    [84] => HistoricalConquest\get_row_col_for id=CT4303, 0
                    [85] => HistoricalConquest\get_row_col_for id=CT4303, 0
                    [86] => HistoricalConquest\get_row_col_for id=CT4303, 0
                    [87] => HistoricalConquest\get_row_col_for id=CT4303, 0
                    [88] => HistoricalConquest\get_row_col_for id=CT4303, 0
                    [89] => HistoricalConquest\get_row_col_for id=CT4303, 0
                    [90] => HistoricalConquest\get_row_col_for id=CT4303, 0
                    [91] => HistoricalConquest\get_row_col_for id=CT4303, 0
                    [92] => HistoricalConquest\get_row_col_for id=CT4303, 0
                    [93] => HistoricalConquest\get_row_col_for id=CT4303, AC4302
                    [94] => HistoricalConquest\get_row_col_for id=CT4303, 0
                    [95] => HistoricalConquest\get_row_col_for id=CT4303, IN4302
                    [96] => HistoricalConquest\get_row_col_for id=CT4303, 0
                    [97] => HistoricalConquest\get_row_col_for id=CT4303, 0
                    [98] => HistoricalConquest\get_row_col_for id=CT4303, 0
                    [99] => HistoricalConquest\get_row_col_for id=CT4303, 0
                    [100] => HistoricalConquest\get_row_col_for id=CT4303, 0
                    [101] => HistoricalConquest\get_row_col_for id=CT4303, MU4301
                    [102] => HistoricalConquest\get_row_col_for id=CT4303, 0
                    [103] => HistoricalConquest\get_row_col_for id=CT4303, LE4301
                    [104] => HistoricalConquest\get_row_col_for id=CT4303, 0
                    [105] => HistoricalConquest\get_row_col_for id=CT4303, 0
                    [106] => HistoricalConquest\get_row_col_for id=CT4303, 0
                    [107] => HistoricalConquest\get_row_col_for id=CT4303, 0
                    [108] => HistoricalConquest\get_row_col_for id=CT4303, 0
                    [109] => HistoricalConquest\get_row_col_for id=CT4303, AR4303
                    [110] => HistoricalConquest\get_row_col_for id=CT4303, 0
                    [111] => HistoricalConquest\get_row_col_for id=CT4303, CO4301
                    [112] => HistoricalConquest\get_row_col_for id=CT4303, DO4301
                    [113] => HistoricalConquest\get_row_col_for id=CT4303, 0
                    [114] => HistoricalConquest\get_row_col_for id=CT4303, 0
                    [115] => HistoricalConquest\get_row_col_for id=CT4303, 0
                    [116] => HistoricalConquest\get_row_col_for id=CT4303, 0
                    [117] => HistoricalConquest\get_row_col_for id=CT4303, EX4303
                    [118] => HistoricalConquest\get_row_col_for id=CT4303, AR4302
                    [119] => HistoricalConquest\get_row_col_for id=CT4303, CT4303
                    [120] => Returning {"row":6,"col":5}
                    [121] => HistoricalConquest\mat_item_to_ability: SELECT * FROM `hc_card_abilities` WHERE id = 193
                    [122] => HistoricalConquest\mat_item_to_ability: stdClass Object
(
    [id] => 193
    [card_id] => 144
    [created_at] => 2020-08-09 03:11:30
    [updated_at] => 
    [apply_to_type] => 49
    [apply_to_scope] => 44
    [usage_type] => 0
    [ability_type] => 0
    [affects_attribute] => morale
    [affect_amount] => 200
    [apply_to_ext_ids] => 
    [apply_to_card_types] => 
    [ext_ids_present_in_colum] => 
    [custom_function] => 
    [named_function] => 
    [charges] => -1
    [description] => Increase morale by 200.
)

                    [123] => HistoricalConquest\mat_item_to_ability: SELECT * FROM `hc_card_abilities` WHERE id = 196
                    [124] => HistoricalConquest\mat_item_to_ability: stdClass Object
(
    [id] => 196
    [card_id] => 139
    [created_at] => 2020-08-09 03:15:15
    [updated_at] => 
    [apply_to_type] => 49
    [apply_to_scope] => 44
    [usage_type] => 0
    [ability_type] => 0
    [affects_attribute] => morale
    [affect_amount] => 300
    [apply_to_ext_ids] => 
    [apply_to_card_types] => 
    [ext_ids_present_in_colum] => 
    [custom_function] => 
    [named_function] => 
    [charges] => -1
    [description] => Increase morale by 300.
)

                    [125] => HistoricalConquest\mat_item_to_ability: SELECT * FROM `hc_card_abilities` WHERE id = 204
                    [126] => HistoricalConquest\mat_item_to_ability: stdClass Object
(
    [id] => 204
    [card_id] => 107
    [created_at] => 2020-08-10 01:59:22
    [updated_at] => 
    [apply_to_type] => 49
    [apply_to_scope] => 47
    [usage_type] => 0
    [ability_type] => 0
    [affects_attribute] => strength
    [affect_amount] => 500
    [apply_to_ext_ids] => 
    [apply_to_card_types] => 
    [ext_ids_present_in_colum] => 
    [custom_function] => 
    [named_function] => 
    [charges] => 1
    [description] => Increase strength by 300 on the first attack.
)

                    [127] => HistoricalConquest\mat_item_to_ability: SELECT * FROM `hc_card_abilities` WHERE id = 207
                    [128] => HistoricalConquest\mat_item_to_ability: stdClass Object
(
    [id] => 207
    [card_id] => 115
    [created_at] => 2020-08-10 02:02:59
    [updated_at] => 
    [apply_to_type] => 49
    [apply_to_scope] => 44
    [usage_type] => 0
    [ability_type] => 0
    [affects_attribute] => strength
    [affect_amount] => 500
    [apply_to_ext_ids] => 
    [apply_to_card_types] => 
    [ext_ids_present_in_colum] => 
    [custom_function] => 
    [named_function] => 
    [charges] => 2
    [description] => Strength increases by 500 for 2 turns.
)

                    [129] => HistoricalConquest\mat_item_to_ability: SELECT * FROM `hc_card_abilities` WHERE id = 208
                    [130] => HistoricalConquest\mat_item_to_ability: stdClass Object
(
    [id] => 208
    [card_id] => 124
    [created_at] => 2020-08-10 02:05:18
    [updated_at] => 
    [apply_to_type] => 49
    [apply_to_scope] => 44
    [usage_type] => 0
    [ability_type] => 0
    [affects_attribute] => morale
    [affect_amount] => 200
    [apply_to_ext_ids] => 
    [apply_to_card_types] => 
    [ext_ids_present_in_colum] => 
    [custom_function] => 
    [named_function] => 
    [charges] => -1
    [description] => Increase morale by 200.
)

                    [131] => HistoricalConquest\mat_item_to_ability: SELECT * FROM `hc_card_abilities` WHERE id = 209
                    [132] => HistoricalConquest\mat_item_to_ability: stdClass Object
(
    [id] => 209
    [card_id] => 124
    [created_at] => 2020-08-10 02:05:18
    [updated_at] => 
    [apply_to_type] => 49
    [apply_to_scope] => 44
    [usage_type] => 0
    [ability_type] => 0
    [affects_attribute] => defense
    [affect_amount] => 300
    [apply_to_ext_ids] => 
    [apply_to_card_types] => 
    [ext_ids_present_in_colum] => 
    [custom_function] => 
    [named_function] => 
    [charges] => -1
    [description] => Increase defense by 300.
)

                    [133] => HistoricalConquest\mat_item_to_ability: SELECT * FROM `hc_card_abilities` WHERE id = 197
                    [134] => HistoricalConquest\mat_item_to_ability: stdClass Object
(
    [id] => 197
    [card_id] => 133
    [created_at] => 2020-08-09 03:17:18
    [updated_at] => 
    [apply_to_type] => 52
    [apply_to_scope] => 44
    [usage_type] => 0
    [ability_type] => 0
    [affects_attribute] => morale
    [affect_amount] => 100
    [apply_to_ext_ids] => 
    [apply_to_card_types] => *NORTH_AMERICA
    [ext_ids_present_in_colum] => 
    [custom_function] => 
    [named_function] => 
    [charges] => -1
    [description] => Increase morale by 100 if in North America.
)

                    [135] => HistoricalConquest\mat_item_to_ability: SELECT * FROM `hc_card_abilities` WHERE id = 198
                    [136] => HistoricalConquest\mat_item_to_ability: stdClass Object
(
    [id] => 198
    [card_id] => 133
    [created_at] => 2020-08-09 03:17:18
    [updated_at] => 
    [apply_to_type] => 52
    [apply_to_scope] => 44
    [usage_type] => 0
    [ability_type] => 0
    [affects_attribute] => morale
    [affect_amount] => 200
    [apply_to_ext_ids] => 
    [apply_to_card_types] => *ASIA
    [ext_ids_present_in_colum] => 
    [custom_function] => 
    [named_function] => 
    [charges] => -1
    [description] => Increase morale by 200 if in Asia.
)

                    [137] => HistoricalConquest\mat_item_to_ability: SELECT * FROM `hc_card_abilities` WHERE id = 211
                    [138] => HistoricalConquest\mat_item_to_ability: stdClass Object
(
    [id] => 211
    [card_id] => 151
    [created_at] => 2020-08-10 02:06:45
    [updated_at] => 
    [apply_to_type] => 49
    [apply_to_scope] => 44
    [usage_type] => 0
    [ability_type] => 0
    [affects_attribute] => defense
    [affect_amount] => 200
    [apply_to_ext_ids] => 
    [apply_to_card_types] => 
    [ext_ids_present_in_colum] => 
    [custom_function] => 
    [named_function] => 
    [charges] => -1
    [description] => Increase strength by 200.
)

                    [139] => HistoricalConquest\attack_player Final Calculated attack: 1900
                    [140] => HistoricalConquest\get_attack_cards_involved src_id = CT4203
                    [141] => HistoricalConquest\get_row_col_for, mat=[[0,0,0,0,0,0,0,0],[0,0,0,0,0,0,0,0],[0,0,0,0,0,0,0,0],[0,0,"AR4204",0,0,0,0,0],[0,0,"MU2001","AR4304","LE4201","SP3004",0,0],[0,0,"IN4202","CO4202","AR4201","LE4203","EV4202",0],[0,0,"EX4202","C04201","EX4205","CT4303","KN4201",0],[0,0,0,"CT4203","CT4204","CT4206",0,0]]
                    [142] => HistoricalConquest\get_row_col_for id=CT4203, 0
                    [143] => HistoricalConquest\get_row_col_for id=CT4203, 0
                    [144] => HistoricalConquest\get_row_col_for id=CT4203, 0
                    [145] => HistoricalConquest\get_row_col_for id=CT4203, 0
                    [146] => HistoricalConquest\get_row_col_for id=CT4203, 0
                    [147] => HistoricalConquest\get_row_col_for id=CT4203, 0
                    [148] => HistoricalConquest\get_row_col_for id=CT4203, 0
                    [149] => HistoricalConquest\get_row_col_for id=CT4203, 0
                    [150] => HistoricalConquest\get_row_col_for id=CT4203, 0
                    [151] => HistoricalConquest\get_row_col_for id=CT4203, 0
                    [152] => HistoricalConquest\get_row_col_for id=CT4203, 0
                    [153] => HistoricalConquest\get_row_col_for id=CT4203, 0
                    [154] => HistoricalConquest\get_row_col_for id=CT4203, 0
                    [155] => HistoricalConquest\get_row_col_for id=CT4203, 0
                    [156] => HistoricalConquest\get_row_col_for id=CT4203, 0
                    [157] => HistoricalConquest\get_row_col_for id=CT4203, 0
                    [158] => HistoricalConquest\get_row_col_for id=CT4203, 0
                    [159] => HistoricalConquest\get_row_col_for id=CT4203, 0
                    [160] => HistoricalConquest\get_row_col_for id=CT4203, 0
                    [161] => HistoricalConquest\get_row_col_for id=CT4203, 0
                    [162] => HistoricalConquest\get_row_col_for id=CT4203, 0
                    [163] => HistoricalConquest\get_row_col_for id=CT4203, 0
                    [164] => HistoricalConquest\get_row_col_for id=CT4203, 0
                    [165] => HistoricalConquest\get_row_col_for id=CT4203, 0
                    [166] => HistoricalConquest\get_row_col_for id=CT4203, 0
                    [167] => HistoricalConquest\get_row_col_for id=CT4203, 0
                    [168] => HistoricalConquest\get_row_col_for id=CT4203, AR4204
                    [169] => HistoricalConquest\get_row_col_for id=CT4203, 0
                    [170] => HistoricalConquest\get_row_col_for id=CT4203, 0
                    [171] => HistoricalConquest\get_row_col_for id=CT4203, 0
                    [172] => HistoricalConquest\get_row_col_for id=CT4203, 0
                    [173] => HistoricalConquest\get_row_col_for id=CT4203, 0
                    [174] => HistoricalConquest\get_row_col_for id=CT4203, 0
                    [175] => HistoricalConquest\get_row_col_for id=CT4203, 0
                    [176] => HistoricalConquest\get_row_col_for id=CT4203, MU2001
                    [177] => HistoricalConquest\get_row_col_for id=CT4203, AR4304
                    [178] => HistoricalConquest\get_row_col_for id=CT4203, LE4201
                    [179] => HistoricalConquest\get_row_col_for id=CT4203, SP3004
                    [180] => HistoricalConquest\get_row_col_for id=CT4203, 0
                    [181] => HistoricalConquest\get_row_col_for id=CT4203, 0
                    [182] => HistoricalConquest\get_row_col_for id=CT4203, 0
                    [183] => HistoricalConquest\get_row_col_for id=CT4203, 0
                    [184] => HistoricalConquest\get_row_col_for id=CT4203, IN4202
                    [185] => HistoricalConquest\get_row_col_for id=CT4203, CO4202
                    [186] => HistoricalConquest\get_row_col_for id=CT4203, AR4201
                    [187] => HistoricalConquest\get_row_col_for id=CT4203, LE4203
                    [188] => HistoricalConquest\get_row_col_for id=CT4203, EV4202
                    [189] => HistoricalConquest\get_row_col_for id=CT4203, 0
                    [190] => HistoricalConquest\get_row_col_for id=CT4203, 0
                    [191] => HistoricalConquest\get_row_col_for id=CT4203, 0
                    [192] => HistoricalConquest\get_row_col_for id=CT4203, EX4202
                    [193] => HistoricalConquest\get_row_col_for id=CT4203, C04201
                    [194] => HistoricalConquest\get_row_col_for id=CT4203, EX4205
                    [195] => HistoricalConquest\get_row_col_for id=CT4203, CT4303
                    [196] => HistoricalConquest\get_row_col_for id=CT4203, KN4201
                    [197] => HistoricalConquest\get_row_col_for id=CT4203, 0
                    [198] => HistoricalConquest\get_row_col_for id=CT4203, 0
                    [199] => HistoricalConquest\get_row_col_for id=CT4203, 0
                    [200] => HistoricalConquest\get_row_col_for id=CT4203, 0
                    [201] => HistoricalConquest\get_row_col_for id=CT4203, CT4203
                    [202] => Returning {"row":7,"col":3}
                    [203] => HistoricalConquest\get_attack_cards_involved, {"row":7,"col":3}
                    [204] => HistoricalConquest\attack_player There are 6 cards involved in the defense
                    [205] => HistoricalConquest\get_row_col_for, mat=[[0,0,0,0,0,0,0,0],[0,0,0,0,0,0,0,0],[0,0,0,0,0,0,0,0],[0,0,"AR4204",0,0,0,0,0],[0,0,"MU2001","AR4304","LE4201","SP3004",0,0],[0,0,"IN4202","CO4202","AR4201","LE4203","EV4202",0],[0,0,"EX4202","C04201","EX4205","CT4303","KN4201",0],[0,0,0,"CT4203","CT4204","CT4206",0,0]]
                    [206] => HistoricalConquest\get_row_col_for id=CT4203, 0
                    [207] => HistoricalConquest\get_row_col_for id=CT4203, 0
                    [208] => HistoricalConquest\get_row_col_for id=CT4203, 0
                    [209] => HistoricalConquest\get_row_col_for id=CT4203, 0
                    [210] => HistoricalConquest\get_row_col_for id=CT4203, 0
                    [211] => HistoricalConquest\get_row_col_for id=CT4203, 0
                    [212] => HistoricalConquest\get_row_col_for id=CT4203, 0
                    [213] => HistoricalConquest\get_row_col_for id=CT4203, 0
                    [214] => HistoricalConquest\get_row_col_for id=CT4203, 0
                    [215] => HistoricalConquest\get_row_col_for id=CT4203, 0
                    [216] => HistoricalConquest\get_row_col_for id=CT4203, 0
                    [217] => HistoricalConquest\get_row_col_for id=CT4203, 0
                    [218] => HistoricalConquest\get_row_col_for id=CT4203, 0
                    [219] => HistoricalConquest\get_row_col_for id=CT4203, 0
                    [220] => HistoricalConquest\get_row_col_for id=CT4203, 0
                    [221] => HistoricalConquest\get_row_col_for id=CT4203, 0
                    [222] => HistoricalConquest\get_row_col_for id=CT4203, 0
                    [223] => HistoricalConquest\get_row_col_for id=CT4203, 0
                    [224] => HistoricalConquest\get_row_col_for id=CT4203, 0
                    [225] => HistoricalConquest\get_row_col_for id=CT4203, 0
                    [226] => HistoricalConquest\get_row_col_for id=CT4203, 0
                    [227] => HistoricalConquest\get_row_col_for id=CT4203, 0
                    [228] => HistoricalConquest\get_row_col_for id=CT4203, 0
                    [229] => HistoricalConquest\get_row_col_for id=CT4203, 0
                    [230] => HistoricalConquest\get_row_col_for id=CT4203, 0
                    [231] => HistoricalConquest\get_row_col_for id=CT4203, 0
                    [232] => HistoricalConquest\get_row_col_for id=CT4203, AR4204
                    [233] => HistoricalConquest\get_row_col_for id=CT4203, 0
                    [234] => HistoricalConquest\get_row_col_for id=CT4203, 0
                    [235] => HistoricalConquest\get_row_col_for id=CT4203, 0
                    [236] => HistoricalConquest\get_row_col_for id=CT4203, 0
                    [237] => HistoricalConquest\get_row_col_for id=CT4203, 0
                    [238] => HistoricalConquest\get_row_col_for id=CT4203, 0
                    [239] => HistoricalConquest\get_row_col_for id=CT4203, 0
                    [240] => HistoricalConquest\get_row_col_for id=CT4203, MU2001
                    [241] => HistoricalConquest\get_row_col_for id=CT4203, AR4304
                    [242] => HistoricalConquest\get_row_col_for id=CT4203, LE4201
                    [243] => HistoricalConquest\get_row_col_for id=CT4203, SP3004
                    [244] => HistoricalConquest\get_row_col_for id=CT4203, 0
                    [245] => HistoricalConquest\get_row_col_for id=CT4203, 0
                    [246] => HistoricalConquest\get_row_col_for id=CT4203, 0
                    [247] => HistoricalConquest\get_row_col_for id=CT4203, 0
                    [248] => HistoricalConquest\get_row_col_for id=CT4203, IN4202
                    [249] => HistoricalConquest\get_row_col_for id=CT4203, CO4202
                    [250] => HistoricalConquest\get_row_col_for id=CT4203, AR4201
                    [251] => HistoricalConquest\get_row_col_for id=CT4203, LE4203
                    [252] => HistoricalConquest\get_row_col_for id=CT4203, EV4202
                    [253] => HistoricalConquest\get_row_col_for id=CT4203, 0
                    [254] => HistoricalConquest\get_row_col_for id=CT4203, 0
                    [255] => HistoricalConquest\get_row_col_for id=CT4203, 0
                    [256] => HistoricalConquest\get_row_col_for id=CT4203, EX4202
                    [257] => HistoricalConquest\get_row_col_for id=CT4203, C04201
                    [258] => HistoricalConquest\get_row_col_for id=CT4203, EX4205
                    [259] => HistoricalConquest\get_row_col_for id=CT4203, CT4303
                    [260] => HistoricalConquest\get_row_col_for id=CT4203, KN4201
                    [261] => HistoricalConquest\get_row_col_for id=CT4203, 0
                    [262] => HistoricalConquest\get_row_col_for id=CT4203, 0
                    [263] => HistoricalConquest\get_row_col_for id=CT4203, 0
                    [264] => HistoricalConquest\get_row_col_for id=CT4203, 0
                    [265] => HistoricalConquest\get_row_col_for id=CT4203, CT4203
                    [266] => Returning {"row":7,"col":3}
                    [267] => HistoricalConquest\mat_item_to_ability: SELECT * FROM `hc_card_abilities` WHERE id = 126
                    [268] => HistoricalConquest\mat_item_to_ability: stdClass Object
(
    [id] => 126
    [card_id] => 57
    [created_at] => 2020-08-06 02:36:26
    [updated_at] => 
    [apply_to_type] => 52
    [apply_to_scope] => 44
    [usage_type] => 0
    [ability_type] => 0
    [affects_attribute] => defense
    [affect_amount] => 1000
    [apply_to_ext_ids] => 
    [apply_to_card_types] => *HISPANIC & *LEADER
    [ext_ids_present_in_colum] => 
    [custom_function] => 
    [named_function] => 
    [charges] => -1
    [description] => If the Spanish Armada  is defending an Hispanic Leader, increase defense by 1,000.
)

                    [269] => HistoricalConquest\mat_item_to_ability: SELECT * FROM `hc_card_abilities` WHERE id = 127
                    [270] => HistoricalConquest\mat_item_to_ability: stdClass Object
(
    [id] => 127
    [card_id] => 57
    [created_at] => 2020-08-06 02:36:26
    [updated_at] => 
    [apply_to_type] => 52
    [apply_to_scope] => 44
    [usage_type] => 0
    [ability_type] => 0
    [affects_attribute] => defense
    [affect_amount] => -500
    [apply_to_ext_ids] => 
    [apply_to_card_types] => *HISPANIC & *LEADER
    [ext_ids_present_in_colum] => 
    [custom_function] => 
    [named_function] => 
    [charges] => -1
    [description] => If the Spanish Armada  is defending an Hispanic Leader, decrease attack by 500.
)

                    [271] => HistoricalConquest\mat_item_to_ability: SELECT * FROM `hc_card_abilities` WHERE id = 137
                    [272] => HistoricalConquest\mat_item_to_ability: stdClass Object
(
    [id] => 137
    [card_id] => 93
    [created_at] => 2020-08-06 02:49:18
    [updated_at] => 
    [apply_to_type] => 49
    [apply_to_scope] => 44
    [usage_type] => 0
    [ability_type] => 0
    [affects_attribute] => morale
    [affect_amount] => 300
    [apply_to_ext_ids] => 
    [apply_to_card_types] => 
    [ext_ids_present_in_colum] => 
    [custom_function] => 
    [named_function] => 
    [charges] => -1
    [description] => Increase morale by 300.
)

                    [273] => HistoricalConquest\mat_item_to_ability: SELECT * FROM `hc_card_abilities` WHERE id = 205
                    [274] => HistoricalConquest\mat_item_to_ability: stdClass Object
(
    [id] => 205
    [card_id] => 108
    [created_at] => 2020-08-10 02:00:26
    [updated_at] => 
    [apply_to_type] => 52
    [apply_to_scope] => 44
    [usage_type] => 0
    [ability_type] => 0
    [affects_attribute] => strength
    [affect_amount] => 500
    [apply_to_ext_ids] => 
    [apply_to_card_types] => *ASIA
    [ext_ids_present_in_colum] => 
    [custom_function] => 
    [named_function] => 
    [charges] => -1
    [description] => Increase strength by 500 when in an Asian land.
)

                    [275] => HistoricalConquest\mat_item_to_ability: SELECT * FROM `hc_card_abilities` WHERE id = 158
                    [276] => HistoricalConquest\mat_item_to_ability: stdClass Object
(
    [id] => 158
    [card_id] => 88
    [created_at] => 2020-08-06 18:44:22
    [updated_at] => 
    [apply_to_type] => 49
    [apply_to_scope] => 44
    [usage_type] => 0
    [ability_type] => 0
    [affects_attribute] => morale
    [affect_amount] => 100
    [apply_to_ext_ids] => 
    [apply_to_card_types] => 
    [ext_ids_present_in_colum] => 
    [custom_function] => 
    [named_function] => 
    [charges] => -1
    [description] => Increase morale by 100.
)

                    [277] => HistoricalConquest\mat_item_to_ability: SELECT * FROM `hc_card_abilities` WHERE id = 159
                    [278] => HistoricalConquest\mat_item_to_ability: stdClass Object
(
    [id] => 159
    [card_id] => 88
    [created_at] => 2020-08-06 18:44:22
    [updated_at] => 
    [apply_to_type] => 55
    [apply_to_scope] => 44
    [usage_type] => 0
    [ability_type] => 0
    [affects_attribute] => strength
    [affect_amount] => 2
    [apply_to_ext_ids] => 
    [apply_to_card_types] => *FEMALE & *LEADER
    [ext_ids_present_in_colum] => 
    [custom_function] => 
    [named_function] => multiply_card_abilities
    [charges] => -1
    [description] => Double the strength of all female leaders in your civilization.
)

                    [279] => HistoricalConquest\mat_item_to_ability: SELECT * FROM `hc_card_abilities` WHERE id = 160
                    [280] => HistoricalConquest\mat_item_to_ability: stdClass Object
(
    [id] => 160
    [card_id] => 86
    [created_at] => 2020-08-06 18:44:50
    [updated_at] => 
    [apply_to_type] => 49
    [apply_to_scope] => 44
    [usage_type] => 0
    [ability_type] => 0
    [affects_attribute] => morale
    [affect_amount] => 300
    [apply_to_ext_ids] => 
    [apply_to_card_types] => 
    [ext_ids_present_in_colum] => 
    [custom_function] => 
    [named_function] => 
    [charges] => -1
    [description] => Increase morale by 300 points.
)

                    [281] => HistoricalConquest\mat_item_to_ability: SELECT * FROM `hc_card_abilities` WHERE id = 124
                    [282] => HistoricalConquest\mat_item_to_ability: stdClass Object
(
    [id] => 124
    [card_id] => 54
    [created_at] => 2020-08-06 02:32:17
    [updated_at] => 
    [apply_to_type] => 52
    [apply_to_scope] => 44
    [usage_type] => 0
    [ability_type] => 0
    [affects_attribute] => strength
    [affect_amount] => 1000
    [apply_to_ext_ids] => 
    [apply_to_card_types] => *AFRICA
    [ext_ids_present_in_colum] => 
    [custom_function] => 
    [named_function] => 
    [charges] => -1
    [description] => Increase strength by 1,000 if in Africa.
)

                    [283] => HistoricalConquest\mat_item_to_ability: SELECT * FROM `hc_card_abilities` WHERE id = 136
                    [284] => HistoricalConquest\mat_item_to_ability: stdClass Object
(
    [id] => 136
    [card_id] => 90
    [created_at] => 2020-08-06 02:48:55
    [updated_at] => 
    [apply_to_type] => 52
    [apply_to_scope] => 44
    [usage_type] => 0
    [ability_type] => 0
    [affects_attribute] => strength
    [affect_amount] => 500
    [apply_to_ext_ids] => 
    [apply_to_card_types] => *CONQUEROR
    [ext_ids_present_in_colum] => 
    [custom_function] => 
    [named_function] => 
    [charges] => -1
    [description] => Increase strength by 500 in a land with a conqueror.
)

                    [285] => HistoricalConquest\mat_item_to_ability: SELECT * FROM `hc_card_abilities` WHERE id = 133
                    [286] => HistoricalConquest\mat_item_to_ability: stdClass Object
(
    [id] => 133
    [card_id] => 77
    [created_at] => 2020-08-06 02:44:33
    [updated_at] => 
    [apply_to_type] => 52
    [apply_to_scope] => 45
    [usage_type] => 64
    [ability_type] => 66
    [affects_attribute] => attack
    [affect_amount] => 1600
    [apply_to_ext_ids] => 
    [apply_to_card_types] => *SPIRITUAL_LEADER
    [ext_ids_present_in_colum] => 
    [custom_function] => 
    [named_function] => 
    [charges] => -1
    [description] => Increase attack by 1,600 for any spiritual leader.
)

                    [287] => HistoricalConquest\mat_item_to_ability: SELECT * FROM `hc_card_abilities` WHERE id = 134
                    [288] => HistoricalConquest\mat_item_to_ability: stdClass Object
(
    [id] => 134
    [card_id] => 77
    [created_at] => 2020-08-06 02:44:33
    [updated_at] => 
    [apply_to_type] => 52
    [apply_to_scope] => 45
    [usage_type] => 64
    [ability_type] => 66
    [affects_attribute] => defense
    [affect_amount] => 1600
    [apply_to_ext_ids] => 
    [apply_to_card_types] => *SPIRITUAL_LEADER
    [ext_ids_present_in_colum] => 
    [custom_function] => 
    [named_function] => 
    [charges] => -1
    [description] => Increase attack by 1,600 for any spiritual leader.
)

                    [289] => HistoricalConquest\mat_item_to_ability: SELECT * FROM `hc_card_abilities` WHERE id = 162
                    [290] => HistoricalConquest\mat_item_to_ability: stdClass Object
(
    [id] => 162
    [card_id] => 81
    [created_at] => 2020-08-06 18:48:10
    [updated_at] => 
    [apply_to_type] => 49
    [apply_to_scope] => 45
    [usage_type] => 98
    [ability_type] => 65
    [affects_attribute] => morale
    [affect_amount] => 300
    [apply_to_ext_ids] => 
    [apply_to_card_types] => 
    [ext_ids_present_in_colum] => 
    [custom_function] => 
    [named_function] => 
    [charges] => -1
    [description] => Increase morale by 300. If you\'re about to lose a land, move any one character to another land.
)

                    [291] => HistoricalConquest\mat_item_to_ability: SELECT * FROM `hc_card_abilities` WHERE id = 154
                    [292] => HistoricalConquest\mat_item_to_ability: stdClass Object
(
    [id] => 154
    [card_id] => 64
    [created_at] => 2020-08-06 18:40:10
    [updated_at] => 
    [apply_to_type] => 54
    [apply_to_scope] => 47
    [usage_type] => 0
    [ability_type] => 0
    [affects_attribute] => strength
    [affect_amount] => 2
    [apply_to_ext_ids] => 
    [apply_to_card_types] => 
    [ext_ids_present_in_colum] => 
    [custom_function] => 
    [named_function] => 
    [charges] => 1
    [description] => Double lands combined strength.
)

                    [293] => HistoricalConquest\mat_item_to_ability: SELECT * FROM `hc_card_abilities` WHERE id = 156
                    [294] => HistoricalConquest\mat_item_to_ability: stdClass Object
(
    [id] => 156
    [card_id] => 84
    [created_at] => 2020-08-06 18:43:03
    [updated_at] => 
    [apply_to_type] => 49
    [apply_to_scope] => 44
    [usage_type] => 0
    [ability_type] => 0
    [affects_attribute] => morale
    [affect_amount] => 200
    [apply_to_ext_ids] => 
    [apply_to_card_types] => *AFRICA
    [ext_ids_present_in_colum] => 
    [custom_function] => 
    [named_function] => 
    [charges] => -1
    [description] => Increase morale by 200 points if in Africa.
)

                    [295] => HistoricalConquest\mat_item_to_ability: SELECT * FROM `hc_card_abilities` WHERE id = 157
                    [296] => HistoricalConquest\mat_item_to_ability: stdClass Object
(
    [id] => 157
    [card_id] => 84
    [created_at] => 2020-08-06 18:43:03
    [updated_at] => 
    [apply_to_type] => 52
    [apply_to_scope] => 44
    [usage_type] => 0
    [ability_type] => 0
    [affects_attribute] => strength
    [affect_amount] => 200
    [apply_to_ext_ids] => 
    [apply_to_card_types] => *AFRICA
    [ext_ids_present_in_colum] => 
    [custom_function] => 
    [named_function] => 
    [charges] => -1
    [description] => Increase strength by 200 points if in Africa.
)

                    [297] => HistoricalConquest\mat_item_to_ability: SELECT * FROM `hc_card_abilities` WHERE id = 153
                    [298] => HistoricalConquest\mat_item_to_ability: stdClass Object
(
    [id] => 153
    [card_id] => 87
    [created_at] => 2020-08-06 18:38:53
    [updated_at] => 
    [apply_to_type] => 49
    [apply_to_scope] => 44
    [usage_type] => 0
    [ability_type] => 0
    [affects_attribute] => morale
    [affect_amount] => 300
    [apply_to_ext_ids] => 
    [apply_to_card_types] => 
    [ext_ids_present_in_colum] => 
    [custom_function] => 
    [named_function] => 
    [charges] => -1
    [description] => Increase morale by 300.
)

                    [299] => HistoricalConquest\mat_item_to_ability: SELECT * FROM `hc_card_abilities` WHERE id = 165
                    [300] => HistoricalConquest\mat_item_to_ability: stdClass Object
(
    [id] => 165
    [card_id] => 70
    [created_at] => 2020-08-06 18:52:46
    [updated_at] => 
    [apply_to_type] => 52
    [apply_to_scope] => 44
    [usage_type] => 0
    [ability_type] => 0
    [affects_attribute] => strength
    [affect_amount] => 500
    [apply_to_ext_ids] => 
    [apply_to_card_types] => *SPIRITUAL_LEADER & *MUSLIM
    [ext_ids_present_in_colum] => 
    [custom_function] => 
    [named_function] => 
    [charges] => -1
    [description] => Increase strength by 500 if Islamic Spiritual Leader present.
)

                    [301] => HistoricalConquest\mat_item_to_ability: SELECT * FROM `hc_card_abilities` WHERE id = 166
                    [302] => HistoricalConquest\mat_item_to_ability: stdClass Object
(
    [id] => 166
    [card_id] => 70
    [created_at] => 2020-08-06 18:52:46
    [updated_at] => 
    [apply_to_type] => 52
    [apply_to_scope] => 44
    [usage_type] => 0
    [ability_type] => 0
    [affects_attribute] => morale
    [affect_amount] => 500
    [apply_to_ext_ids] => 
    [apply_to_card_types] => *SPIRITUAL_LEADER & *MUSLIM
    [ext_ids_present_in_colum] => 
    [custom_function] => 
    [named_function] => 
    [charges] => 0
    [description] => Increase morale by 500 if Islamic Spiritual Leader present.
)

                    [303] => HistoricalConquest\mat_item_to_ability: SELECT * FROM `hc_card_abilities` WHERE id = 163
                    [304] => HistoricalConquest\mat_item_to_ability: stdClass Object
(
    [id] => 163
    [card_id] => 72
    [created_at] => 2020-08-06 18:50:31
    [updated_at] => 
    [apply_to_type] => 52
    [apply_to_scope] => 44
    [usage_type] => 0
    [ability_type] => 0
    [affects_attribute] => morale
    [affect_amount] => 300
    [apply_to_ext_ids] => EX4403
    [apply_to_card_types] => 
    [ext_ids_present_in_colum] => 
    [custom_function] => 
    [named_function] => 
    [charges] => -1
    [description] => Increase morale by 300.
)

                    [305] => HistoricalConquest\mat_item_to_ability: SELECT * FROM `hc_card_abilities` WHERE id = 164
                    [306] => HistoricalConquest\mat_item_to_ability: stdClass Object
(
    [id] => 164
    [card_id] => 72
    [created_at] => 2020-08-06 18:50:31
    [updated_at] => 
    [apply_to_type] => 52
    [apply_to_scope] => 44
    [usage_type] => 0
    [ability_type] => 0
    [affects_attribute] => strength
    [affect_amount] => 500
    [apply_to_ext_ids] => EX4403
    [apply_to_card_types] => 
    [ext_ids_present_in_colum] => 
    [custom_function] => 
    [named_function] => 
    [charges] => -1
    [description] => Increase strength by 500.
)

                    [307] => HistoricalConquest\attack_player Final Calculated defense: 6302
                    [308] => HistoricalConquest\attack_player defender=520 is the winner
                    [309] => HistoricalConquest\get_row_col_for, mat=[[0,0,0,0,0,0,0,0],[0,0,0,0,0,0,0,0],[0,0,0,0,0,0,0,0],[0,0,0,"AC4302",0,"IN4302",0,0],[0,0,0,"MU4301",0,"LE4301",0,0],[0,0,0,"AR4303",0,"CO4301","DO4301",0],[0,0,0,"EX4303","AR4302","CT4303","TE4301",0],[0,0,0,"CT4303","CT4301","CT4302",0,0]]
                    [310] => HistoricalConquest\get_row_col_for id=CT4303, 0
                    [311] => HistoricalConquest\get_row_col_for id=CT4303, 0
                    [312] => HistoricalConquest\get_row_col_for id=CT4303, 0
                    [313] => HistoricalConquest\get_row_col_for id=CT4303, 0
                    [314] => HistoricalConquest\get_row_col_for id=CT4303, 0
                    [315] => HistoricalConquest\get_row_col_for id=CT4303, 0
                    [316] => HistoricalConquest\get_row_col_for id=CT4303, 0
                    [317] => HistoricalConquest\get_row_col_for id=CT4303, 0
                    [318] => HistoricalConquest\get_row_col_for id=CT4303, 0
                    [319] => HistoricalConquest\get_row_col_for id=CT4303, 0
                    [320] => HistoricalConquest\get_row_col_for id=CT4303, 0
                    [321] => HistoricalConquest\get_row_col_for id=CT4303, 0
                    [322] => HistoricalConquest\get_row_col_for id=CT4303, 0
                    [323] => HistoricalConquest\get_row_col_for id=CT4303, 0
                    [324] => HistoricalConquest\get_row_col_for id=CT4303, 0
                    [325] => HistoricalConquest\get_row_col_for id=CT4303, 0
                    [326] => HistoricalConquest\get_row_col_for id=CT4303, 0
                    [327] => HistoricalConquest\get_row_col_for id=CT4303, 0
                    [328] => HistoricalConquest\get_row_col_for id=CT4303, 0
                    [329] => HistoricalConquest\get_row_col_for id=CT4303, 0
                    [330] => HistoricalConquest\get_row_col_for id=CT4303, 0
                    [331] => HistoricalConquest\get_row_col_for id=CT4303, 0
                    [332] => HistoricalConquest\get_row_col_for id=CT4303, 0
                    [333] => HistoricalConquest\get_row_col_for id=CT4303, 0
                    [334] => HistoricalConquest\get_row_col_for id=CT4303, 0
                    [335] => HistoricalConquest\get_row_col_for id=CT4303, 0
                    [336] => HistoricalConquest\get_row_col_for id=CT4303, 0
                    [337] => HistoricalConquest\get_row_col_for id=CT4303, AC4302
                    [338] => HistoricalConquest\get_row_col_for id=CT4303, 0
                    [339] => HistoricalConquest\get_row_col_for id=CT4303, IN4302
                    [340] => HistoricalConquest\get_row_col_for id=CT4303, 0
                    [341] => HistoricalConquest\get_row_col_for id=CT4303, 0
                    [342] => HistoricalConquest\get_row_col_for id=CT4303, 0
                    [343] => HistoricalConquest\get_row_col_for id=CT4303, 0
                    [344] => HistoricalConquest\get_row_col_for id=CT4303, 0
                    [345] => HistoricalConquest\get_row_col_for id=CT4303, MU4301
                    [346] => HistoricalConquest\get_row_col_for id=CT4303, 0
                    [347] => HistoricalConquest\get_row_col_for id=CT4303, LE4301
                    [348] => HistoricalConquest\get_row_col_for id=CT4303, 0
                    [349] => HistoricalConquest\get_row_col_for id=CT4303, 0
                    [350] => HistoricalConquest\get_row_col_for id=CT4303, 0
                    [351] => HistoricalConquest\get_row_col_for id=CT4303, 0
                    [352] => HistoricalConquest\get_row_col_for id=CT4303, 0
                    [353] => HistoricalConquest\get_row_col_for id=CT4303, AR4303
                    [354] => HistoricalConquest\get_row_col_for id=CT4303, 0
                    [355] => HistoricalConquest\get_row_col_for id=CT4303, CO4301
                    [356] => HistoricalConquest\get_row_col_for id=CT4303, DO4301
                    [357] => HistoricalConquest\get_row_col_for id=CT4303, 0
                    [358] => HistoricalConquest\get_row_col_for id=CT4303, 0
                    [359] => HistoricalConquest\get_row_col_for id=CT4303, 0
                    [360] => HistoricalConquest\get_row_col_for id=CT4303, 0
                    [361] => HistoricalConquest\get_row_col_for id=CT4303, EX4303
                    [362] => HistoricalConquest\get_row_col_for id=CT4303, AR4302
                    [363] => HistoricalConquest\get_row_col_for id=CT4303, CT4303
                    [364] => Returning {"row":6,"col":5}
                    [365] => HistoricalConquest\attack_player loser_defs=IN4302=0,LE4301=400,CO4301=1000,DO4301=0,CT4303=0,TE4301=0,CT4302=0
                    [366] => HistoricalConquest\attack_player discardables=IN4302=0,LE4301=400,CO4301=1000
                    [367] => HistoricalConquest\attack_player to_discard=IN4302
                    [368] => discardpile for 2 was was null, initializing
                    [369] => HistoricalConquest\get_player_morale Calculating morale for 519
                    [370] => HistoricalConquest\get_player_morale dams=0
                    [371] => HistoricalConquest\get_player_morale dams=0
                    [372] => HistoricalConquest\get_player_morale dams=0
                    [373] => HistoricalConquest\get_player_morale dams=0
                    [374] => HistoricalConquest\get_player_morale dams=0
                    [375] => HistoricalConquest\get_player_morale dams=0
                    [376] => HistoricalConquest\get_player_morale dams=0
                    [377] => HistoricalConquest\get_player_morale dams=0
                    [378] => HistoricalConquest\get_player_morale dams=0
                    [379] => HistoricalConquest\get_player_morale dams=0
                    [380] => HistoricalConquest\get_player_morale dams=0
                    [381] => HistoricalConquest\get_player_morale dams=0
                    [382] => HistoricalConquest\get_player_morale dams=0
                    [383] => HistoricalConquest\get_player_morale dams=0
                    [384] => HistoricalConquest\get_player_morale dams=0
                    [385] => HistoricalConquest\get_player_morale dams=0
                    [386] => HistoricalConquest\get_player_morale dams=0
                    [387] => HistoricalConquest\get_player_morale dams=0
                    [388] => HistoricalConquest\get_player_morale dams=0
                    [389] => HistoricalConquest\get_player_morale dams=0
                    [390] => HistoricalConquest\get_player_morale dams=0
                    [391] => HistoricalConquest\get_player_morale dams=0
                    [392] => HistoricalConquest\get_player_morale dams=0
                    [393] => HistoricalConquest\get_player_morale dams=0
                    [394] => HistoricalConquest\get_player_morale dams=0
                    [395] => HistoricalConquest\get_player_morale dams=0
                    [396] => HistoricalConquest\get_player_morale dams=0
                    [397] => HistoricalConquest\get_player_morale dams=0
                    [398] => HistoricalConquest\get_player_morale dams=0
                    [399] => HistoricalConquest\get_player_morale dams=0
                    [400] => HistoricalConquest\get_player_morale dams=0
                    [401] => HistoricalConquest\get_player_morale dams=0
                    [402] => HistoricalConquest\get_player_morale dams=0
                    [403] => HistoricalConquest\get_player_morale dams=0
                    [404] => HistoricalConquest\get_player_morale dams=0
                    [405] => HistoricalConquest\get_player_morale dams=0
                    [406] => HistoricalConquest\get_player_morale Abilities present at 4,3 for 519
                    [407] => HistoricalConquest\mat_item_to_ability: SELECT * FROM `hc_card_abilities` WHERE id = 193
                    [408] => HistoricalConquest\mat_item_to_ability: stdClass Object
(
    [id] => 193
    [card_id] => 144
    [created_at] => 2020-08-09 03:11:30
    [updated_at] => 
    [apply_to_type] => 49
    [apply_to_scope] => 44
    [usage_type] => 0
    [ability_type] => 0
    [affects_attribute] => morale
    [affect_amount] => 200
    [apply_to_ext_ids] => 
    [apply_to_card_types] => 
    [ext_ids_present_in_colum] => 
    [custom_function] => 
    [named_function] => 
    [charges] => -1
    [description] => Increase morale by 200.
)

                    [409] => HistoricalConquest\get_player_morale 193 has apply_to_type of APPLY_PLAYER
                    [410] => HistoricalConquest\get_player_morale Adding 200 morale from ability 193
                    [411] => HistoricalConquest\get_player_morale dams=0
                    [412] => HistoricalConquest\get_player_morale dams=0
                    [413] => HistoricalConquest\get_player_morale Abilities present at 4,5 for 519
                    [414] => HistoricalConquest\mat_item_to_ability: SELECT * FROM `hc_card_abilities` WHERE id = 196
                    [415] => HistoricalConquest\mat_item_to_ability: stdClass Object
(
    [id] => 196
    [card_id] => 139
    [created_at] => 2020-08-09 03:15:15
    [updated_at] => 
    [apply_to_type] => 49
    [apply_to_scope] => 44
    [usage_type] => 0
    [ability_type] => 0
    [affects_attribute] => morale
    [affect_amount] => 300
    [apply_to_ext_ids] => 
    [apply_to_card_types] => 
    [ext_ids_present_in_colum] => 
    [custom_function] => 
    [named_function] => 
    [charges] => -1
    [description] => Increase morale by 300.
)

                    [416] => HistoricalConquest\get_player_morale 196 has apply_to_type of APPLY_PLAYER
                    [417] => HistoricalConquest\get_player_morale Adding 300 morale from ability 196
                    [418] => HistoricalConquest\get_player_morale dams=0
                    [419] => HistoricalConquest\get_player_morale dams=0
                    [420] => HistoricalConquest\get_player_morale dams=0
                    [421] => HistoricalConquest\get_player_morale dams=0
                    [422] => HistoricalConquest\get_player_morale dams=0
                    [423] => HistoricalConquest\get_player_morale dams=0
                    [424] => HistoricalConquest\get_player_morale Abilities present at 5,3 for 519
                    [425] => HistoricalConquest\mat_item_to_ability: SELECT * FROM `hc_card_abilities` WHERE id = 204
                    [426] => HistoricalConquest\mat_item_to_ability: stdClass Object
(
    [id] => 204
    [card_id] => 107
    [created_at] => 2020-08-10 01:59:22
    [updated_at] => 
    [apply_to_type] => 49
    [apply_to_scope] => 47
    [usage_type] => 0
    [ability_type] => 0
    [affects_attribute] => strength
    [affect_amount] => 500
    [apply_to_ext_ids] => 
    [apply_to_card_types] => 
    [ext_ids_present_in_colum] => 
    [custom_function] => 
    [named_function] => 
    [charges] => 1
    [description] => Increase strength by 300 on the first attack.
)

                    [427] => HistoricalConquest\get_player_morale 204 does not apply to morale but to strength
                    [428] => HistoricalConquest\get_player_morale dams=0
                    [429] => HistoricalConquest\get_player_morale dams=0
                    [430] => HistoricalConquest\get_player_morale Abilities present at 5,5 for 519
                    [431] => HistoricalConquest\mat_item_to_ability: SELECT * FROM `hc_card_abilities` WHERE id = 207
                    [432] => HistoricalConquest\mat_item_to_ability: stdClass Object
(
    [id] => 207
    [card_id] => 115
    [created_at] => 2020-08-10 02:02:59
    [updated_at] => 
    [apply_to_type] => 49
    [apply_to_scope] => 44
    [usage_type] => 0
    [ability_type] => 0
    [affects_attribute] => strength
    [affect_amount] => 500
    [apply_to_ext_ids] => 
    [apply_to_card_types] => 
    [ext_ids_present_in_colum] => 
    [custom_function] => 
    [named_function] => 
    [charges] => 2
    [description] => Strength increases by 500 for 2 turns.
)

                    [433] => HistoricalConquest\get_player_morale 207 does not apply to morale but to strength
                    [434] => HistoricalConquest\get_player_morale dams=0
                    [435] => HistoricalConquest\get_player_morale Abilities present at 5,6 for 519
                    [436] => HistoricalConquest\mat_item_to_ability: SELECT * FROM `hc_card_abilities` WHERE id = 208
                    [437] => HistoricalConquest\mat_item_to_ability: stdClass Object
(
    [id] => 208
    [card_id] => 124
    [created_at] => 2020-08-10 02:05:18
    [updated_at] => 
    [apply_to_type] => 49
    [apply_to_scope] => 44
    [usage_type] => 0
    [ability_type] => 0
    [affects_attribute] => morale
    [affect_amount] => 200
    [apply_to_ext_ids] => 
    [apply_to_card_types] => 
    [ext_ids_present_in_colum] => 
    [custom_function] => 
    [named_function] => 
    [charges] => -1
    [description] => Increase morale by 200.
)

                    [438] => HistoricalConquest\get_player_morale 208 has apply_to_type of APPLY_PLAYER
                    [439] => HistoricalConquest\get_player_morale Adding 200 morale from ability 208
                    [440] => HistoricalConquest\mat_item_to_ability: SELECT * FROM `hc_card_abilities` WHERE id = 209
                    [441] => HistoricalConquest\mat_item_to_ability: stdClass Object
(
    [id] => 209
    [card_id] => 124
    [created_at] => 2020-08-10 02:05:18
    [updated_at] => 
    [apply_to_type] => 49
    [apply_to_scope] => 44
    [usage_type] => 0
    [ability_type] => 0
    [affects_attribute] => defense
    [affect_amount] => 300
    [apply_to_ext_ids] => 
    [apply_to_card_types] => 
    [ext_ids_present_in_colum] => 
    [custom_function] => 
    [named_function] => 
    [charges] => -1
    [description] => Increase defense by 300.
)

                    [442] => HistoricalConquest\get_player_morale 209 does not apply to morale but to defense
                    [443] => HistoricalConquest\get_player_morale dams=0
                    [444] => HistoricalConquest\get_player_morale dams=0
                    [445] => HistoricalConquest\get_player_morale dams=0
                    [446] => HistoricalConquest\get_player_morale dams=0
                    [447] => HistoricalConquest\get_player_morale dams=0
                    [448] => HistoricalConquest\get_player_morale Abilities present at 6,3 for 519
                    [449] => HistoricalConquest\mat_item_to_ability: SELECT * FROM `hc_card_abilities` WHERE id = 197
                    [450] => HistoricalConquest\mat_item_to_ability: stdClass Object
(
    [id] => 197
    [card_id] => 133
    [created_at] => 2020-08-09 03:17:18
    [updated_at] => 
    [apply_to_type] => 52
    [apply_to_scope] => 44
    [usage_type] => 0
    [ability_type] => 0
    [affects_attribute] => morale
    [affect_amount] => 100
    [apply_to_ext_ids] => 
    [apply_to_card_types] => *NORTH_AMERICA
    [ext_ids_present_in_colum] => 
    [custom_function] => 
    [named_function] => 
    [charges] => -1
    [description] => Increase morale by 100 if in North America.
)

                    [451] => HistoricalConquest\get_player_morale 197 has apply_to_type of APPLY_CARD_IN_SAME_COLUMN
                    [452] => HistoricalConquest\can_apply_card_in_same_column p=519 a=197 c=104 CARD_CHARACTER_ACTIVIST,CARD_LAND,CARD_LAND,CARD_LAND,CARD_LAND,FEMALE 197 does not apply to [["*NORTH_AMERICA"]]
                    [453] => HistoricalConquest\can_apply_card_in_same_column p=519 a=197 c=144 CARD_CHARACTER_MUSICIAN,CARD_LAND,RELIGION_CATHOLIC,ETH_WHITE,CARD_LAND,MALE 197 does not apply to [["*NORTH_AMERICA"]]
                    [454] => HistoricalConquest\can_apply_card_in_same_column p=519 a=197 c=107 CARD_ARMY,CARD_LAND,CARD_LAND,ETH_BLACK,CARD_LAND,MALE 197 does not apply to [["*NORTH_AMERICA"]]
                    [455] => HistoricalConquest\can_apply_card_in_same_column p=519 a=197 c=133 CARD_CHARACTER_EXPLORER_SEA,CARD_LAND,RELIGION_CATHOLIC,ETH_WHITE,CARD_LAND,MALE 197 does not apply to [["*NORTH_AMERICA"]]
                    [456] => HistoricalConquest\can_apply_card_in_same_column p=519 a=197 c=120 CARD_LAND,CARD_LAND,CARD_LAND,CARD_LAND,CONTINENT_ASIA,MALE 197 does not apply to [["*NORTH_AMERICA"]]
                    [457] => HistoricalConquest\mat_item_to_ability: SELECT * FROM `hc_card_abilities` WHERE id = 198
                    [458] => HistoricalConquest\mat_item_to_ability: stdClass Object
(
    [id] => 198
    [card_id] => 133
    [created_at] => 2020-08-09 03:17:18
    [updated_at] => 
    [apply_to_type] => 52
    [apply_to_scope] => 44
    [usage_type] => 0
    [ability_type] => 0
    [affects_attribute] => morale
    [affect_amount] => 200
    [apply_to_ext_ids] => 
    [apply_to_card_types] => *ASIA
    [ext_ids_present_in_colum] => 
    [custom_function] => 
    [named_function] => 
    [charges] => -1
    [description] => Increase morale by 200 if in Asia.
)

                    [459] => HistoricalConquest\get_player_morale 198 has apply_to_type of APPLY_CARD_IN_SAME_COLUMN
                    [460] => HistoricalConquest\can_apply_card_in_same_column p=519 a=198 c=104 CARD_CHARACTER_ACTIVIST,CARD_LAND,CARD_LAND,CARD_LAND,CARD_LAND,FEMALE 198 does not apply to [["*ASIA"]]
                    [461] => HistoricalConquest\can_apply_card_in_same_column p=519 a=198 c=144 CARD_CHARACTER_MUSICIAN,CARD_LAND,RELIGION_CATHOLIC,ETH_WHITE,CARD_LAND,MALE 198 does not apply to [["*ASIA"]]
                    [462] => HistoricalConquest\can_apply_card_in_same_column p=519 a=198 c=107 CARD_ARMY,CARD_LAND,CARD_LAND,ETH_BLACK,CARD_LAND,MALE 198 does not apply to [["*ASIA"]]
                    [463] => HistoricalConquest\can_apply_card_in_same_column p=519 a=198 c=133 CARD_CHARACTER_EXPLORER_SEA,CARD_LAND,RELIGION_CATHOLIC,ETH_WHITE,CARD_LAND,MALE 198 does not apply to [["*ASIA"]]
                    [464] => HistoricalConquest\can_apply_card_in_same_columnp=519 a=198 applies
                    [465] => HistoricalConquest\get_player_morale Adding 200 morale from ability 198
                    [466] => HistoricalConquest\get_player_morale dams=0
                    [467] => HistoricalConquest\get_player_morale dams=Array (     [0] => Array         (             [0] => morale             [1] => -100         )  ) 
                    [468] => HistoricalConquest\get_player_morale Damage to morale -100
                    [469] => HistoricalConquest\get_player_morale dams=0
                    [470] => HistoricalConquest\get_player_morale Abilities present at 6,6 for 519
                    [471] => HistoricalConquest\mat_item_to_ability: SELECT * FROM `hc_card_abilities` WHERE id = 211
                    [472] => HistoricalConquest\mat_item_to_ability: stdClass Object
(
    [id] => 211
    [card_id] => 151
    [created_at] => 2020-08-10 02:06:45
    [updated_at] => 
    [apply_to_type] => 49
    [apply_to_scope] => 44
    [usage_type] => 0
    [ability_type] => 0
    [affects_attribute] => defense
    [affect_amount] => 200
    [apply_to_ext_ids] => 
    [apply_to_card_types] => 
    [ext_ids_present_in_colum] => 
    [custom_function] => 
    [named_function] => 
    [charges] => -1
    [description] => Increase strength by 200.
)

                    [473] => HistoricalConquest\get_player_morale 211 does not apply to morale but to defense
                    [474] => HistoricalConquest\get_player_morale dams=0
                    [475] => HistoricalConquest\get_player_morale dams=0
                    [476] => HistoricalConquest\get_player_morale dams=0
                    [477] => HistoricalConquest\get_player_morale dams=0
                    [478] => HistoricalConquest\get_player_morale dams=0
                    [479] => HistoricalConquest\get_player_morale dams=0
                    [480] => HistoricalConquest\get_player_morale dams=0
                    [481] => HistoricalConquest\get_player_morale dams=0
                    [482] => HistoricalConquest\get_player_morale dams=0
                    [483] => HistoricalConquest\get_player_morale Calculating morale for 520
                    [484] => HistoricalConquest\get_player_morale dams=0
                    [485] => HistoricalConquest\get_player_morale dams=0
                    [486] => HistoricalConquest\get_player_morale dams=0
                    [487] => HistoricalConquest\get_player_morale dams=0
                    [488] => HistoricalConquest\get_player_morale dams=0
                    [489] => HistoricalConquest\get_player_morale dams=0
                    [490] => HistoricalConquest\get_player_morale dams=0
                    [491] => HistoricalConquest\get_player_morale dams=0
                    [492] => HistoricalConquest\get_player_morale dams=0
                    [493] => HistoricalConquest\get_player_morale dams=0
                    [494] => HistoricalConquest\get_player_morale dams=0
                    [495] => HistoricalConquest\get_player_morale dams=0
                    [496] => HistoricalConquest\get_player_morale dams=0
                    [497] => HistoricalConquest\get_player_morale dams=0
                    [498] => HistoricalConquest\get_player_morale dams=0
                    [499] => HistoricalConquest\get_player_morale dams=0
                    [500] => HistoricalConquest\get_player_morale dams=0
                    [501] => HistoricalConquest\get_player_morale dams=0
                    [502] => HistoricalConquest\get_player_morale dams=0
                    [503] => HistoricalConquest\get_player_morale dams=0
                    [504] => HistoricalConquest\get_player_morale dams=0
                    [505] => HistoricalConquest\get_player_morale dams=0
                    [506] => HistoricalConquest\get_player_morale dams=0
                    [507] => HistoricalConquest\get_player_morale dams=0
                    [508] => HistoricalConquest\get_player_morale dams=0
                    [509] => HistoricalConquest\get_player_morale dams=0
                    [510] => HistoricalConquest\get_player_morale dams=0
                    [511] => HistoricalConquest\get_player_morale Abilities present at 3,2 for 520
                    [512] => HistoricalConquest\mat_item_to_ability: SELECT * FROM `hc_card_abilities` WHERE id = 126
                    [513] => HistoricalConquest\mat_item_to_ability: stdClass Object
(
    [id] => 126
    [card_id] => 57
    [created_at] => 2020-08-06 02:36:26
    [updated_at] => 
    [apply_to_type] => 52
    [apply_to_scope] => 44
    [usage_type] => 0
    [ability_type] => 0
    [affects_attribute] => defense
    [affect_amount] => 1000
    [apply_to_ext_ids] => 
    [apply_to_card_types] => *HISPANIC & *LEADER
    [ext_ids_present_in_colum] => 
    [custom_function] => 
    [named_function] => 
    [charges] => -1
    [description] => If the Spanish Armada  is defending an Hispanic Leader, increase defense by 1,000.
)

                    [514] => HistoricalConquest\get_player_morale 126 does not apply to morale but to defense
                    [515] => HistoricalConquest\mat_item_to_ability: SELECT * FROM `hc_card_abilities` WHERE id = 127
                    [516] => HistoricalConquest\mat_item_to_ability: stdClass Object
(
    [id] => 127
    [card_id] => 57
    [created_at] => 2020-08-06 02:36:26
    [updated_at] => 
    [apply_to_type] => 52
    [apply_to_scope] => 44
    [usage_type] => 0
    [ability_type] => 0
    [affects_attribute] => defense
    [affect_amount] => -500
    [apply_to_ext_ids] => 
    [apply_to_card_types] => *HISPANIC & *LEADER
    [ext_ids_present_in_colum] => 
    [custom_function] => 
    [named_function] => 
    [charges] => -1
    [description] => If the Spanish Armada  is defending an Hispanic Leader, decrease attack by 500.
)

                    [517] => HistoricalConquest\get_player_morale 127 does not apply to morale but to defense
                    [518] => HistoricalConquest\get_player_morale dams=0
                    [519] => HistoricalConquest\get_player_morale dams=0
                    [520] => HistoricalConquest\get_player_morale dams=0
                    [521] => HistoricalConquest\get_player_morale dams=0
                    [522] => HistoricalConquest\get_player_morale dams=0
                    [523] => HistoricalConquest\get_player_morale dams=0
                    [524] => HistoricalConquest\get_player_morale dams=0
                    [525] => HistoricalConquest\get_player_morale dams=0
                    [526] => HistoricalConquest\get_player_morale Abilities present at 4,2 for 520
                    [527] => HistoricalConquest\mat_item_to_ability: SELECT * FROM `hc_card_abilities` WHERE id = 137
                    [528] => HistoricalConquest\mat_item_to_ability: stdClass Object
(
    [id] => 137
    [card_id] => 93
    [created_at] => 2020-08-06 02:49:18
    [updated_at] => 
    [apply_to_type] => 49
    [apply_to_scope] => 44
    [usage_type] => 0
    [ability_type] => 0
    [affects_attribute] => morale
    [affect_amount] => 300
    [apply_to_ext_ids] => 
    [apply_to_card_types] => 
    [ext_ids_present_in_colum] => 
    [custom_function] => 
    [named_function] => 
    [charges] => -1
    [description] => Increase morale by 300.
)

                    [529] => HistoricalConquest\get_player_morale 137 has apply_to_type of APPLY_PLAYER
                    [530] => HistoricalConquest\get_player_morale Adding 300 morale from ability 137
                    [531] => HistoricalConquest\get_player_morale dams=0
                    [532] => HistoricalConquest\get_player_morale Abilities present at 4,3 for 520
                    [533] => HistoricalConquest\mat_item_to_ability: SELECT * FROM `hc_card_abilities` WHERE id = 205
                    [534] => HistoricalConquest\mat_item_to_ability: stdClass Object
(
    [id] => 205
    [card_id] => 108
    [created_at] => 2020-08-10 02:00:26
    [updated_at] => 
    [apply_to_type] => 52
    [apply_to_scope] => 44
    [usage_type] => 0
    [ability_type] => 0
    [affects_attribute] => strength
    [affect_amount] => 500
    [apply_to_ext_ids] => 
    [apply_to_card_types] => *ASIA
    [ext_ids_present_in_colum] => 
    [custom_function] => 
    [named_function] => 
    [charges] => -1
    [description] => Increase strength by 500 when in an Asian land.
)

                    [535] => HistoricalConquest\get_player_morale 205 does not apply to morale but to strength
                    [536] => HistoricalConquest\get_player_morale dams=0
                    [537] => HistoricalConquest\get_player_morale Abilities present at 4,4 for 520
                    [538] => HistoricalConquest\mat_item_to_ability: SELECT * FROM `hc_card_abilities` WHERE id = 158
                    [539] => HistoricalConquest\mat_item_to_ability: stdClass Object
(
    [id] => 158
    [card_id] => 88
    [created_at] => 2020-08-06 18:44:22
    [updated_at] => 
    [apply_to_type] => 49
    [apply_to_scope] => 44
    [usage_type] => 0
    [ability_type] => 0
    [affects_attribute] => morale
    [affect_amount] => 100
    [apply_to_ext_ids] => 
    [apply_to_card_types] => 
    [ext_ids_present_in_colum] => 
    [custom_function] => 
    [named_function] => 
    [charges] => -1
    [description] => Increase morale by 100.
)

                    [540] => HistoricalConquest\get_player_morale 158 has apply_to_type of APPLY_PLAYER
                    [541] => HistoricalConquest\get_player_morale Adding 100 morale from ability 158
                    [542] => HistoricalConquest\mat_item_to_ability: SELECT * FROM `hc_card_abilities` WHERE id = 159
                    [543] => HistoricalConquest\mat_item_to_ability: stdClass Object
(
    [id] => 159
    [card_id] => 88
    [created_at] => 2020-08-06 18:44:22
    [updated_at] => 
    [apply_to_type] => 55
    [apply_to_scope] => 44
    [usage_type] => 0
    [ability_type] => 0
    [affects_attribute] => strength
    [affect_amount] => 2
    [apply_to_ext_ids] => 
    [apply_to_card_types] => *FEMALE & *LEADER
    [ext_ids_present_in_colum] => 
    [custom_function] => 
    [named_function] => multiply_card_abilities
    [charges] => -1
    [description] => Double the strength of all female leaders in your civilization.
)

                    [544] => HistoricalConquest\get_player_morale 159 does not apply to morale but to strength
                    [545] => HistoricalConquest\get_player_morale dams=0
                    [546] => HistoricalConquest\get_player_morale dams=0
                    [547] => HistoricalConquest\get_player_morale dams=0
                    [548] => HistoricalConquest\get_player_morale dams=0
                    [549] => HistoricalConquest\get_player_morale dams=0
                    [550] => HistoricalConquest\get_player_morale dams=0
                    [551] => HistoricalConquest\get_player_morale Abilities present at 5,2 for 520
                    [552] => HistoricalConquest\mat_item_to_ability: SELECT * FROM `hc_card_abilities` WHERE id = 160
                    [553] => HistoricalConquest\mat_item_to_ability: stdClass Object
(
    [id] => 160
    [card_id] => 86
    [created_at] => 2020-08-06 18:44:50
    [updated_at] => 
    [apply_to_type] => 49
    [apply_to_scope] => 44
    [usage_type] => 0
    [ability_type] => 0
    [affects_attribute] => morale
    [affect_amount] => 300
    [apply_to_ext_ids] => 
    [apply_to_card_types] => 
    [ext_ids_present_in_colum] => 
    [custom_function] => 
    [named_function] => 
    [charges] => -1
    [description] => Increase morale by 300 points.
)

                    [554] => HistoricalConquest\get_player_morale 160 has apply_to_type of APPLY_PLAYER
                    [555] => HistoricalConquest\get_player_morale Adding 300 morale from ability 160
                    [556] => HistoricalConquest\get_player_morale dams=0
                    [557] => HistoricalConquest\get_player_morale dams=0
                    [558] => HistoricalConquest\get_player_morale Abilities present at 5,4 for 520
                    [559] => HistoricalConquest\mat_item_to_ability: SELECT * FROM `hc_card_abilities` WHERE id = 124
                    [560] => HistoricalConquest\mat_item_to_ability: stdClass Object
(
    [id] => 124
    [card_id] => 54
    [created_at] => 2020-08-06 02:32:17
    [updated_at] => 
    [apply_to_type] => 52
    [apply_to_scope] => 44
    [usage_type] => 0
    [ability_type] => 0
    [affects_attribute] => strength
    [affect_amount] => 1000
    [apply_to_ext_ids] => 
    [apply_to_card_types] => *AFRICA
    [ext_ids_present_in_colum] => 
    [custom_function] => 
    [named_function] => 
    [charges] => -1
    [description] => Increase strength by 1,000 if in Africa.
)

                    [561] => HistoricalConquest\get_player_morale 124 does not apply to morale but to strength
                    [562] => HistoricalConquest\get_player_morale dams=0
                    [563] => HistoricalConquest\get_player_morale Abilities present at 5,5 for 520
                    [564] => HistoricalConquest\mat_item_to_ability: SELECT * FROM `hc_card_abilities` WHERE id = 136
                    [565] => HistoricalConquest\mat_item_to_ability: stdClass Object
(
    [id] => 136
    [card_id] => 90
    [created_at] => 2020-08-06 02:48:55
    [updated_at] => 
    [apply_to_type] => 52
    [apply_to_scope] => 44
    [usage_type] => 0
    [ability_type] => 0
    [affects_attribute] => strength
    [affect_amount] => 500
    [apply_to_ext_ids] => 
    [apply_to_card_types] => *CONQUEROR
    [ext_ids_present_in_colum] => 
    [custom_function] => 
    [named_function] => 
    [charges] => -1
    [description] => Increase strength by 500 in a land with a conqueror.
)

                    [566] => HistoricalConquest\get_player_morale 136 does not apply to morale but to strength
                    [567] => HistoricalConquest\get_player_morale dams=0
                    [568] => HistoricalConquest\get_player_morale Abilities present at 5,6 for 520
                    [569] => HistoricalConquest\mat_item_to_ability: SELECT * FROM `hc_card_abilities` WHERE id = 133
                    [570] => HistoricalConquest\mat_item_to_ability: stdClass Object
(
    [id] => 133
    [card_id] => 77
    [created_at] => 2020-08-06 02:44:33
    [updated_at] => 
    [apply_to_type] => 52
    [apply_to_scope] => 45
    [usage_type] => 64
    [ability_type] => 66
    [affects_attribute] => attack
    [affect_amount] => 1600
    [apply_to_ext_ids] => 
    [apply_to_card_types] => *SPIRITUAL_LEADER
    [ext_ids_present_in_colum] => 
    [custom_function] => 
    [named_function] => 
    [charges] => -1
    [description] => Increase attack by 1,600 for any spiritual leader.
)

                    [571] => HistoricalConquest\get_player_morale 133 does not apply to morale but to attack
                    [572] => HistoricalConquest\mat_item_to_ability: SELECT * FROM `hc_card_abilities` WHERE id = 134
                    [573] => HistoricalConquest\mat_item_to_ability: stdClass Object
(
    [id] => 134
    [card_id] => 77
    [created_at] => 2020-08-06 02:44:33
    [updated_at] => 
    [apply_to_type] => 52
    [apply_to_scope] => 45
    [usage_type] => 64
    [ability_type] => 66
    [affects_attribute] => defense
    [affect_amount] => 1600
    [apply_to_ext_ids] => 
    [apply_to_card_types] => *SPIRITUAL_LEADER
    [ext_ids_present_in_colum] => 
    [custom_function] => 
    [named_function] => 
    [charges] => -1
    [description] => Increase attack by 1,600 for any spiritual leader.
)

                    [574] => HistoricalConquest\get_player_morale 134 does not apply to morale but to defense
                    [575] => HistoricalConquest\get_player_morale dams=0
                    [576] => HistoricalConquest\get_player_morale dams=0
                    [577] => HistoricalConquest\get_player_morale dams=0
                    [578] => HistoricalConquest\get_player_morale dams=0
                    [579] => HistoricalConquest\get_player_morale Abilities present at 6,2 for 520
                    [580] => HistoricalConquest\mat_item_to_ability: SELECT * FROM `hc_card_abilities` WHERE id = 162
                    [581] => HistoricalConquest\mat_item_to_ability: stdClass Object
(
    [id] => 162
    [card_id] => 81
    [created_at] => 2020-08-06 18:48:10
    [updated_at] => 
    [apply_to_type] => 49
    [apply_to_scope] => 45
    [usage_type] => 98
    [ability_type] => 65
    [affects_attribute] => morale
    [affect_amount] => 300
    [apply_to_ext_ids] => 
    [apply_to_card_types] => 
    [ext_ids_present_in_colum] => 
    [custom_function] => 
    [named_function] => 
    [charges] => -1
    [description] => Increase morale by 300. If you\'re about to lose a land, move any one character to another land.
)

                    [582] => HistoricalConquest\get_player_morale 162 has apply_to_type of APPLY_PLAYER
                    [583] => HistoricalConquest\get_player_morale Adding 300 morale from ability 162
                    [584] => HistoricalConquest\get_player_morale dams=0
                    [585] => HistoricalConquest\get_player_morale Abilities present at 6,3 for 520
                    [586] => HistoricalConquest\mat_item_to_ability: SELECT * FROM `hc_card_abilities` WHERE id = 154
                    [587] => HistoricalConquest\mat_item_to_ability: stdClass Object
(
    [id] => 154
    [card_id] => 64
    [created_at] => 2020-08-06 18:40:10
    [updated_at] => 
    [apply_to_type] => 54
    [apply_to_scope] => 47
    [usage_type] => 0
    [ability_type] => 0
    [affects_attribute] => strength
    [affect_amount] => 2
    [apply_to_ext_ids] => 
    [apply_to_card_types] => 
    [ext_ids_present_in_colum] => 
    [custom_function] => 
    [named_function] => 
    [charges] => 1
    [description] => Double lands combined strength.
)

                    [588] => HistoricalConquest\get_player_morale 154 does not apply to morale but to strength
                    [589] => HistoricalConquest\get_player_morale dams=0
                    [590] => HistoricalConquest\get_player_morale Abilities present at 6,4 for 520
                    [591] => HistoricalConquest\mat_item_to_ability: SELECT * FROM `hc_card_abilities` WHERE id = 156
                    [592] => HistoricalConquest\mat_item_to_ability: stdClass Object
(
    [id] => 156
    [card_id] => 84
    [created_at] => 2020-08-06 18:43:03
    [updated_at] => 
    [apply_to_type] => 49
    [apply_to_scope] => 44
    [usage_type] => 0
    [ability_type] => 0
    [affects_attribute] => morale
    [affect_amount] => 200
    [apply_to_ext_ids] => 
    [apply_to_card_types] => *AFRICA
    [ext_ids_present_in_colum] => 
    [custom_function] => 
    [named_function] => 
    [charges] => -1
    [description] => Increase morale by 200 points if in Africa.
)

                    [593] => HistoricalConquest\get_player_morale 156 has apply_to_type of APPLY_PLAYER
                    [594] => HistoricalConquest\get_player_morale Adding 200 morale from ability 156
                    [595] => HistoricalConquest\mat_item_to_ability: SELECT * FROM `hc_card_abilities` WHERE id = 157
                    [596] => HistoricalConquest\mat_item_to_ability: stdClass Object
(
    [id] => 157
    [card_id] => 84
    [created_at] => 2020-08-06 18:43:03
    [updated_at] => 
    [apply_to_type] => 52
    [apply_to_scope] => 44
    [usage_type] => 0
    [ability_type] => 0
    [affects_attribute] => strength
    [affect_amount] => 200
    [apply_to_ext_ids] => 
    [apply_to_card_types] => *AFRICA
    [ext_ids_present_in_colum] => 
    [custom_function] => 
    [named_function] => 
    [charges] => -1
    [description] => Increase strength by 200 points if in Africa.
)

                    [597] => HistoricalConquest\get_player_morale 157 does not apply to morale but to strength
                    [598] => HistoricalConquest\get_player_morale dams=0
                    [599] => HistoricalConquest\get_player_morale dams=0
                    [600] => HistoricalConquest\get_player_morale Abilities present at 6,6 for 520
                    [601] => HistoricalConquest\mat_item_to_ability: SELECT * FROM `hc_card_abilities` WHERE id = 153
                    [602] => HistoricalConquest\mat_item_to_ability: stdClass Object
(
    [id] => 153
    [card_id] => 87
    [created_at] => 2020-08-06 18:38:53
    [updated_at] => 
    [apply_to_type] => 49
    [apply_to_scope] => 44
    [usage_type] => 0
    [ability_type] => 0
    [affects_attribute] => morale
    [affect_amount] => 300
    [apply_to_ext_ids] => 
    [apply_to_card_types] => 
    [ext_ids_present_in_colum] => 
    [custom_function] => 
    [named_function] => 
    [charges] => -1
    [description] => Increase morale by 300.
)

                    [603] => HistoricalConquest\get_player_morale 153 has apply_to_type of APPLY_PLAYER
                    [604] => HistoricalConquest\get_player_morale Adding 300 morale from ability 153
                    [605] => HistoricalConquest\get_player_morale dams=0
                    [606] => HistoricalConquest\get_player_morale dams=0
                    [607] => HistoricalConquest\get_player_morale dams=0
                    [608] => HistoricalConquest\get_player_morale dams=0
                    [609] => HistoricalConquest\get_player_morale dams=0
                    [610] => HistoricalConquest\get_player_morale dams=0
                    [611] => HistoricalConquest\get_player_morale Abilities present at 7,4 for 520
                    [612] => HistoricalConquest\mat_item_to_ability: SELECT * FROM `hc_card_abilities` WHERE id = 165
                    [613] => HistoricalConquest\mat_item_to_ability: stdClass Object
(
    [id] => 165
    [card_id] => 70
    [created_at] => 2020-08-06 18:52:46
    [updated_at] => 
    [apply_to_type] => 52
    [apply_to_scope] => 44
    [usage_type] => 0
    [ability_type] => 0
    [affects_attribute] => strength
    [affect_amount] => 500
    [apply_to_ext_ids] => 
    [apply_to_card_types] => *SPIRITUAL_LEADER & *MUSLIM
    [ext_ids_present_in_colum] => 
    [custom_function] => 
    [named_function] => 
    [charges] => -1
    [description] => Increase strength by 500 if Islamic Spiritual Leader present.
)

                    [614] => HistoricalConquest\get_player_morale 165 does not apply to morale but to strength
                    [615] => HistoricalConquest\mat_item_to_ability: SELECT * FROM `hc_card_abilities` WHERE id = 166
                    [616] => HistoricalConquest\mat_item_to_ability: stdClass Object
(
    [id] => 166
    [card_id] => 70
    [created_at] => 2020-08-06 18:52:46
    [updated_at] => 
    [apply_to_type] => 52
    [apply_to_scope] => 44
    [usage_type] => 0
    [ability_type] => 0
    [affects_attribute] => morale
    [affect_amount] => 500
    [apply_to_ext_ids] => 
    [apply_to_card_types] => *SPIRITUAL_LEADER & *MUSLIM
    [ext_ids_present_in_colum] => 
    [custom_function] => 
    [named_function] => 
    [charges] => 0
    [description] => Increase morale by 500 if Islamic Spiritual Leader present.
)

                    [617] => HistoricalConquest\get_player_morale 166 has apply_to_type of APPLY_CARD_IN_SAME_COLUMN
                    [618] => HistoricalConquest\can_apply_card_in_same_column p=520 a=166 c=88 CARD_CHARACTER_LEADER,CARD_LAND,CARD_LAND,CARD_LAND,CARD_LAND,MALE 166 does not apply to [["*SPIRITUAL_LEADER "," *MUSLIM"]]
                    [619] => HistoricalConquest\can_apply_card_in_same_column p=520 a=166 c=54 CARD_ARMY,CARD_LAND,CARD_LAND,CARD_LAND,CARD_LAND,MALE 166 does not apply to [["*SPIRITUAL_LEADER "," *MUSLIM"]]
                    [620] => HistoricalConquest\can_apply_card_in_same_column p=520 a=166 c=84 CARD_CHARACTER_EXPLORER_LAND,CARD_LAND,CARD_LAND,CARD_LAND,CARD_LAND,MALE 166 does not apply to [["*SPIRITUAL_LEADER "," *MUSLIM"]]
                    [621] => HistoricalConquest\can_apply_card_in_same_column p=520 a=166 c=70 CARD_LAND,CARD_LAND,RELIGION_MUSLIM,CARD_LAND,CONTINENT_AFRICA,MALE 166 does not apply to [["*SPIRITUAL_LEADER "," *MUSLIM"]]
                    [622] => HistoricalConquest\get_player_morale dams=0
                    [623] => HistoricalConquest\get_player_morale Abilities present at 7,5 for 520
                    [624] => HistoricalConquest\mat_item_to_ability: SELECT * FROM `hc_card_abilities` WHERE id = 163
                    [625] => HistoricalConquest\mat_item_to_ability: stdClass Object
(
    [id] => 163
    [card_id] => 72
    [created_at] => 2020-08-06 18:50:31
    [updated_at] => 
    [apply_to_type] => 52
    [apply_to_scope] => 44
    [usage_type] => 0
    [ability_type] => 0
    [affects_attribute] => morale
    [affect_amount] => 300
    [apply_to_ext_ids] => EX4403
    [apply_to_card_types] => 
    [ext_ids_present_in_colum] => 
    [custom_function] => 
    [named_function] => 
    [charges] => -1
    [description] => Increase morale by 300.
)

                    [626] => HistoricalConquest\get_player_morale 163 has apply_to_type of APPLY_CARD_IN_SAME_COLUMN
                    [627] => HistoricalConquest\mat_item_to_ability: SELECT * FROM `hc_card_abilities` WHERE id = 164
                    [628] => HistoricalConquest\mat_item_to_ability: stdClass Object
(
    [id] => 164
    [card_id] => 72
    [created_at] => 2020-08-06 18:50:31
    [updated_at] => 
    [apply_to_type] => 52
    [apply_to_scope] => 44
    [usage_type] => 0
    [ability_type] => 0
    [affects_attribute] => strength
    [affect_amount] => 500
    [apply_to_ext_ids] => EX4403
    [apply_to_card_types] => 
    [ext_ids_present_in_colum] => 
    [custom_function] => 
    [named_function] => 
    [charges] => -1
    [description] => Increase strength by 500.
)

                    [629] => HistoricalConquest\get_player_morale 164 does not apply to morale but to strength
                    [630] => HistoricalConquest\get_player_morale dams=0
                    [631] => HistoricalConquest\get_player_morale dams=0
                )

        )

    [log] => * Hostname localhost was found in DNS cache
*   Trying ::1...
* TCP_NODELAY set
* connect to ::1 port 80 failed: Connection refused
*   Trying 127.0.0.1...
* TCP_NODELAY set
* Connected to localhost (127.0.0.1) port 80 (#0)
> POST /wp-admin/admin-ajax.php HTTP/1.1
Host: localhost
Accept: */*
Accept-Encoding: deflate, gzip
User-Agent: Mozilla/5.0 (X11; Linux x86_64; rv:33.0) Gecko/20100101 Firefox/33.0
Referer: http://localtest
Content-Length: 884
Expect: 100-continue
Content-Type: multipart/form-data; boundary=------------------------a057a354df81f67d

< HTTP/1.1 100 Continue
< HTTP/1.1 200 OK
< Server: nginx/1.10.3
< Date: Thu, 10 Dec 2020 13:32:04 GMT
< Content-Type: application/json
< Transfer-Encoding: chunked
< Connection: keep-alive
< X-Robots-Tag: noindex
< X-Content-Type-Options: nosniff
< Expires: Wed, 11 Jan 1984 05:00:00 GMT
< Cache-Control: no-cache, must-revalidate, max-age=0
< X-Frame-Options: SAMEORIGIN
< Referrer-Policy: strict-origin-when-cross-origin
< 
* Curl_http_done: called premature == 0
* Connection #0 to host localhost left intact

)

